2026-03-21 16:37:30 | INFO     | 10_comparatives | ============================================================
2026-03-21 16:37:30 | INFO     | 10_comparatives | PHASE 5C: COMPARATIVE DEBIASING STUDIES
2026-03-21 16:37:30 | INFO     | 10_comparatives | ============================================================
2026-03-21 16:37:30 | INFO     | 10_comparatives | 
Enabled models (1):
2026-03-21 16:37:30 | INFO     | 10_comparatives |   ✓ muril (encoder)
2026-03-21 16:37:30 | INFO     | 10_comparatives | 
Enabled methods (1):
2026-03-21 16:37:30 | INFO     | 10_comparatives |   ✓ C1: CDA [11] Zmigrod et al. (2019)
2026-03-21 16:37:30 | INFO     | 10_comparatives | 
============================================================
2026-03-21 16:37:30 | INFO     | 10_comparatives | MODEL: muril (encoder) | SEED: 42
2026-03-21 16:37:30 | INFO     | 10_comparatives | ============================================================
2026-03-21 16:37:30 | INFO     | 10_comparatives | 
--- C1: CDA [11] Zmigrod et al. (2019) ---
2026-03-21 16:39:28 | INFO     | 10_comparatives |   ✓ c1_cda complete for muril/seed42
2026-03-21 16:39:28 | INFO     | 10_comparatives | 
============================================================
2026-03-21 16:39:28 | INFO     | 10_comparatives | MODEL: muril (encoder) | SEED: 123
2026-03-21 16:39:28 | INFO     | 10_comparatives | ============================================================
2026-03-21 16:39:28 | INFO     | 10_comparatives | 
--- C1: CDA [11] Zmigrod et al. (2019) ---
2026-03-21 16:42:26 | INFO     | 10_comparatives |   ✓ c1_cda complete for muril/seed123
2026-03-21 16:42:26 | INFO     | 10_comparatives | 
============================================================
2026-03-21 16:42:26 | INFO     | 10_comparatives | MODEL: muril (encoder) | SEED: 456
2026-03-21 16:42:26 | INFO     | 10_comparatives | ============================================================
2026-03-21 16:42:26 | INFO     | 10_comparatives | 
--- C1: CDA [11] Zmigrod et al. (2019) ---
2026-03-21 16:47:00 | INFO     | 10_comparatives |   ✓ c1_cda complete for muril/seed456
2026-03-21 16:47:00 | INFO     | 10_comparatives | 
============================================================
2026-03-21 16:47:00 | INFO     | 10_comparatives | COMPARATIVE STUDIES SUMMARY
2026-03-21 16:47:00 | INFO     | 10_comparatives | ============================================================
2026-03-21 16:47:00 | INFO     | 10_comparatives |   Completed: 3 runs
2026-03-21 16:47:00 | INFO     | 10_comparatives |   Skipped/Failed: 0 runs
2026-03-21 16:47:00 | INFO     | 10_comparatives | 
Next: python scripts/11_comparative_asymmetry.py
