2026-03-21 16:36:30 | INFO     | 10_comparatives | ============================================================
2026-03-21 16:36:30 | INFO     | 10_comparatives | PHASE 5C: COMPARATIVE DEBIASING STUDIES
2026-03-21 16:36:30 | INFO     | 10_comparatives | ============================================================
2026-03-21 16:36:30 | INFO     | 10_comparatives | 
Enabled models (1):
2026-03-21 16:36:30 | INFO     | 10_comparatives |   ✓ gemma-3-4b-it (causal)
2026-03-21 16:36:30 | INFO     | 10_comparatives | 
Enabled methods (1):
2026-03-21 16:36:30 | INFO     | 10_comparatives |   ✓ C1: CDA [11] Zmigrod et al. (2019)
2026-03-21 16:36:30 | INFO     | 10_comparatives | 
============================================================
2026-03-21 16:36:30 | INFO     | 10_comparatives | MODEL: gemma-3-4b-it (causal) | SEED: 42
2026-03-21 16:36:30 | INFO     | 10_comparatives | ============================================================
2026-03-21 16:36:30 | INFO     | 10_comparatives | 
--- C1: CDA [11] Zmigrod et al. (2019) ---
2026-03-21 16:38:35 | INFO     | 10_comparatives |   ✓ c1_cda complete for gemma-3-4b-it/seed42
2026-03-21 16:38:35 | INFO     | 10_comparatives | 
============================================================
2026-03-21 16:38:35 | INFO     | 10_comparatives | MODEL: gemma-3-4b-it (causal) | SEED: 123
2026-03-21 16:38:35 | INFO     | 10_comparatives | ============================================================
2026-03-21 16:38:35 | INFO     | 10_comparatives | 
--- C1: CDA [11] Zmigrod et al. (2019) ---
2026-03-21 16:45:31 | INFO     | 10_comparatives |   ✓ c1_cda complete for gemma-3-4b-it/seed123
2026-03-21 16:45:31 | INFO     | 10_comparatives | 
============================================================
2026-03-21 16:45:31 | INFO     | 10_comparatives | MODEL: gemma-3-4b-it (causal) | SEED: 456
2026-03-21 16:45:31 | INFO     | 10_comparatives | ============================================================
2026-03-21 16:45:31 | INFO     | 10_comparatives | 
--- C1: CDA [11] Zmigrod et al. (2019) ---
2026-03-21 16:47:30 | INFO     | 10_comparatives |   ✓ c1_cda complete for gemma-3-4b-it/seed456
2026-03-21 16:47:30 | INFO     | 10_comparatives | 
============================================================
2026-03-21 16:47:30 | INFO     | 10_comparatives | COMPARATIVE STUDIES SUMMARY
2026-03-21 16:47:30 | INFO     | 10_comparatives | ============================================================
2026-03-21 16:47:30 | INFO     | 10_comparatives |   Completed: 3 runs
2026-03-21 16:47:30 | INFO     | 10_comparatives |   Skipped/Failed: 0 runs
2026-03-21 16:47:30 | INFO     | 10_comparatives | 
Next: python scripts/11_comparative_asymmetry.py
