2026-03-21 16:36:29 | INFO     | src.models.loader | Flash Attention 2 detected (v2.8.3)
2026-03-21 16:36:30 | INFO     | 10_comparatives | ============================================================
2026-03-21 16:36:30 | INFO     | 10_comparatives | PHASE 5C: COMPARATIVE DEBIASING STUDIES
2026-03-21 16:36:30 | INFO     | 10_comparatives | ============================================================
[GPU Tracker] Started: phase5c_comparatives at 2026-03-21T16:36:30.032894
2026-03-21 16:36:30 | INFO     | 10_comparatives | 
Enabled models (1):
2026-03-21 16:36:30 | INFO     | 10_comparatives |   ✓ gemma-3-4b-it (causal)
2026-03-21 16:36:30 | INFO     | 10_comparatives | 
Enabled methods (1):
2026-03-21 16:36:30 | INFO     | 10_comparatives |   ✓ C1: CDA [11] Zmigrod et al. (2019)
2026-03-21 16:36:30 | INFO     | 10_comparatives | 
============================================================
2026-03-21 16:36:30 | INFO     | 10_comparatives | MODEL: gemma-3-4b-it (causal) | SEED: 42
2026-03-21 16:36:30 | INFO     | 10_comparatives | ============================================================
2026-03-21 16:36:30 | INFO     | 10_comparatives | 
--- C1: CDA [11] Zmigrod et al. (2019) ---
2026-03-21 16:36:30 | INFO     | src.models.loader | Loading model: gemma-3-4b-it (google/gemma-3-4b-it) in bfloat16
2026-03-21 16:36:31 | INFO     | src.models.loader |   Using Flash Attention 2 for gemma-3-4b-it
`torch_dtype` is deprecated! Use `dtype` instead!
Loading checkpoint shards:   0%|          | 0/2 [00:00<?, ?it/s]Loading checkpoint shards:  50%|█████     | 1/2 [00:00<00:00,  1.00it/s]Loading checkpoint shards: 100%|██████████| 2/2 [00:01<00:00,  1.30it/s]Loading checkpoint shards: 100%|██████████| 2/2 [00:01<00:00,  1.25it/s]
2026-03-21 16:36:33 | INFO     | src.models.loader |   ✓ Loaded gemma-3-4b-it: 4,300,079,472 parameters
2026-03-21 16:36:35 | INFO     | src.models.loader |   ✓ LoRA checkpoint loaded from /root/Hysteresis_Bias/results/phase1_injection/gemma-3-4b-it/en/seed42/final_biased
2026-03-21 16:36:35 | INFO     | src.comparatives.c1_cda |   CDA data created: 1744 examples (898 swapped)
2026-03-21 16:37:07 | INFO     | src.evaluation.bias_calculator |   Bias evaluation (cll): overall=0.5248
2026-03-21 16:37:07 | INFO     | src.comparatives.c1_cda |   [C1 CDA] Step 25: bias=0.5248
2026-03-21 16:37:49 | INFO     | src.evaluation.bias_calculator |   Bias evaluation (cll): overall=0.5227
2026-03-21 16:37:49 | INFO     | src.comparatives.c1_cda |   [C1 CDA] Step 50: bias=0.5227
2026-03-21 16:38:35 | INFO     | src.evaluation.bias_calculator |   Bias evaluation (cll): overall=0.5173
2026-03-21 16:38:35 | INFO     | src.comparatives.c1_cda |   [C1 CDA] Step 75: bias=0.5173
2026-03-21 16:38:35 | INFO     | src.comparatives.c1_cda |   [C1 CDA] Bias returned to baseline at step 75
2026-03-21 16:38:35 | INFO     | 10_comparatives |   ✓ c1_cda complete for gemma-3-4b-it/seed42
2026-03-21 16:38:35 | INFO     | 10_comparatives | 
============================================================
2026-03-21 16:38:35 | INFO     | 10_comparatives | MODEL: gemma-3-4b-it (causal) | SEED: 123
2026-03-21 16:38:35 | INFO     | 10_comparatives | ============================================================
2026-03-21 16:38:35 | INFO     | 10_comparatives | 
--- C1: CDA [11] Zmigrod et al. (2019) ---
2026-03-21 16:38:35 | INFO     | src.models.loader | Loading model: gemma-3-4b-it (google/gemma-3-4b-it) in bfloat16
2026-03-21 16:38:36 | INFO     | src.models.loader |   Using Flash Attention 2 for gemma-3-4b-it
Loading checkpoint shards:   0%|          | 0/2 [00:00<?, ?it/s]Loading checkpoint shards:  50%|█████     | 1/2 [00:01<00:01,  1.47s/it]Loading checkpoint shards: 100%|██████████| 2/2 [00:02<00:00,  1.08s/it]Loading checkpoint shards: 100%|██████████| 2/2 [00:02<00:00,  1.14s/it]
2026-03-21 16:38:39 | INFO     | src.models.loader |   ✓ Loaded gemma-3-4b-it: 4,300,079,472 parameters
2026-03-21 16:38:41 | INFO     | src.models.loader |   ✓ LoRA checkpoint loaded from /root/Hysteresis_Bias/results/phase1_injection/gemma-3-4b-it/en/seed123/final_biased
2026-03-21 16:38:41 | INFO     | src.comparatives.c1_cda |   CDA data created: 1744 examples (853 swapped)
2026-03-21 16:39:25 | INFO     | src.evaluation.bias_calculator |   Bias evaluation (cll): overall=0.5387
2026-03-21 16:39:25 | INFO     | src.comparatives.c1_cda |   [C1 CDA] Step 25: bias=0.5387
2026-03-21 16:40:06 | INFO     | src.evaluation.bias_calculator |   Bias evaluation (cll): overall=0.5339
2026-03-21 16:40:06 | INFO     | src.comparatives.c1_cda |   [C1 CDA] Step 50: bias=0.5339
2026-03-21 16:40:43 | INFO     | src.evaluation.bias_calculator |   Bias evaluation (cll): overall=0.5277
2026-03-21 16:40:43 | INFO     | src.comparatives.c1_cda |   [C1 CDA] Step 75: bias=0.5277
2026-03-21 16:41:18 | INFO     | src.evaluation.bias_calculator |   Bias evaluation (cll): overall=0.5270
2026-03-21 16:41:18 | INFO     | src.comparatives.c1_cda |   [C1 CDA] Step 100: bias=0.5270
2026-03-21 16:41:53 | INFO     | src.evaluation.bias_calculator |   Bias evaluation (cll): overall=0.5248
2026-03-21 16:41:53 | INFO     | src.comparatives.c1_cda |   [C1 CDA] Step 125: bias=0.5248
2026-03-21 16:42:28 | INFO     | src.evaluation.bias_calculator |   Bias evaluation (cll): overall=0.5221
2026-03-21 16:42:28 | INFO     | src.comparatives.c1_cda |   [C1 CDA] Step 150: bias=0.5221
2026-03-21 16:43:03 | INFO     | src.evaluation.bias_calculator |   Bias evaluation (cll): overall=0.5234
2026-03-21 16:43:03 | INFO     | src.comparatives.c1_cda |   [C1 CDA] Step 175: bias=0.5234
2026-03-21 16:43:33 | INFO     | src.evaluation.bias_calculator |   Bias evaluation (cll): overall=0.5305
2026-03-21 16:43:33 | INFO     | src.comparatives.c1_cda |   [C1 CDA] Step 200: bias=0.5305
2026-03-21 16:44:02 | INFO     | src.evaluation.bias_calculator |   Bias evaluation (cll): overall=0.5237
2026-03-21 16:44:02 | INFO     | src.comparatives.c1_cda |   [C1 CDA] Step 225: bias=0.5237
2026-03-21 16:44:32 | INFO     | src.evaluation.bias_calculator |   Bias evaluation (cll): overall=0.5219
2026-03-21 16:44:32 | INFO     | src.comparatives.c1_cda |   [C1 CDA] Step 250: bias=0.5219
2026-03-21 16:45:01 | INFO     | src.evaluation.bias_calculator |   Bias evaluation (cll): overall=0.5210
2026-03-21 16:45:01 | INFO     | src.comparatives.c1_cda |   [C1 CDA] Step 275: bias=0.5210
2026-03-21 16:45:31 | INFO     | src.evaluation.bias_calculator |   Bias evaluation (cll): overall=0.5188
2026-03-21 16:45:31 | INFO     | src.comparatives.c1_cda |   [C1 CDA] Step 300: bias=0.5188
2026-03-21 16:45:31 | INFO     | src.comparatives.c1_cda |   [C1 CDA] Bias returned to baseline at step 300
2026-03-21 16:45:31 | INFO     | 10_comparatives |   ✓ c1_cda complete for gemma-3-4b-it/seed123
2026-03-21 16:45:31 | INFO     | 10_comparatives | 
============================================================
2026-03-21 16:45:31 | INFO     | 10_comparatives | MODEL: gemma-3-4b-it (causal) | SEED: 456
2026-03-21 16:45:31 | INFO     | 10_comparatives | ============================================================
2026-03-21 16:45:31 | INFO     | 10_comparatives | 
--- C1: CDA [11] Zmigrod et al. (2019) ---
2026-03-21 16:45:31 | INFO     | src.models.loader | Loading model: gemma-3-4b-it (google/gemma-3-4b-it) in bfloat16
2026-03-21 16:45:32 | INFO     | src.models.loader |   Using Flash Attention 2 for gemma-3-4b-it
Loading checkpoint shards:   0%|          | 0/2 [00:00<?, ?it/s]Loading checkpoint shards:  50%|█████     | 1/2 [00:01<00:01,  1.07s/it]Loading checkpoint shards: 100%|██████████| 2/2 [00:01<00:00,  1.24it/s]Loading checkpoint shards: 100%|██████████| 2/2 [00:01<00:00,  1.18it/s]
2026-03-21 16:45:34 | INFO     | src.models.loader |   ✓ Loaded gemma-3-4b-it: 4,300,079,472 parameters
2026-03-21 16:45:36 | INFO     | src.models.loader |   ✓ LoRA checkpoint loaded from /root/Hysteresis_Bias/results/phase1_injection/gemma-3-4b-it/en/seed456/final_biased
2026-03-21 16:45:36 | INFO     | src.comparatives.c1_cda |   CDA data created: 1744 examples (864 swapped)
2026-03-21 16:46:05 | INFO     | src.evaluation.bias_calculator |   Bias evaluation (cll): overall=0.5337
2026-03-21 16:46:05 | INFO     | src.comparatives.c1_cda |   [C1 CDA] Step 25: bias=0.5337
2026-03-21 16:46:35 | INFO     | src.evaluation.bias_calculator |   Bias evaluation (cll): overall=0.5295
2026-03-21 16:46:35 | INFO     | src.comparatives.c1_cda |   [C1 CDA] Step 50: bias=0.5295
2026-03-21 16:47:04 | INFO     | src.evaluation.bias_calculator |   Bias evaluation (cll): overall=0.5272
2026-03-21 16:47:04 | INFO     | src.comparatives.c1_cda |   [C1 CDA] Step 75: bias=0.5272
2026-03-21 16:47:30 | INFO     | src.evaluation.bias_calculator |   Bias evaluation (cll): overall=0.5173
2026-03-21 16:47:30 | INFO     | src.comparatives.c1_cda |   [C1 CDA] Step 100: bias=0.5173
2026-03-21 16:47:30 | INFO     | src.comparatives.c1_cda |   [C1 CDA] Bias returned to baseline at step 100
2026-03-21 16:47:30 | INFO     | 10_comparatives |   ✓ c1_cda complete for gemma-3-4b-it/seed456
[GPU Tracker] Stopped: phase5c_comparatives — 0.18 hrs, $0.64
============================================================
GPU USAGE REPORT
============================================================
  phase4_connectivity            |   0.21 hrs | $  0.73
  phase5c_comparatives           |   0.02 hrs | $  0.08
  phase5c_comparatives           |   0.02 hrs | $  0.08
  phase5c_comparatives           |   0.02 hrs | $  0.08
  phase5c_comparatives           |   0.04 hrs | $  0.13
  phase5c_comparatives           |   0.02 hrs | $  0.07
  phase5c_comparatives           |   0.03 hrs | $  0.12
  phase5c_comparatives           |   0.00 hrs | $  0.00
  phase5c_comparatives           |   0.04 hrs | $  0.15
  phase5c_comparatives           |   0.05 hrs | $  0.18
  phase5c_comparatives           |   0.05 hrs | $  0.19
  phase5c_comparatives           |   0.10 hrs | $  0.36
  phase5c_comparatives           |   0.16 hrs | $  0.55
  phase5c_comparatives           |   0.18 hrs | $  0.64
------------------------------------------------------------
  TOTAL                          |   0.96 hrs | $  3.36
============================================================
2026-03-21 16:47:30 | INFO     | 10_comparatives | 
============================================================
2026-03-21 16:47:30 | INFO     | 10_comparatives | COMPARATIVE STUDIES SUMMARY
2026-03-21 16:47:30 | INFO     | 10_comparatives | ============================================================
2026-03-21 16:47:30 | INFO     | 10_comparatives |   Completed: 3 runs
2026-03-21 16:47:30 | INFO     | 10_comparatives |   Skipped/Failed: 0 runs
2026-03-21 16:47:30 | INFO     | 10_comparatives | 
Next: python scripts/11_comparative_asymmetry.py
