2026-03-21 16:37:15 | INFO     | src.models.loader | Flash Attention 2 detected (v2.8.3)
2026-03-21 16:37:15 | INFO     | 10_comparatives | ============================================================
2026-03-21 16:37:15 | INFO     | 10_comparatives | PHASE 5C: COMPARATIVE DEBIASING STUDIES
2026-03-21 16:37:15 | INFO     | 10_comparatives | ============================================================
[GPU Tracker] Started: phase5c_comparatives at 2026-03-21T16:37:15.163654
2026-03-21 16:37:15 | INFO     | 10_comparatives | 
Enabled models (1):
2026-03-21 16:37:15 | INFO     | 10_comparatives |   ✓ xlm-roberta (encoder)
2026-03-21 16:37:15 | INFO     | 10_comparatives | 
Enabled methods (1):
2026-03-21 16:37:15 | INFO     | 10_comparatives |   ✓ C1: CDA [11] Zmigrod et al. (2019)
2026-03-21 16:37:15 | INFO     | 10_comparatives | 
============================================================
2026-03-21 16:37:15 | INFO     | 10_comparatives | MODEL: xlm-roberta (encoder) | SEED: 42
2026-03-21 16:37:15 | INFO     | 10_comparatives | ============================================================
2026-03-21 16:37:15 | INFO     | 10_comparatives | 
--- C1: CDA [11] Zmigrod et al. (2019) ---
2026-03-21 16:37:15 | INFO     | src.models.loader | Loading model: xlm-roberta (xlm-roberta-base) in float16
`torch_dtype` is deprecated! Use `dtype` instead!
Some weights of the model checkpoint at xlm-roberta-base were not used when initializing XLMRobertaForMaskedLM: ['roberta.pooler.dense.bias', 'roberta.pooler.dense.weight']
- This IS expected if you are initializing XLMRobertaForMaskedLM from the checkpoint of a model trained on another task or with another architecture (e.g. initializing a BertForSequenceClassification model from a BertForPreTraining model).
- This IS NOT expected if you are initializing XLMRobertaForMaskedLM from the checkpoint of a model that you expect to be exactly identical (initializing a BertForSequenceClassification model from a BertForSequenceClassification model).
2026-03-21 16:37:17 | INFO     | src.models.loader |   ✓ Loaded xlm-roberta: 278,295,186 parameters
2026-03-21 16:37:17 | INFO     | src.models.loader |   ✓ LoRA checkpoint loaded from /root/Hysteresis_Bias/results/phase1_injection/xlm-roberta/en/seed42/final_biased
2026-03-21 16:37:17 | INFO     | src.comparatives.c1_cda |   CDA data created: 1744 examples (898 swapped)
2026-03-21 16:37:46 | INFO     | src.evaluation.bias_calculator |   Bias evaluation (aul): overall=0.5414
2026-03-21 16:37:46 | INFO     | src.comparatives.c1_cda |   [C1 CDA] Step 25: bias=0.5414
2026-03-21 16:37:46 | INFO     | src.comparatives.c1_cda |   [C1 CDA] Bias returned to baseline at step 25
2026-03-21 16:37:46 | INFO     | 10_comparatives |   ✓ c1_cda complete for xlm-roberta/seed42
2026-03-21 16:37:46 | INFO     | 10_comparatives | 
============================================================
2026-03-21 16:37:46 | INFO     | 10_comparatives | MODEL: xlm-roberta (encoder) | SEED: 123
2026-03-21 16:37:46 | INFO     | 10_comparatives | ============================================================
2026-03-21 16:37:46 | INFO     | 10_comparatives | 
--- C1: CDA [11] Zmigrod et al. (2019) ---
2026-03-21 16:37:46 | INFO     | src.models.loader | Loading model: xlm-roberta (xlm-roberta-base) in float16
Some weights of the model checkpoint at xlm-roberta-base were not used when initializing XLMRobertaForMaskedLM: ['roberta.pooler.dense.bias', 'roberta.pooler.dense.weight']
- This IS expected if you are initializing XLMRobertaForMaskedLM from the checkpoint of a model trained on another task or with another architecture (e.g. initializing a BertForSequenceClassification model from a BertForPreTraining model).
- This IS NOT expected if you are initializing XLMRobertaForMaskedLM from the checkpoint of a model that you expect to be exactly identical (initializing a BertForSequenceClassification model from a BertForSequenceClassification model).
2026-03-21 16:37:48 | INFO     | src.models.loader |   ✓ Loaded xlm-roberta: 278,295,186 parameters
2026-03-21 16:37:49 | INFO     | src.models.loader |   ✓ LoRA checkpoint loaded from /root/Hysteresis_Bias/results/phase1_injection/xlm-roberta/en/seed123/final_biased
2026-03-21 16:37:49 | INFO     | src.comparatives.c1_cda |   CDA data created: 1744 examples (853 swapped)
2026-03-21 16:38:21 | INFO     | src.evaluation.bias_calculator |   Bias evaluation (aul): overall=0.5488
2026-03-21 16:38:21 | INFO     | src.comparatives.c1_cda |   [C1 CDA] Step 25: bias=0.5488
2026-03-21 16:38:52 | INFO     | src.evaluation.bias_calculator |   Bias evaluation (aul): overall=0.5386
2026-03-21 16:38:52 | INFO     | src.comparatives.c1_cda |   [C1 CDA] Step 50: bias=0.5386
2026-03-21 16:38:52 | INFO     | src.comparatives.c1_cda |   [C1 CDA] Bias returned to baseline at step 50
2026-03-21 16:38:52 | INFO     | 10_comparatives |   ✓ c1_cda complete for xlm-roberta/seed123
2026-03-21 16:38:52 | INFO     | 10_comparatives | 
============================================================
2026-03-21 16:38:52 | INFO     | 10_comparatives | MODEL: xlm-roberta (encoder) | SEED: 456
2026-03-21 16:38:52 | INFO     | 10_comparatives | ============================================================
2026-03-21 16:38:52 | INFO     | 10_comparatives | 
--- C1: CDA [11] Zmigrod et al. (2019) ---
2026-03-21 16:38:52 | INFO     | src.models.loader | Loading model: xlm-roberta (xlm-roberta-base) in float16
Some weights of the model checkpoint at xlm-roberta-base were not used when initializing XLMRobertaForMaskedLM: ['roberta.pooler.dense.bias', 'roberta.pooler.dense.weight']
- This IS expected if you are initializing XLMRobertaForMaskedLM from the checkpoint of a model trained on another task or with another architecture (e.g. initializing a BertForSequenceClassification model from a BertForPreTraining model).
- This IS NOT expected if you are initializing XLMRobertaForMaskedLM from the checkpoint of a model that you expect to be exactly identical (initializing a BertForSequenceClassification model from a BertForSequenceClassification model).
2026-03-21 16:38:54 | INFO     | src.models.loader |   ✓ Loaded xlm-roberta: 278,295,186 parameters
2026-03-21 16:38:54 | INFO     | src.models.loader |   ✓ LoRA checkpoint loaded from /root/Hysteresis_Bias/results/phase1_injection/xlm-roberta/en/seed456/final_biased
2026-03-21 16:38:54 | INFO     | src.comparatives.c1_cda |   CDA data created: 1744 examples (864 swapped)
2026-03-21 16:39:20 | INFO     | src.evaluation.bias_calculator |   Bias evaluation (aul): overall=0.5504
2026-03-21 16:39:20 | INFO     | src.comparatives.c1_cda |   [C1 CDA] Step 25: bias=0.5504
2026-03-21 16:39:47 | INFO     | src.evaluation.bias_calculator |   Bias evaluation (aul): overall=0.5544
2026-03-21 16:39:47 | INFO     | src.comparatives.c1_cda |   [C1 CDA] Step 50: bias=0.5544
2026-03-21 16:40:08 | INFO     | src.evaluation.bias_calculator |   Bias evaluation (aul): overall=0.5689
2026-03-21 16:40:08 | INFO     | src.comparatives.c1_cda |   [C1 CDA] Step 75: bias=0.5689
2026-03-21 16:40:29 | INFO     | src.evaluation.bias_calculator |   Bias evaluation (aul): overall=0.5316
2026-03-21 16:40:29 | INFO     | src.comparatives.c1_cda |   [C1 CDA] Step 100: bias=0.5316
2026-03-21 16:40:29 | INFO     | src.comparatives.c1_cda |   [C1 CDA] Bias returned to baseline at step 100
2026-03-21 16:40:29 | INFO     | 10_comparatives |   ✓ c1_cda complete for xlm-roberta/seed456
[GPU Tracker] Stopped: phase5c_comparatives — 0.05 hrs, $0.19
============================================================
GPU USAGE REPORT
============================================================
  phase4_connectivity            |   0.21 hrs | $  0.73
  phase5c_comparatives           |   0.02 hrs | $  0.08
  phase5c_comparatives           |   0.02 hrs | $  0.08
  phase5c_comparatives           |   0.02 hrs | $  0.08
  phase5c_comparatives           |   0.04 hrs | $  0.13
  phase5c_comparatives           |   0.02 hrs | $  0.07
  phase5c_comparatives           |   0.03 hrs | $  0.12
  phase5c_comparatives           |   0.00 hrs | $  0.00
  phase5c_comparatives           |   0.04 hrs | $  0.15
  phase5c_comparatives           |   0.05 hrs | $  0.18
  phase5c_comparatives           |   0.05 hrs | $  0.19
------------------------------------------------------------
  TOTAL                          |   0.52 hrs | $  1.81
============================================================
2026-03-21 16:40:30 | INFO     | 10_comparatives | 
============================================================
2026-03-21 16:40:30 | INFO     | 10_comparatives | COMPARATIVE STUDIES SUMMARY
2026-03-21 16:40:30 | INFO     | 10_comparatives | ============================================================
2026-03-21 16:40:30 | INFO     | 10_comparatives |   Completed: 3 runs
2026-03-21 16:40:30 | INFO     | 10_comparatives |   Skipped/Failed: 0 runs
2026-03-21 16:40:30 | INFO     | 10_comparatives | 
Next: python scripts/11_comparative_asymmetry.py
