2026-03-21 15:59:26 | INFO     | src.models.loader | Flash Attention 2 detected (v2.8.3)
2026-03-21 15:59:27 | INFO     | 10_comparatives | ============================================================
2026-03-21 15:59:27 | INFO     | 10_comparatives | PHASE 5C: COMPARATIVE DEBIASING STUDIES
2026-03-21 15:59:27 | INFO     | 10_comparatives | ============================================================
[GPU Tracker] Started: phase5c_comparatives at 2026-03-21T15:59:27.083436
2026-03-21 15:59:27 | INFO     | 10_comparatives | 
Enabled models (1):
2026-03-21 15:59:27 | INFO     | 10_comparatives |   ✓ muril (encoder)
2026-03-21 15:59:27 | INFO     | 10_comparatives | 
Enabled methods (1):
2026-03-21 15:59:27 | INFO     | 10_comparatives |   ✓ C1: CDA [11] Zmigrod et al. (2019)
2026-03-21 15:59:27 | INFO     | 10_comparatives | 
============================================================
2026-03-21 15:59:27 | INFO     | 10_comparatives | MODEL: muril (encoder) | SEED: 42
2026-03-21 15:59:27 | INFO     | 10_comparatives | ============================================================
2026-03-21 15:59:27 | INFO     | 10_comparatives | 
--- C1: CDA [11] Zmigrod et al. (2019) ---
2026-03-21 15:59:27 | INFO     | src.models.loader | Loading model: muril (google/muril-base-cased) in float16
`torch_dtype` is deprecated! Use `dtype` instead!
Some weights of the model checkpoint at google/muril-base-cased were not used when initializing BertForMaskedLM: ['bert.pooler.dense.bias', 'bert.pooler.dense.weight', 'cls.seq_relationship.bias', 'cls.seq_relationship.weight']
- This IS expected if you are initializing BertForMaskedLM from the checkpoint of a model trained on another task or with another architecture (e.g. initializing a BertForSequenceClassification model from a BertForPreTraining model).
- This IS NOT expected if you are initializing BertForMaskedLM from the checkpoint of a model that you expect to be exactly identical (initializing a BertForSequenceClassification model from a BertForSequenceClassification model).
2026-03-21 15:59:29 | INFO     | src.models.loader |   ✓ Loaded muril: 237,755,045 parameters
2026-03-21 15:59:30 | INFO     | src.models.loader |   ✓ LoRA checkpoint loaded from /root/Hysteresis_Bias/results/phase1_injection/muril/en/seed42/final_biased
2026-03-21 15:59:30 | INFO     | src.comparatives.c1_cda |   CDA data created: 1744 examples (898 swapped)
2026-03-21 15:59:55 | INFO     | src.evaluation.bias_calculator |   Bias evaluation (aul): overall=0.6104
2026-03-21 15:59:55 | ERROR    | 10_comparatives |   ✗ c1_cda FAILED for muril/seed42: save_results() missing 1 required positional argument: 'seed'
2026-03-21 15:59:55 | INFO     | 10_comparatives | 
============================================================
2026-03-21 15:59:55 | INFO     | 10_comparatives | MODEL: muril (encoder) | SEED: 123
2026-03-21 15:59:55 | INFO     | 10_comparatives | ============================================================
2026-03-21 15:59:55 | INFO     | 10_comparatives | 
--- C1: CDA [11] Zmigrod et al. (2019) ---
2026-03-21 15:59:55 | INFO     | src.models.loader | Loading model: muril (google/muril-base-cased) in float16
Some weights of the model checkpoint at google/muril-base-cased were not used when initializing BertForMaskedLM: ['bert.pooler.dense.bias', 'bert.pooler.dense.weight', 'cls.seq_relationship.bias', 'cls.seq_relationship.weight']
- This IS expected if you are initializing BertForMaskedLM from the checkpoint of a model trained on another task or with another architecture (e.g. initializing a BertForSequenceClassification model from a BertForPreTraining model).
- This IS NOT expected if you are initializing BertForMaskedLM from the checkpoint of a model that you expect to be exactly identical (initializing a BertForSequenceClassification model from a BertForSequenceClassification model).
2026-03-21 15:59:57 | INFO     | src.models.loader |   ✓ Loaded muril: 237,755,045 parameters
2026-03-21 15:59:58 | INFO     | src.models.loader |   ✓ LoRA checkpoint loaded from /root/Hysteresis_Bias/results/phase1_injection/muril/en/seed123/final_biased
2026-03-21 15:59:58 | INFO     | src.comparatives.c1_cda |   CDA data created: 1744 examples (853 swapped)
2026-03-21 16:00:20 | INFO     | src.evaluation.bias_calculator |   Bias evaluation (aul): overall=0.6042
2026-03-21 16:00:20 | ERROR    | 10_comparatives |   ✗ c1_cda FAILED for muril/seed123: save_results() missing 1 required positional argument: 'seed'
2026-03-21 16:00:20 | INFO     | 10_comparatives | 
============================================================
2026-03-21 16:00:20 | INFO     | 10_comparatives | MODEL: muril (encoder) | SEED: 456
2026-03-21 16:00:20 | INFO     | 10_comparatives | ============================================================
2026-03-21 16:00:20 | INFO     | 10_comparatives | 
--- C1: CDA [11] Zmigrod et al. (2019) ---
2026-03-21 16:00:20 | INFO     | src.models.loader | Loading model: muril (google/muril-base-cased) in float16
Some weights of the model checkpoint at google/muril-base-cased were not used when initializing BertForMaskedLM: ['bert.pooler.dense.bias', 'bert.pooler.dense.weight', 'cls.seq_relationship.bias', 'cls.seq_relationship.weight']
- This IS expected if you are initializing BertForMaskedLM from the checkpoint of a model trained on another task or with another architecture (e.g. initializing a BertForSequenceClassification model from a BertForPreTraining model).
- This IS NOT expected if you are initializing BertForMaskedLM from the checkpoint of a model that you expect to be exactly identical (initializing a BertForSequenceClassification model from a BertForSequenceClassification model).
2026-03-21 16:00:22 | INFO     | src.models.loader |   ✓ Loaded muril: 237,755,045 parameters
2026-03-21 16:00:22 | INFO     | src.models.loader |   ✓ LoRA checkpoint loaded from /root/Hysteresis_Bias/results/phase1_injection/muril/en/seed456/final_biased
2026-03-21 16:00:22 | INFO     | src.comparatives.c1_cda |   CDA data created: 1744 examples (864 swapped)
2026-03-21 16:00:41 | INFO     | src.evaluation.bias_calculator |   Bias evaluation (aul): overall=0.5951
2026-03-21 16:00:41 | ERROR    | 10_comparatives |   ✗ c1_cda FAILED for muril/seed456: save_results() missing 1 required positional argument: 'seed'
[GPU Tracker] Stopped: phase5c_comparatives — 0.02 hrs, $0.07
============================================================
GPU USAGE REPORT
============================================================
  phase4_connectivity            |   0.21 hrs | $  0.73
  phase5c_comparatives           |   0.02 hrs | $  0.08
  phase5c_comparatives           |   0.02 hrs | $  0.08
  phase5c_comparatives           |   0.02 hrs | $  0.08
  phase5c_comparatives           |   0.04 hrs | $  0.13
  phase5c_comparatives           |   0.02 hrs | $  0.07
------------------------------------------------------------
  TOTAL                          |   0.33 hrs | $  1.17
============================================================
2026-03-21 16:00:41 | INFO     | 10_comparatives | 
============================================================
2026-03-21 16:00:41 | INFO     | 10_comparatives | COMPARATIVE STUDIES SUMMARY
2026-03-21 16:00:41 | INFO     | 10_comparatives | ============================================================
2026-03-21 16:00:41 | INFO     | 10_comparatives |   Completed: 0 runs
2026-03-21 16:00:41 | INFO     | 10_comparatives |   Skipped/Failed: 3 runs
2026-03-21 16:00:41 | INFO     | 10_comparatives |     ⚠ muril/c1_cda/seed42: save_results() missing 1 required positional argument: 'seed'
2026-03-21 16:00:41 | INFO     | 10_comparatives |     ⚠ muril/c1_cda/seed123: save_results() missing 1 required positional argument: 'seed'
2026-03-21 16:00:41 | INFO     | 10_comparatives |     ⚠ muril/c1_cda/seed456: save_results() missing 1 required positional argument: 'seed'
2026-03-21 16:00:41 | INFO     | 10_comparatives | 
Next: python scripts/11_comparative_asymmetry.py
