2026-03-21 16:01:03 | INFO     | src.models.loader | Flash Attention 2 detected (v2.8.3)
2026-03-21 16:01:03 | INFO     | 10_comparatives | ============================================================
2026-03-21 16:01:03 | INFO     | 10_comparatives | PHASE 5C: COMPARATIVE DEBIASING STUDIES
2026-03-21 16:01:03 | INFO     | 10_comparatives | ============================================================
[GPU Tracker] Started: phase5c_comparatives at 2026-03-21T16:01:03.565642
2026-03-21 16:01:03 | INFO     | 10_comparatives | 
Enabled models (1):
2026-03-21 16:01:03 | INFO     | 10_comparatives |   ✓ gemma-3-4b-it (causal)
2026-03-21 16:01:03 | INFO     | 10_comparatives | 
Enabled methods (1):
2026-03-21 16:01:03 | INFO     | 10_comparatives |   ✓ C2: Self-Debias [12] Schick et al. (2021)
2026-03-21 16:01:03 | INFO     | 10_comparatives | 
============================================================
2026-03-21 16:01:03 | INFO     | 10_comparatives | MODEL: gemma-3-4b-it (causal) | SEED: 42
2026-03-21 16:01:03 | INFO     | 10_comparatives | ============================================================
2026-03-21 16:01:03 | INFO     | 10_comparatives | 
--- C2: Self-Debias [12] Schick et al. (2021) ---
2026-03-21 16:01:03 | INFO     | src.models.loader | Loading model: gemma-3-4b-it (google/gemma-3-4b-it) in bfloat16
2026-03-21 16:01:04 | INFO     | src.models.loader |   Using Flash Attention 2 for gemma-3-4b-it
`torch_dtype` is deprecated! Use `dtype` instead!
Loading checkpoint shards:   0%|          | 0/2 [00:00<?, ?it/s]Loading checkpoint shards:  50%|█████     | 1/2 [00:00<00:00,  1.02it/s]Loading checkpoint shards: 100%|██████████| 2/2 [00:01<00:00,  1.31it/s]Loading checkpoint shards: 100%|██████████| 2/2 [00:01<00:00,  1.25it/s]
2026-03-21 16:01:06 | INFO     | src.models.loader |   ✓ Loaded gemma-3-4b-it: 4,300,079,472 parameters
2026-03-21 16:01:07 | INFO     | src.models.loader |   ✓ LoRA checkpoint loaded from /root/Hysteresis_Bias/results/phase1_injection/gemma-3-4b-it/en/seed42/final_biased
2026-03-21 16:01:07 | INFO     | src.comparatives.c2_self_debias |   [C2 Self-Debias] α=0.0
2026-03-21 16:02:00 | INFO     | src.comparatives.c2_self_debias |     overall bias = 0.6587
2026-03-21 16:02:00 | INFO     | src.comparatives.c2_self_debias |   [C2 Self-Debias] α=0.1
2026-03-21 16:02:54 | INFO     | src.comparatives.c2_self_debias |     overall bias = 0.6547
2026-03-21 16:02:54 | INFO     | src.comparatives.c2_self_debias |   [C2 Self-Debias] α=0.2
2026-03-21 16:03:48 | INFO     | src.comparatives.c2_self_debias |     overall bias = 0.6501
2026-03-21 16:03:48 | INFO     | src.comparatives.c2_self_debias |   [C2 Self-Debias] α=0.3
2026-03-21 16:04:42 | INFO     | src.comparatives.c2_self_debias |     overall bias = 0.6455
2026-03-21 16:04:42 | INFO     | src.comparatives.c2_self_debias |   [C2 Self-Debias] α=0.4
2026-03-21 16:05:37 | INFO     | src.comparatives.c2_self_debias |     overall bias = 0.6402
2026-03-21 16:05:37 | INFO     | src.comparatives.c2_self_debias |   [C2 Self-Debias] α=0.5
2026-03-21 16:06:31 | INFO     | src.comparatives.c2_self_debias |     overall bias = 0.6349
2026-03-21 16:06:31 | INFO     | src.comparatives.c2_self_debias |   [C2 Self-Debias] α=0.6
2026-03-21 16:07:26 | INFO     | src.comparatives.c2_self_debias |     overall bias = 0.6296
2026-03-21 16:07:26 | INFO     | src.comparatives.c2_self_debias |   [C2 Self-Debias] α=0.7
2026-03-21 16:08:20 | INFO     | src.comparatives.c2_self_debias |     overall bias = 0.6241
2026-03-21 16:08:20 | INFO     | src.comparatives.c2_self_debias |   [C2 Self-Debias] α=0.8
2026-03-21 16:09:14 | INFO     | src.comparatives.c2_self_debias |     overall bias = 0.6186
2026-03-21 16:09:14 | INFO     | src.comparatives.c2_self_debias |   [C2 Self-Debias] α=0.9
2026-03-21 16:10:08 | INFO     | src.comparatives.c2_self_debias |     overall bias = 0.6128
2026-03-21 16:10:08 | INFO     | src.comparatives.c2_self_debias |   [C2 Self-Debias] α=1.0
2026-03-21 16:11:03 | INFO     | src.comparatives.c2_self_debias |     overall bias = 0.6064
2026-03-21 16:11:03 | INFO     | src.comparatives.c2_self_debias |   [C2 Self-Debias] α=1.1
2026-03-21 16:11:57 | INFO     | src.comparatives.c2_self_debias |     overall bias = 0.6000
2026-03-21 16:11:57 | INFO     | src.comparatives.c2_self_debias |   [C2 Self-Debias] α=1.2
2026-03-21 16:12:51 | INFO     | src.comparatives.c2_self_debias |     overall bias = 0.5932
2026-03-21 16:12:51 | INFO     | src.comparatives.c2_self_debias |   [C2 Self-Debias] α=1.3
2026-03-21 16:13:45 | INFO     | src.comparatives.c2_self_debias |     overall bias = 0.5875
2026-03-21 16:13:45 | INFO     | src.comparatives.c2_self_debias |   [C2 Self-Debias] α=1.4
2026-03-21 16:14:39 | INFO     | src.comparatives.c2_self_debias |     overall bias = 0.5824
2026-03-21 16:14:39 | INFO     | src.comparatives.c2_self_debias |   [C2 Self-Debias] α=1.5
2026-03-21 16:15:32 | INFO     | src.comparatives.c2_self_debias |     overall bias = 0.5770
2026-03-21 16:15:32 | INFO     | src.comparatives.c2_self_debias |   [C2 Self-Debias] α=1.6
2026-03-21 16:16:27 | INFO     | src.comparatives.c2_self_debias |     overall bias = 0.5718
2026-03-21 16:16:27 | INFO     | src.comparatives.c2_self_debias |   [C2 Self-Debias] α=1.7
2026-03-21 16:17:21 | INFO     | src.comparatives.c2_self_debias |     overall bias = 0.5675
2026-03-21 16:17:21 | INFO     | src.comparatives.c2_self_debias |   [C2 Self-Debias] α=1.8
2026-03-21 16:18:14 | INFO     | src.comparatives.c2_self_debias |     overall bias = 0.5632
2026-03-21 16:18:14 | INFO     | src.comparatives.c2_self_debias |   [C2 Self-Debias] α=1.9
2026-03-21 16:19:08 | INFO     | src.comparatives.c2_self_debias |     overall bias = 0.5586
2026-03-21 16:19:08 | INFO     | src.comparatives.c2_self_debias |   [C2 Self-Debias] α=2.0
2026-03-21 16:20:01 | INFO     | src.comparatives.c2_self_debias |     overall bias = 0.5547
2026-03-21 16:20:01 | ERROR    | 10_comparatives |   ✗ c2_self_debias FAILED for gemma-3-4b-it/seed42: save_results() missing 1 required positional argument: 'seed'
2026-03-21 16:20:01 | INFO     | 10_comparatives | 
============================================================
2026-03-21 16:20:01 | INFO     | 10_comparatives | MODEL: gemma-3-4b-it (causal) | SEED: 123
2026-03-21 16:20:01 | INFO     | 10_comparatives | ============================================================
2026-03-21 16:20:01 | INFO     | 10_comparatives | 
--- C2: Self-Debias [12] Schick et al. (2021) ---
2026-03-21 16:20:01 | INFO     | src.models.loader | Loading model: gemma-3-4b-it (google/gemma-3-4b-it) in bfloat16
2026-03-21 16:20:03 | INFO     | src.models.loader |   Using Flash Attention 2 for gemma-3-4b-it
Loading checkpoint shards:   0%|          | 0/2 [00:00<?, ?it/s]Loading checkpoint shards:  50%|█████     | 1/2 [00:01<00:01,  1.02s/it]Loading checkpoint shards: 100%|██████████| 2/2 [00:01<00:00,  1.28it/s]Loading checkpoint shards: 100%|██████████| 2/2 [00:01<00:00,  1.22it/s]
2026-03-21 16:20:05 | INFO     | src.models.loader |   ✓ Loaded gemma-3-4b-it: 4,300,079,472 parameters
2026-03-21 16:20:06 | INFO     | src.models.loader |   ✓ LoRA checkpoint loaded from /root/Hysteresis_Bias/results/phase1_injection/gemma-3-4b-it/en/seed123/final_biased
2026-03-21 16:20:06 | INFO     | src.comparatives.c2_self_debias |   [C2 Self-Debias] α=0.0
2026-03-21 16:21:00 | INFO     | src.comparatives.c2_self_debias |     overall bias = 0.6914
2026-03-21 16:21:00 | INFO     | src.comparatives.c2_self_debias |   [C2 Self-Debias] α=0.1
2026-03-21 16:21:55 | INFO     | src.comparatives.c2_self_debias |     overall bias = 0.6867
2026-03-21 16:21:55 | INFO     | src.comparatives.c2_self_debias |   [C2 Self-Debias] α=0.2
2026-03-21 16:22:49 | INFO     | src.comparatives.c2_self_debias |     overall bias = 0.6812
2026-03-21 16:22:49 | INFO     | src.comparatives.c2_self_debias |   [C2 Self-Debias] α=0.3
2026-03-21 16:23:43 | INFO     | src.comparatives.c2_self_debias |     overall bias = 0.6744
2026-03-21 16:23:43 | INFO     | src.comparatives.c2_self_debias |   [C2 Self-Debias] α=0.4
2026-03-21 16:24:37 | INFO     | src.comparatives.c2_self_debias |     overall bias = 0.6683
2026-03-21 16:24:37 | INFO     | src.comparatives.c2_self_debias |   [C2 Self-Debias] α=0.5
2026-03-21 16:25:32 | INFO     | src.comparatives.c2_self_debias |     overall bias = 0.6627
2026-03-21 16:25:32 | INFO     | src.comparatives.c2_self_debias |   [C2 Self-Debias] α=0.6
2026-03-21 16:26:26 | INFO     | src.comparatives.c2_self_debias |     overall bias = 0.6575
2026-03-21 16:26:26 | INFO     | src.comparatives.c2_self_debias |   [C2 Self-Debias] α=0.7
2026-03-21 16:27:20 | INFO     | src.comparatives.c2_self_debias |     overall bias = 0.6538
2026-03-21 16:27:20 | INFO     | src.comparatives.c2_self_debias |   [C2 Self-Debias] α=0.8
2026-03-21 16:28:14 | INFO     | src.comparatives.c2_self_debias |     overall bias = 0.6503
2026-03-21 16:28:14 | INFO     | src.comparatives.c2_self_debias |   [C2 Self-Debias] α=0.9
2026-03-21 16:29:08 | INFO     | src.comparatives.c2_self_debias |     overall bias = 0.6469
2026-03-21 16:29:08 | INFO     | src.comparatives.c2_self_debias |   [C2 Self-Debias] α=1.0
2026-03-21 16:30:02 | INFO     | src.comparatives.c2_self_debias |     overall bias = 0.6423
2026-03-21 16:30:02 | INFO     | src.comparatives.c2_self_debias |   [C2 Self-Debias] α=1.1
2026-03-21 16:30:56 | INFO     | src.comparatives.c2_self_debias |     overall bias = 0.6387
2026-03-21 16:30:56 | INFO     | src.comparatives.c2_self_debias |   [C2 Self-Debias] α=1.2
2026-03-21 16:31:50 | INFO     | src.comparatives.c2_self_debias |     overall bias = 0.6337
2026-03-21 16:31:50 | INFO     | src.comparatives.c2_self_debias |   [C2 Self-Debias] α=1.3
2026-03-21 16:32:44 | INFO     | src.comparatives.c2_self_debias |     overall bias = 0.6285
2026-03-21 16:32:44 | INFO     | src.comparatives.c2_self_debias |   [C2 Self-Debias] α=1.4
2026-03-21 16:33:38 | INFO     | src.comparatives.c2_self_debias |     overall bias = 0.6256
2026-03-21 16:33:38 | INFO     | src.comparatives.c2_self_debias |   [C2 Self-Debias] α=1.5
