2026-03-21 16:47:49 | INFO     | src.models.loader | Flash Attention 2 detected (v2.8.3)
2026-03-21 16:47:49 | INFO     | 10_comparatives | ============================================================
2026-03-21 16:47:49 | INFO     | 10_comparatives | PHASE 5C: COMPARATIVE DEBIASING STUDIES
2026-03-21 16:47:49 | INFO     | 10_comparatives | ============================================================
[GPU Tracker] Started: phase5c_comparatives at 2026-03-21T16:47:49.735804
2026-03-21 16:47:49 | INFO     | 10_comparatives | 
Enabled models (1):
2026-03-21 16:47:49 | INFO     | 10_comparatives |   ✓ gemma-3-4b-it (causal)
2026-03-21 16:47:49 | INFO     | 10_comparatives | 
Enabled methods (1):
2026-03-21 16:47:49 | INFO     | 10_comparatives |   ✓ C2: Self-Debias [12] Schick et al. (2021)
2026-03-21 16:47:49 | INFO     | 10_comparatives | 
============================================================
2026-03-21 16:47:49 | INFO     | 10_comparatives | MODEL: gemma-3-4b-it (causal) | SEED: 42
2026-03-21 16:47:49 | INFO     | 10_comparatives | ============================================================
2026-03-21 16:47:49 | INFO     | 10_comparatives | 
--- C2: Self-Debias [12] Schick et al. (2021) ---
2026-03-21 16:47:49 | INFO     | src.models.loader | Loading model: gemma-3-4b-it (google/gemma-3-4b-it) in bfloat16
2026-03-21 16:47:50 | INFO     | src.models.loader |   Using Flash Attention 2 for gemma-3-4b-it
`torch_dtype` is deprecated! Use `dtype` instead!
Loading checkpoint shards:   0%|          | 0/2 [00:00<?, ?it/s]Loading checkpoint shards:  50%|█████     | 1/2 [00:00<00:00,  1.05it/s]Loading checkpoint shards: 100%|██████████| 2/2 [00:01<00:00,  1.34it/s]Loading checkpoint shards: 100%|██████████| 2/2 [00:01<00:00,  1.29it/s]
2026-03-21 16:47:52 | INFO     | src.models.loader |   ✓ Loaded gemma-3-4b-it: 4,300,079,472 parameters
2026-03-21 16:47:53 | INFO     | src.models.loader |   ✓ LoRA checkpoint loaded from /root/Hysteresis_Bias/results/phase1_injection/gemma-3-4b-it/en/seed42/final_biased
2026-03-21 16:47:53 | INFO     | src.comparatives.c2_self_debias |   [C2 Self-Debias] α=0.0
2026-03-21 16:48:46 | INFO     | src.comparatives.c2_self_debias |     overall bias = 0.6587
2026-03-21 16:48:46 | INFO     | src.comparatives.c2_self_debias |   [C2 Self-Debias] α=0.1
2026-03-21 16:49:40 | INFO     | src.comparatives.c2_self_debias |     overall bias = 0.6547
2026-03-21 16:49:40 | INFO     | src.comparatives.c2_self_debias |   [C2 Self-Debias] α=0.2
2026-03-21 16:50:34 | INFO     | src.comparatives.c2_self_debias |     overall bias = 0.6501
2026-03-21 16:50:34 | INFO     | src.comparatives.c2_self_debias |   [C2 Self-Debias] α=0.3
2026-03-21 16:51:28 | INFO     | src.comparatives.c2_self_debias |     overall bias = 0.6455
2026-03-21 16:51:28 | INFO     | src.comparatives.c2_self_debias |   [C2 Self-Debias] α=0.4
2026-03-21 16:52:22 | INFO     | src.comparatives.c2_self_debias |     overall bias = 0.6402
2026-03-21 16:52:22 | INFO     | src.comparatives.c2_self_debias |   [C2 Self-Debias] α=0.5
2026-03-21 16:53:17 | INFO     | src.comparatives.c2_self_debias |     overall bias = 0.6349
2026-03-21 16:53:17 | INFO     | src.comparatives.c2_self_debias |   [C2 Self-Debias] α=0.6
2026-03-21 16:54:11 | INFO     | src.comparatives.c2_self_debias |     overall bias = 0.6296
2026-03-21 16:54:11 | INFO     | src.comparatives.c2_self_debias |   [C2 Self-Debias] α=0.7
2026-03-21 16:55:05 | INFO     | src.comparatives.c2_self_debias |     overall bias = 0.6241
2026-03-21 16:55:05 | INFO     | src.comparatives.c2_self_debias |   [C2 Self-Debias] α=0.8
2026-03-21 16:55:59 | INFO     | src.comparatives.c2_self_debias |     overall bias = 0.6186
2026-03-21 16:55:59 | INFO     | src.comparatives.c2_self_debias |   [C2 Self-Debias] α=0.9
2026-03-21 16:56:54 | INFO     | src.comparatives.c2_self_debias |     overall bias = 0.6128
2026-03-21 16:56:54 | INFO     | src.comparatives.c2_self_debias |   [C2 Self-Debias] α=1.0
2026-03-21 16:57:48 | INFO     | src.comparatives.c2_self_debias |     overall bias = 0.6064
2026-03-21 16:57:48 | INFO     | src.comparatives.c2_self_debias |   [C2 Self-Debias] α=1.1
