2026-03-21 15:58:26 | INFO     | src.models.loader | Flash Attention 2 detected (v2.8.3)
2026-03-21 15:58:26 | INFO     | 10_comparatives | ============================================================
2026-03-21 15:58:26 | INFO     | 10_comparatives | PHASE 5C: COMPARATIVE DEBIASING STUDIES
2026-03-21 15:58:26 | INFO     | 10_comparatives | ============================================================
[GPU Tracker] Started: phase5c_comparatives at 2026-03-21T15:58:26.584829
2026-03-21 15:58:26 | INFO     | 10_comparatives | 
Enabled models (1):
2026-03-21 15:58:26 | INFO     | 10_comparatives |   ✓ gemma-3-4b-it (causal)
2026-03-21 15:58:26 | INFO     | 10_comparatives | 
Enabled methods (1):
2026-03-21 15:58:26 | INFO     | 10_comparatives |   ✓ C1: CDA [11] Zmigrod et al. (2019)
2026-03-21 15:58:26 | INFO     | 10_comparatives | 
============================================================
2026-03-21 15:58:26 | INFO     | 10_comparatives | MODEL: gemma-3-4b-it (causal) | SEED: 42
2026-03-21 15:58:26 | INFO     | 10_comparatives | ============================================================
2026-03-21 15:58:26 | INFO     | 10_comparatives | 
--- C1: CDA [11] Zmigrod et al. (2019) ---
2026-03-21 15:58:26 | INFO     | src.models.loader | Loading model: gemma-3-4b-it (google/gemma-3-4b-it) in bfloat16
2026-03-21 15:58:27 | INFO     | src.models.loader |   Using Flash Attention 2 for gemma-3-4b-it
`torch_dtype` is deprecated! Use `dtype` instead!
Loading checkpoint shards:   0%|          | 0/2 [00:00<?, ?it/s]Loading checkpoint shards:  50%|█████     | 1/2 [00:01<00:01,  1.04s/it]Loading checkpoint shards: 100%|██████████| 2/2 [00:01<00:00,  1.25it/s]Loading checkpoint shards: 100%|██████████| 2/2 [00:01<00:00,  1.19it/s]
2026-03-21 15:58:30 | INFO     | src.models.loader |   ✓ Loaded gemma-3-4b-it: 4,300,079,472 parameters
2026-03-21 15:58:31 | INFO     | src.models.loader |   ✓ LoRA checkpoint loaded from /root/Hysteresis_Bias/results/phase1_injection/gemma-3-4b-it/en/seed42/final_biased
2026-03-21 15:58:31 | INFO     | src.comparatives.c1_cda |   CDA data created: 1744 examples (898 swapped)
2026-03-21 15:59:04 | INFO     | src.evaluation.bias_calculator |   Bias evaluation (cll): overall=0.5248
2026-03-21 15:59:04 | ERROR    | 10_comparatives |   ✗ c1_cda FAILED for gemma-3-4b-it/seed42: save_results() missing 1 required positional argument: 'seed'
2026-03-21 15:59:04 | INFO     | 10_comparatives | 
============================================================
2026-03-21 15:59:04 | INFO     | 10_comparatives | MODEL: gemma-3-4b-it (causal) | SEED: 123
2026-03-21 15:59:04 | INFO     | 10_comparatives | ============================================================
2026-03-21 15:59:04 | INFO     | 10_comparatives | 
--- C1: CDA [11] Zmigrod et al. (2019) ---
2026-03-21 15:59:04 | INFO     | src.models.loader | Loading model: gemma-3-4b-it (google/gemma-3-4b-it) in bfloat16
2026-03-21 15:59:06 | INFO     | src.models.loader |   Using Flash Attention 2 for gemma-3-4b-it
Loading checkpoint shards:   0%|          | 0/2 [00:00<?, ?it/s]Loading checkpoint shards:  50%|█████     | 1/2 [00:01<00:01,  1.23s/it]Loading checkpoint shards: 100%|██████████| 2/2 [00:01<00:00,  1.09it/s]Loading checkpoint shards: 100%|██████████| 2/2 [00:01<00:00,  1.04it/s]
2026-03-21 15:59:08 | INFO     | src.models.loader |   ✓ Loaded gemma-3-4b-it: 4,300,079,472 parameters
2026-03-21 15:59:10 | INFO     | src.models.loader |   ✓ LoRA checkpoint loaded from /root/Hysteresis_Bias/results/phase1_injection/gemma-3-4b-it/en/seed123/final_biased
2026-03-21 15:59:10 | INFO     | src.comparatives.c1_cda |   CDA data created: 1744 examples (853 swapped)
2026-03-21 15:59:52 | INFO     | src.evaluation.bias_calculator |   Bias evaluation (cll): overall=0.5387
2026-03-21 15:59:53 | ERROR    | 10_comparatives |   ✗ c1_cda FAILED for gemma-3-4b-it/seed123: save_results() missing 1 required positional argument: 'seed'
2026-03-21 15:59:53 | INFO     | 10_comparatives | 
============================================================
2026-03-21 15:59:53 | INFO     | 10_comparatives | MODEL: gemma-3-4b-it (causal) | SEED: 456
2026-03-21 15:59:53 | INFO     | 10_comparatives | ============================================================
2026-03-21 15:59:53 | INFO     | 10_comparatives | 
--- C1: CDA [11] Zmigrod et al. (2019) ---
2026-03-21 15:59:53 | INFO     | src.models.loader | Loading model: gemma-3-4b-it (google/gemma-3-4b-it) in bfloat16
2026-03-21 15:59:54 | INFO     | src.models.loader |   Using Flash Attention 2 for gemma-3-4b-it
Loading checkpoint shards:   0%|          | 0/2 [00:00<?, ?it/s]Loading checkpoint shards:  50%|█████     | 1/2 [00:01<00:01,  1.32s/it]Loading checkpoint shards: 100%|██████████| 2/2 [00:02<00:00,  1.02it/s]Loading checkpoint shards: 100%|██████████| 2/2 [00:02<00:00,  1.03s/it]
2026-03-21 15:59:56 | INFO     | src.models.loader |   ✓ Loaded gemma-3-4b-it: 4,300,079,472 parameters
2026-03-21 15:59:59 | INFO     | src.models.loader |   ✓ LoRA checkpoint loaded from /root/Hysteresis_Bias/results/phase1_injection/gemma-3-4b-it/en/seed456/final_biased
2026-03-21 15:59:59 | INFO     | src.comparatives.c1_cda |   CDA data created: 1744 examples (864 swapped)
2026-03-21 16:00:39 | INFO     | src.evaluation.bias_calculator |   Bias evaluation (cll): overall=0.5337
2026-03-21 16:00:39 | ERROR    | 10_comparatives |   ✗ c1_cda FAILED for gemma-3-4b-it/seed456: save_results() missing 1 required positional argument: 'seed'
[GPU Tracker] Stopped: phase5c_comparatives — 0.04 hrs, $0.13
============================================================
GPU USAGE REPORT
============================================================
  phase4_connectivity            |   0.21 hrs | $  0.73
  phase5c_comparatives           |   0.02 hrs | $  0.08
  phase5c_comparatives           |   0.02 hrs | $  0.08
  phase5c_comparatives           |   0.02 hrs | $  0.08
  phase5c_comparatives           |   0.04 hrs | $  0.13
------------------------------------------------------------
  TOTAL                          |   0.31 hrs | $  1.10
============================================================
2026-03-21 16:00:39 | INFO     | 10_comparatives | 
============================================================
2026-03-21 16:00:39 | INFO     | 10_comparatives | COMPARATIVE STUDIES SUMMARY
2026-03-21 16:00:39 | INFO     | 10_comparatives | ============================================================
2026-03-21 16:00:39 | INFO     | 10_comparatives |   Completed: 0 runs
2026-03-21 16:00:39 | INFO     | 10_comparatives |   Skipped/Failed: 3 runs
2026-03-21 16:00:39 | INFO     | 10_comparatives |     ⚠ gemma-3-4b-it/c1_cda/seed42: save_results() missing 1 required positional argument: 'seed'
2026-03-21 16:00:39 | INFO     | 10_comparatives |     ⚠ gemma-3-4b-it/c1_cda/seed123: save_results() missing 1 required positional argument: 'seed'
2026-03-21 16:00:39 | INFO     | 10_comparatives |     ⚠ gemma-3-4b-it/c1_cda/seed456: save_results() missing 1 required positional argument: 'seed'
2026-03-21 16:00:39 | INFO     | 10_comparatives | 
Next: python scripts/11_comparative_asymmetry.py
