2026-03-21 15:42:47 | INFO     | src.models.loader | Flash Attention 2 detected (v2.8.3)
2026-03-21 15:42:47 | INFO     | 07_hessian_muril | Analyzing biased checkpoint...
2026-03-21 15:42:47 | INFO     | src.models.loader | Loading model: muril (google/muril-base-cased) in float16
`torch_dtype` is deprecated! Use `dtype` instead!
Some weights of the model checkpoint at google/muril-base-cased were not used when initializing BertForMaskedLM: ['bert.pooler.dense.bias', 'bert.pooler.dense.weight', 'cls.seq_relationship.bias', 'cls.seq_relationship.weight']
- This IS expected if you are initializing BertForMaskedLM from the checkpoint of a model trained on another task or with another architecture (e.g. initializing a BertForSequenceClassification model from a BertForPreTraining model).
- This IS NOT expected if you are initializing BertForMaskedLM from the checkpoint of a model that you expect to be exactly identical (initializing a BertForSequenceClassification model from a BertForSequenceClassification model).
2026-03-21 15:42:49 | INFO     | src.models.loader |   ✓ Loaded muril: 237,755,045 parameters
2026-03-21 15:42:49 | INFO     | src.models.loader |   ✓ LoRA checkpoint loaded from /root/Hysteresis_Bias/results/phase1_injection/muril/en/seed42/final_biased
2026-03-21 15:42:53 | INFO     | src.analysis.hessian_analysis |   Eigenvalue 1: 647.036777
2026-03-21 15:42:57 | INFO     | src.analysis.hessian_analysis |   Eigenvalue 2: -18.111525
2026-03-21 15:43:01 | INFO     | src.analysis.hessian_analysis |   Eigenvalue 3: -1166.355121
2026-03-21 15:43:05 | INFO     | src.analysis.hessian_analysis |   Eigenvalue 4: 329.618714
2026-03-21 15:43:09 | INFO     | src.analysis.hessian_analysis |   Eigenvalue 5: -826.796324
2026-03-21 15:43:10 | INFO     | src.analysis.hessian_analysis |   Hessian trace estimate: -413.076252
2026-03-21 15:43:10 | INFO     | 07_hessian_muril |   Eigenvalues: [647.0367774423212, 329.61871401499957, -18.111525166779757, -826.7963243834674, -1166.35512064863]
2026-03-21 15:43:10 | INFO     | 07_hessian_muril |   Trace: -413.076252
2026-03-21 15:43:10 | INFO     | 07_hessian_muril | Analyzing debiased checkpoint...
2026-03-21 15:43:10 | INFO     | src.models.loader | Loading model: muril (google/muril-base-cased) in float16
Some weights of the model checkpoint at google/muril-base-cased were not used when initializing BertForMaskedLM: ['bert.pooler.dense.bias', 'bert.pooler.dense.weight', 'cls.seq_relationship.bias', 'cls.seq_relationship.weight']
- This IS expected if you are initializing BertForMaskedLM from the checkpoint of a model trained on another task or with another architecture (e.g. initializing a BertForSequenceClassification model from a BertForPreTraining model).
- This IS NOT expected if you are initializing BertForMaskedLM from the checkpoint of a model that you expect to be exactly identical (initializing a BertForSequenceClassification model from a BertForSequenceClassification model).
2026-03-21 15:43:12 | INFO     | src.models.loader |   ✓ Loaded muril: 237,755,045 parameters
2026-03-21 15:43:12 | INFO     | src.models.loader |   ✓ LoRA checkpoint loaded from /root/Hysteresis_Bias/results/phase2_removal/muril/en/seed42/final_debiased
2026-03-21 15:43:16 | INFO     | src.analysis.hessian_analysis |   Eigenvalue 1: -2086.248137
2026-03-21 15:43:20 | INFO     | src.analysis.hessian_analysis |   Eigenvalue 2: -44.674524
2026-03-21 15:43:24 | INFO     | src.analysis.hessian_analysis |   Eigenvalue 3: -1492.469357
2026-03-21 15:43:28 | INFO     | src.analysis.hessian_analysis |   Eigenvalue 4: -285.172320
2026-03-21 15:43:31 | INFO     | src.analysis.hessian_analysis |   Eigenvalue 5: -331.894728
2026-03-21 15:43:33 | INFO     | src.analysis.hessian_analysis |   Hessian trace estimate: -713.098978
2026-03-21 15:43:33 | INFO     | 07_hessian_muril |   Eigenvalues: [-44.674523858353496, -285.1723197437823, -331.89472773112357, -1492.4693569988012, -2086.248137402348]
2026-03-21 15:43:33 | INFO     | 07_hessian_muril |   Trace: -713.098978
2026-03-21 15:43:33 | INFO     | 07_hessian_muril | Done with muril
