2026-03-21 15:10:26 | INFO     | src.models.loader | Flash Attention 2 detected (v2.8.3)
2026-03-21 15:10:26 | INFO     | 05_removal_mbert | --- mbert/en/seed42 ---
2026-03-21 15:10:26 | INFO     | src.models.loader | Loading model: mbert (bert-base-multilingual-cased) in float16
`torch_dtype` is deprecated! Use `dtype` instead!
Some weights of the model checkpoint at bert-base-multilingual-cased were not used when initializing BertForMaskedLM: ['bert.pooler.dense.bias', 'bert.pooler.dense.weight', 'cls.seq_relationship.bias', 'cls.seq_relationship.weight']
- This IS expected if you are initializing BertForMaskedLM from the checkpoint of a model trained on another task or with another architecture (e.g. initializing a BertForSequenceClassification model from a BertForPreTraining model).
- This IS NOT expected if you are initializing BertForMaskedLM from the checkpoint of a model that you expect to be exactly identical (initializing a BertForSequenceClassification model from a BertForSequenceClassification model).
2026-03-21 15:10:27 | INFO     | src.models.loader |   ✓ Loaded mbert: 177,974,523 parameters
2026-03-21 15:10:28 | INFO     | src.models.loader |   ✓ LoRA checkpoint loaded from /root/Hysteresis_Bias/results/phase1_injection/mbert/en/seed42/final_biased
2026-03-21 15:10:28 | INFO     | src.training.bias_removal | Starting bias removal: mbert/en/seed42
2026-03-21 15:10:28 | INFO     | src.training.bias_removal |   LR=0.0002, batch_size=8, max_steps=2000
2026-03-21 15:10:28 | INFO     | src.training.bias_removal |   Baseline bias target: 0.5120
2026-03-21 15:10:49 | INFO     | src.evaluation.bias_calculator |   Bias evaluation (aul): overall=0.6876
2026-03-21 15:10:49 | INFO     | src.training.bias_removal |   Initial bias (post Phase 1): 0.6876
2026-03-21 15:11:21 | INFO     | src.evaluation.bias_calculator |   Bias evaluation (aul): overall=0.5308
2026-03-21 15:11:24 | INFO     | src.evaluation.capability_eval |   Perplexity: 13.77 (avg loss: 2.6223)
2026-03-21 15:11:24 | INFO     | src.training.bias_removal |   Step 25: bias=0.5308, ppl=13.77, loss=6.5883
2026-03-21 15:11:24 | INFO     | src.training.checkpoint_manager |   Checkpoint saved: /root/Hysteresis_Bias/results/phase2_removal/mbert/en/seed42/step25
2026-03-21 15:11:24 | INFO     | src.training.bias_removal |   Bias returned to baseline at step 25
2026-03-21 15:11:24 | INFO     | src.training.checkpoint_manager |   Checkpoint saved: /root/Hysteresis_Bias/results/phase2_removal/mbert/en/seed42/final_debiased
2026-03-21 15:11:24 | INFO     | src.training.bias_removal | Removal complete: mbert/en/seed42 (1 checkpoints)
2026-03-21 15:11:24 | INFO     | 05_removal_mbert |   1 checkpoints saved
2026-03-21 15:11:24 | INFO     | 05_removal_mbert | --- mbert/en/seed123 ---
2026-03-21 15:11:24 | INFO     | src.models.loader | Loading model: mbert (bert-base-multilingual-cased) in float16
Some weights of the model checkpoint at bert-base-multilingual-cased were not used when initializing BertForMaskedLM: ['bert.pooler.dense.bias', 'bert.pooler.dense.weight', 'cls.seq_relationship.bias', 'cls.seq_relationship.weight']
- This IS expected if you are initializing BertForMaskedLM from the checkpoint of a model trained on another task or with another architecture (e.g. initializing a BertForSequenceClassification model from a BertForPreTraining model).
- This IS NOT expected if you are initializing BertForMaskedLM from the checkpoint of a model that you expect to be exactly identical (initializing a BertForSequenceClassification model from a BertForSequenceClassification model).
2026-03-21 15:11:26 | INFO     | src.models.loader |   ✓ Loaded mbert: 177,974,523 parameters
2026-03-21 15:11:26 | INFO     | src.models.loader |   ✓ LoRA checkpoint loaded from /root/Hysteresis_Bias/results/phase1_injection/mbert/en/seed123/final_biased
2026-03-21 15:11:26 | INFO     | src.training.bias_removal | Starting bias removal: mbert/en/seed123
2026-03-21 15:11:26 | INFO     | src.training.bias_removal |   LR=0.0002, batch_size=8, max_steps=2000
2026-03-21 15:11:26 | INFO     | src.training.bias_removal |   Baseline bias target: 0.5120
2026-03-21 15:11:56 | INFO     | src.evaluation.bias_calculator |   Bias evaluation (aul): overall=0.6739
2026-03-21 15:11:56 | INFO     | src.training.bias_removal |   Initial bias (post Phase 1): 0.6739
2026-03-21 15:12:34 | INFO     | src.evaluation.bias_calculator |   Bias evaluation (aul): overall=0.5493
2026-03-21 15:12:37 | INFO     | src.evaluation.capability_eval |   Perplexity: 29.01 (avg loss: 3.3678)
2026-03-21 15:12:37 | INFO     | src.training.bias_removal |   Step 25: bias=0.5493, ppl=29.01, loss=2.3401
2026-03-21 15:12:37 | INFO     | src.training.checkpoint_manager |   Checkpoint saved: /root/Hysteresis_Bias/results/phase2_removal/mbert/en/seed123/step25
2026-03-21 15:13:13 | INFO     | src.evaluation.bias_calculator |   Bias evaluation (aul): overall=0.5071
2026-03-21 15:13:15 | INFO     | src.evaluation.capability_eval |   Perplexity: 79.34 (avg loss: 4.3737)
2026-03-21 15:13:15 | INFO     | src.training.bias_removal |   Step 50: bias=0.5071, ppl=79.34, loss=3.5433
2026-03-21 15:13:15 | INFO     | src.training.checkpoint_manager |   Checkpoint saved: /root/Hysteresis_Bias/results/phase2_removal/mbert/en/seed123/step50
2026-03-21 15:13:15 | INFO     | src.training.bias_removal |   Bias returned to baseline at step 50
2026-03-21 15:13:16 | INFO     | src.training.checkpoint_manager |   Checkpoint saved: /root/Hysteresis_Bias/results/phase2_removal/mbert/en/seed123/final_debiased
2026-03-21 15:13:16 | INFO     | src.training.bias_removal | Removal complete: mbert/en/seed123 (2 checkpoints)
2026-03-21 15:13:16 | INFO     | 05_removal_mbert |   2 checkpoints saved
2026-03-21 15:13:16 | INFO     | 05_removal_mbert | --- mbert/en/seed456 ---
2026-03-21 15:13:16 | INFO     | src.models.loader | Loading model: mbert (bert-base-multilingual-cased) in float16
Some weights of the model checkpoint at bert-base-multilingual-cased were not used when initializing BertForMaskedLM: ['bert.pooler.dense.bias', 'bert.pooler.dense.weight', 'cls.seq_relationship.bias', 'cls.seq_relationship.weight']
- This IS expected if you are initializing BertForMaskedLM from the checkpoint of a model trained on another task or with another architecture (e.g. initializing a BertForSequenceClassification model from a BertForPreTraining model).
- This IS NOT expected if you are initializing BertForMaskedLM from the checkpoint of a model that you expect to be exactly identical (initializing a BertForSequenceClassification model from a BertForSequenceClassification model).
2026-03-21 15:13:18 | INFO     | src.models.loader |   ✓ Loaded mbert: 177,974,523 parameters
2026-03-21 15:13:18 | INFO     | src.models.loader |   ✓ LoRA checkpoint loaded from /root/Hysteresis_Bias/results/phase1_injection/mbert/en/seed456/final_biased
2026-03-21 15:13:18 | INFO     | src.training.bias_removal | Starting bias removal: mbert/en/seed456
2026-03-21 15:13:18 | INFO     | src.training.bias_removal |   LR=0.0002, batch_size=8, max_steps=2000
2026-03-21 15:13:18 | INFO     | src.training.bias_removal |   Baseline bias target: 0.5120
2026-03-21 15:13:50 | INFO     | src.evaluation.bias_calculator |   Bias evaluation (aul): overall=0.6844
2026-03-21 15:13:50 | INFO     | src.training.bias_removal |   Initial bias (post Phase 1): 0.6844
2026-03-21 15:14:28 | INFO     | src.evaluation.bias_calculator |   Bias evaluation (aul): overall=0.5457
2026-03-21 15:14:30 | INFO     | src.evaluation.capability_eval |   Perplexity: 16.42 (avg loss: 2.7983)
2026-03-21 15:14:30 | INFO     | src.training.bias_removal |   Step 25: bias=0.5457, ppl=16.42, loss=7.1281
2026-03-21 15:14:30 | INFO     | src.training.checkpoint_manager |   Checkpoint saved: /root/Hysteresis_Bias/results/phase2_removal/mbert/en/seed456/step25
2026-03-21 15:15:07 | INFO     | src.evaluation.bias_calculator |   Bias evaluation (aul): overall=0.5261
2026-03-21 15:15:09 | INFO     | src.evaluation.capability_eval |   Perplexity: 25.58 (avg loss: 3.2420)
2026-03-21 15:15:09 | INFO     | src.training.bias_removal |   Step 50: bias=0.5261, ppl=25.58, loss=2.0990
2026-03-21 15:15:09 | INFO     | src.training.checkpoint_manager |   Checkpoint saved: /root/Hysteresis_Bias/results/phase2_removal/mbert/en/seed456/step50
2026-03-21 15:15:09 | INFO     | src.training.bias_removal |   Bias returned to baseline at step 50
2026-03-21 15:15:10 | INFO     | src.training.checkpoint_manager |   Checkpoint saved: /root/Hysteresis_Bias/results/phase2_removal/mbert/en/seed456/final_debiased
2026-03-21 15:15:10 | INFO     | src.training.bias_removal | Removal complete: mbert/en/seed456 (2 checkpoints)
2026-03-21 15:15:10 | INFO     | 05_removal_mbert |   2 checkpoints saved
2026-03-21 15:15:10 | INFO     | 05_removal_mbert | --- mbert/hi/seed42 ---
2026-03-21 15:15:10 | INFO     | src.models.loader | Loading model: mbert (bert-base-multilingual-cased) in float16
Some weights of the model checkpoint at bert-base-multilingual-cased were not used when initializing BertForMaskedLM: ['bert.pooler.dense.bias', 'bert.pooler.dense.weight', 'cls.seq_relationship.bias', 'cls.seq_relationship.weight']
- This IS expected if you are initializing BertForMaskedLM from the checkpoint of a model trained on another task or with another architecture (e.g. initializing a BertForSequenceClassification model from a BertForPreTraining model).
- This IS NOT expected if you are initializing BertForMaskedLM from the checkpoint of a model that you expect to be exactly identical (initializing a BertForSequenceClassification model from a BertForSequenceClassification model).
2026-03-21 15:15:12 | INFO     | src.models.loader |   ✓ Loaded mbert: 177,974,523 parameters
2026-03-21 15:15:12 | INFO     | src.models.loader |   ✓ LoRA checkpoint loaded from /root/Hysteresis_Bias/results/phase1_injection/mbert/hi/seed42/final_biased
2026-03-21 15:15:12 | INFO     | src.training.bias_removal | Starting bias removal: mbert/hi/seed42
2026-03-21 15:15:12 | INFO     | src.training.bias_removal |   LR=0.0002, batch_size=8, max_steps=2000
2026-03-21 15:15:12 | INFO     | src.training.bias_removal |   Baseline bias target: 0.5120
2026-03-21 15:16:12 | INFO     | src.evaluation.bias_calculator |   Bias evaluation (aul): overall=0.5783
2026-03-21 15:16:12 | INFO     | src.training.bias_removal |   Initial bias (post Phase 1): 0.5783
2026-03-21 15:17:23 | INFO     | src.evaluation.bias_calculator |   Bias evaluation (aul): overall=0.5347
2026-03-21 15:17:25 | INFO     | src.evaluation.capability_eval |   Perplexity: 23.84 (avg loss: 3.1716)
2026-03-21 15:17:25 | INFO     | src.training.bias_removal |   Step 25: bias=0.5347, ppl=23.84, loss=1.4212
2026-03-21 15:17:25 | INFO     | src.training.checkpoint_manager |   Checkpoint saved: /root/Hysteresis_Bias/results/phase2_removal/mbert/hi/seed42/step25
2026-03-21 15:18:33 | INFO     | src.evaluation.bias_calculator |   Bias evaluation (aul): overall=0.4959
2026-03-21 15:18:35 | INFO     | src.evaluation.capability_eval |   Perplexity: 98.15 (avg loss: 4.5865)
2026-03-21 15:18:35 | INFO     | src.training.bias_removal |   Step 50: bias=0.4959, ppl=98.15, loss=0.6144
2026-03-21 15:18:36 | INFO     | src.training.checkpoint_manager |   Checkpoint saved: /root/Hysteresis_Bias/results/phase2_removal/mbert/hi/seed42/step50
2026-03-21 15:18:36 | INFO     | src.training.bias_removal |   Bias returned to baseline at step 50
2026-03-21 15:18:36 | INFO     | src.training.checkpoint_manager |   Checkpoint saved: /root/Hysteresis_Bias/results/phase2_removal/mbert/hi/seed42/final_debiased
2026-03-21 15:18:36 | INFO     | src.training.bias_removal | Removal complete: mbert/hi/seed42 (2 checkpoints)
2026-03-21 15:18:36 | INFO     | 05_removal_mbert |   2 checkpoints saved
2026-03-21 15:18:36 | INFO     | 05_removal_mbert | --- mbert/hi/seed123 ---
2026-03-21 15:18:36 | INFO     | src.models.loader | Loading model: mbert (bert-base-multilingual-cased) in float16
Some weights of the model checkpoint at bert-base-multilingual-cased were not used when initializing BertForMaskedLM: ['bert.pooler.dense.bias', 'bert.pooler.dense.weight', 'cls.seq_relationship.bias', 'cls.seq_relationship.weight']
- This IS expected if you are initializing BertForMaskedLM from the checkpoint of a model trained on another task or with another architecture (e.g. initializing a BertForSequenceClassification model from a BertForPreTraining model).
- This IS NOT expected if you are initializing BertForMaskedLM from the checkpoint of a model that you expect to be exactly identical (initializing a BertForSequenceClassification model from a BertForSequenceClassification model).
2026-03-21 15:18:37 | INFO     | src.models.loader |   ✓ Loaded mbert: 177,974,523 parameters
2026-03-21 15:18:38 | INFO     | src.models.loader |   ✓ LoRA checkpoint loaded from /root/Hysteresis_Bias/results/phase1_injection/mbert/hi/seed123/final_biased
2026-03-21 15:18:38 | INFO     | src.training.bias_removal | Starting bias removal: mbert/hi/seed123
2026-03-21 15:18:38 | INFO     | src.training.bias_removal |   LR=0.0002, batch_size=8, max_steps=2000
2026-03-21 15:18:38 | INFO     | src.training.bias_removal |   Baseline bias target: 0.5120
2026-03-21 15:19:42 | INFO     | src.evaluation.bias_calculator |   Bias evaluation (aul): overall=0.5815
2026-03-21 15:19:42 | INFO     | src.training.bias_removal |   Initial bias (post Phase 1): 0.5815
2026-03-21 15:20:51 | INFO     | src.evaluation.bias_calculator |   Bias evaluation (aul): overall=0.5353
2026-03-21 15:20:53 | INFO     | src.evaluation.capability_eval |   Perplexity: 13.77 (avg loss: 2.6225)
2026-03-21 15:20:53 | INFO     | src.training.bias_removal |   Step 25: bias=0.5353, ppl=13.77, loss=0.6777
2026-03-21 15:20:53 | INFO     | src.training.checkpoint_manager |   Checkpoint saved: /root/Hysteresis_Bias/results/phase2_removal/mbert/hi/seed123/step25
2026-03-21 15:22:01 | INFO     | src.evaluation.bias_calculator |   Bias evaluation (aul): overall=0.5024
2026-03-21 15:22:03 | INFO     | src.evaluation.capability_eval |   Perplexity: 20.12 (avg loss: 3.0015)
2026-03-21 15:22:03 | INFO     | src.training.bias_removal |   Step 50: bias=0.5024, ppl=20.12, loss=0.6173
2026-03-21 15:22:03 | INFO     | src.training.checkpoint_manager |   Checkpoint saved: /root/Hysteresis_Bias/results/phase2_removal/mbert/hi/seed123/step50
2026-03-21 15:22:03 | INFO     | src.training.bias_removal |   Bias returned to baseline at step 50
2026-03-21 15:22:03 | INFO     | src.training.checkpoint_manager |   Checkpoint saved: /root/Hysteresis_Bias/results/phase2_removal/mbert/hi/seed123/final_debiased
2026-03-21 15:22:03 | INFO     | src.training.bias_removal | Removal complete: mbert/hi/seed123 (2 checkpoints)
2026-03-21 15:22:03 | INFO     | 05_removal_mbert |   2 checkpoints saved
2026-03-21 15:22:03 | INFO     | 05_removal_mbert | --- mbert/hi/seed456 ---
2026-03-21 15:22:03 | INFO     | src.models.loader | Loading model: mbert (bert-base-multilingual-cased) in float16
Some weights of the model checkpoint at bert-base-multilingual-cased were not used when initializing BertForMaskedLM: ['bert.pooler.dense.bias', 'bert.pooler.dense.weight', 'cls.seq_relationship.bias', 'cls.seq_relationship.weight']
- This IS expected if you are initializing BertForMaskedLM from the checkpoint of a model trained on another task or with another architecture (e.g. initializing a BertForSequenceClassification model from a BertForPreTraining model).
- This IS NOT expected if you are initializing BertForMaskedLM from the checkpoint of a model that you expect to be exactly identical (initializing a BertForSequenceClassification model from a BertForSequenceClassification model).
2026-03-21 15:22:06 | INFO     | src.models.loader |   ✓ Loaded mbert: 177,974,523 parameters
2026-03-21 15:22:06 | INFO     | src.models.loader |   ✓ LoRA checkpoint loaded from /root/Hysteresis_Bias/results/phase1_injection/mbert/hi/seed456/final_biased
2026-03-21 15:22:06 | INFO     | src.training.bias_removal | Starting bias removal: mbert/hi/seed456
2026-03-21 15:22:06 | INFO     | src.training.bias_removal |   LR=0.0002, batch_size=8, max_steps=2000
2026-03-21 15:22:06 | INFO     | src.training.bias_removal |   Baseline bias target: 0.5120
2026-03-21 15:23:07 | INFO     | src.evaluation.bias_calculator |   Bias evaluation (aul): overall=0.5869
2026-03-21 15:23:07 | INFO     | src.training.bias_removal |   Initial bias (post Phase 1): 0.5869
2026-03-21 15:24:17 | INFO     | src.evaluation.bias_calculator |   Bias evaluation (aul): overall=0.5166
2026-03-21 15:24:19 | INFO     | src.evaluation.capability_eval |   Perplexity: 23.28 (avg loss: 3.1477)
2026-03-21 15:24:19 | INFO     | src.training.bias_removal |   Step 25: bias=0.5166, ppl=23.28, loss=0.9022
2026-03-21 15:24:19 | INFO     | src.training.checkpoint_manager |   Checkpoint saved: /root/Hysteresis_Bias/results/phase2_removal/mbert/hi/seed456/step25
2026-03-21 15:24:19 | INFO     | src.training.bias_removal |   Bias returned to baseline at step 25
2026-03-21 15:24:20 | INFO     | src.training.checkpoint_manager |   Checkpoint saved: /root/Hysteresis_Bias/results/phase2_removal/mbert/hi/seed456/final_debiased
2026-03-21 15:24:20 | INFO     | src.training.bias_removal | Removal complete: mbert/hi/seed456 (1 checkpoints)
2026-03-21 15:24:20 | INFO     | 05_removal_mbert |   1 checkpoints saved
2026-03-21 15:24:20 | INFO     | 05_removal_mbert | --- mbert/bn/seed42 ---
2026-03-21 15:24:20 | INFO     | src.models.loader | Loading model: mbert (bert-base-multilingual-cased) in float16
Some weights of the model checkpoint at bert-base-multilingual-cased were not used when initializing BertForMaskedLM: ['bert.pooler.dense.bias', 'bert.pooler.dense.weight', 'cls.seq_relationship.bias', 'cls.seq_relationship.weight']
- This IS expected if you are initializing BertForMaskedLM from the checkpoint of a model trained on another task or with another architecture (e.g. initializing a BertForSequenceClassification model from a BertForPreTraining model).
- This IS NOT expected if you are initializing BertForMaskedLM from the checkpoint of a model that you expect to be exactly identical (initializing a BertForSequenceClassification model from a BertForSequenceClassification model).
2026-03-21 15:24:22 | INFO     | src.models.loader |   ✓ Loaded mbert: 177,974,523 parameters
2026-03-21 15:24:22 | INFO     | src.models.loader |   ✓ LoRA checkpoint loaded from /root/Hysteresis_Bias/results/phase1_injection/mbert/bn/seed42/final_biased
2026-03-21 15:24:22 | INFO     | src.training.bias_removal | Starting bias removal: mbert/bn/seed42
2026-03-21 15:24:22 | INFO     | src.training.bias_removal |   LR=0.0002, batch_size=8, max_steps=2000
2026-03-21 15:24:22 | INFO     | src.training.bias_removal |   Baseline bias target: 0.5239
2026-03-21 15:25:36 | INFO     | src.evaluation.bias_calculator |   Bias evaluation (aul): overall=0.6020
2026-03-21 15:25:36 | INFO     | src.training.bias_removal |   Initial bias (post Phase 1): 0.6020
2026-03-21 15:26:55 | INFO     | src.evaluation.bias_calculator |   Bias evaluation (aul): overall=0.5848
2026-03-21 15:26:57 | INFO     | src.evaluation.capability_eval |   Perplexity: 11.22 (avg loss: 2.4174)
2026-03-21 15:26:57 | INFO     | src.training.bias_removal |   Step 25: bias=0.5848, ppl=11.22, loss=0.4757
2026-03-21 15:26:58 | INFO     | src.training.checkpoint_manager |   Checkpoint saved: /root/Hysteresis_Bias/results/phase2_removal/mbert/bn/seed42/step25
2026-03-21 15:28:21 | INFO     | src.evaluation.bias_calculator |   Bias evaluation (aul): overall=0.5679
2026-03-21 15:28:23 | INFO     | src.evaluation.capability_eval |   Perplexity: 17.68 (avg loss: 2.8725)
2026-03-21 15:28:23 | INFO     | src.training.bias_removal |   Step 50: bias=0.5679, ppl=17.68, loss=0.1074
2026-03-21 15:28:24 | INFO     | src.training.checkpoint_manager |   Checkpoint saved: /root/Hysteresis_Bias/results/phase2_removal/mbert/bn/seed42/step50
2026-03-21 15:29:31 | INFO     | src.evaluation.bias_calculator |   Bias evaluation (aul): overall=0.5334
2026-03-21 15:29:32 | INFO     | src.evaluation.capability_eval |   Perplexity: 50.76 (avg loss: 3.9270)
2026-03-21 15:29:32 | INFO     | src.training.bias_removal |   Step 75: bias=0.5334, ppl=50.76, loss=0.0725
2026-03-21 15:29:32 | INFO     | src.training.checkpoint_manager |   Checkpoint saved: /root/Hysteresis_Bias/results/phase2_removal/mbert/bn/seed42/step75
2026-03-21 15:29:32 | INFO     | src.training.bias_removal |   Bias returned to baseline at step 75
2026-03-21 15:29:33 | INFO     | src.training.checkpoint_manager |   Checkpoint saved: /root/Hysteresis_Bias/results/phase2_removal/mbert/bn/seed42/final_debiased
2026-03-21 15:29:33 | INFO     | src.training.bias_removal | Removal complete: mbert/bn/seed42 (3 checkpoints)
2026-03-21 15:29:33 | INFO     | 05_removal_mbert |   3 checkpoints saved
2026-03-21 15:29:33 | INFO     | 05_removal_mbert | --- mbert/bn/seed123 ---
2026-03-21 15:29:33 | INFO     | src.models.loader | Loading model: mbert (bert-base-multilingual-cased) in float16
Some weights of the model checkpoint at bert-base-multilingual-cased were not used when initializing BertForMaskedLM: ['bert.pooler.dense.bias', 'bert.pooler.dense.weight', 'cls.seq_relationship.bias', 'cls.seq_relationship.weight']
- This IS expected if you are initializing BertForMaskedLM from the checkpoint of a model trained on another task or with another architecture (e.g. initializing a BertForSequenceClassification model from a BertForPreTraining model).
- This IS NOT expected if you are initializing BertForMaskedLM from the checkpoint of a model that you expect to be exactly identical (initializing a BertForSequenceClassification model from a BertForSequenceClassification model).
2026-03-21 15:29:34 | INFO     | src.models.loader |   ✓ Loaded mbert: 177,974,523 parameters
2026-03-21 15:29:34 | INFO     | src.models.loader |   ✓ LoRA checkpoint loaded from /root/Hysteresis_Bias/results/phase1_injection/mbert/bn/seed123/final_biased
2026-03-21 15:29:34 | INFO     | src.training.bias_removal | Starting bias removal: mbert/bn/seed123
2026-03-21 15:29:34 | INFO     | src.training.bias_removal |   LR=0.0002, batch_size=8, max_steps=2000
2026-03-21 15:29:34 | INFO     | src.training.bias_removal |   Baseline bias target: 0.5239
2026-03-21 15:30:30 | INFO     | src.evaluation.bias_calculator |   Bias evaluation (aul): overall=0.5849
2026-03-21 15:30:30 | INFO     | src.training.bias_removal |   Initial bias (post Phase 1): 0.5849
2026-03-21 15:31:31 | INFO     | src.evaluation.bias_calculator |   Bias evaluation (aul): overall=0.5651
2026-03-21 15:31:33 | INFO     | src.evaluation.capability_eval |   Perplexity: 15.39 (avg loss: 2.7338)
2026-03-21 15:31:33 | INFO     | src.training.bias_removal |   Step 25: bias=0.5651, ppl=15.39, loss=1.2030
2026-03-21 15:31:33 | INFO     | src.training.checkpoint_manager |   Checkpoint saved: /root/Hysteresis_Bias/results/phase2_removal/mbert/bn/seed123/step25
2026-03-21 15:32:32 | INFO     | src.evaluation.bias_calculator |   Bias evaluation (aul): overall=0.5537
2026-03-21 15:32:34 | INFO     | src.evaluation.capability_eval |   Perplexity: 19.17 (avg loss: 2.9535)
2026-03-21 15:32:34 | INFO     | src.training.bias_removal |   Step 50: bias=0.5537, ppl=19.17, loss=0.3688
2026-03-21 15:32:34 | INFO     | src.training.checkpoint_manager |   Checkpoint saved: /root/Hysteresis_Bias/results/phase2_removal/mbert/bn/seed123/step50
2026-03-21 15:33:37 | INFO     | src.evaluation.bias_calculator |   Bias evaluation (aul): overall=0.5466
2026-03-21 15:33:39 | INFO     | src.evaluation.capability_eval |   Perplexity: 36.22 (avg loss: 3.5895)
2026-03-21 15:33:39 | INFO     | src.training.bias_removal |   Step 75: bias=0.5466, ppl=36.22, loss=0.2961
2026-03-21 15:33:39 | INFO     | src.training.checkpoint_manager |   Checkpoint saved: /root/Hysteresis_Bias/results/phase2_removal/mbert/bn/seed123/step75
2026-03-21 15:34:40 | INFO     | src.evaluation.bias_calculator |   Bias evaluation (aul): overall=0.5390
2026-03-21 15:34:42 | INFO     | src.evaluation.capability_eval |   Perplexity: 65.78 (avg loss: 4.1862)
2026-03-21 15:34:42 | INFO     | src.training.bias_removal |   Step 100: bias=0.5390, ppl=65.78, loss=0.2563
2026-03-21 15:34:42 | INFO     | src.training.checkpoint_manager |   Checkpoint saved: /root/Hysteresis_Bias/results/phase2_removal/mbert/bn/seed123/step100
2026-03-21 15:34:42 | INFO     | src.training.bias_removal |   Bias returned to baseline at step 100
2026-03-21 15:34:42 | INFO     | src.training.checkpoint_manager |   Checkpoint saved: /root/Hysteresis_Bias/results/phase2_removal/mbert/bn/seed123/final_debiased
2026-03-21 15:34:42 | INFO     | src.training.bias_removal | Removal complete: mbert/bn/seed123 (4 checkpoints)
2026-03-21 15:34:42 | INFO     | 05_removal_mbert |   4 checkpoints saved
2026-03-21 15:34:42 | INFO     | 05_removal_mbert | --- mbert/bn/seed456 ---
2026-03-21 15:34:42 | INFO     | src.models.loader | Loading model: mbert (bert-base-multilingual-cased) in float16
Some weights of the model checkpoint at bert-base-multilingual-cased were not used when initializing BertForMaskedLM: ['bert.pooler.dense.bias', 'bert.pooler.dense.weight', 'cls.seq_relationship.bias', 'cls.seq_relationship.weight']
- This IS expected if you are initializing BertForMaskedLM from the checkpoint of a model trained on another task or with another architecture (e.g. initializing a BertForSequenceClassification model from a BertForPreTraining model).
- This IS NOT expected if you are initializing BertForMaskedLM from the checkpoint of a model that you expect to be exactly identical (initializing a BertForSequenceClassification model from a BertForSequenceClassification model).
2026-03-21 15:34:44 | INFO     | src.models.loader |   ✓ Loaded mbert: 177,974,523 parameters
2026-03-21 15:34:44 | INFO     | src.models.loader |   ✓ LoRA checkpoint loaded from /root/Hysteresis_Bias/results/phase1_injection/mbert/bn/seed456/final_biased
2026-03-21 15:34:44 | INFO     | src.training.bias_removal | Starting bias removal: mbert/bn/seed456
2026-03-21 15:34:44 | INFO     | src.training.bias_removal |   LR=0.0002, batch_size=8, max_steps=2000
2026-03-21 15:34:44 | INFO     | src.training.bias_removal |   Baseline bias target: 0.5239
2026-03-21 15:35:37 | INFO     | src.evaluation.bias_calculator |   Bias evaluation (aul): overall=0.6030
2026-03-21 15:35:37 | INFO     | src.training.bias_removal |   Initial bias (post Phase 1): 0.6030
2026-03-21 15:36:38 | INFO     | src.evaluation.bias_calculator |   Bias evaluation (aul): overall=0.5780
2026-03-21 15:36:40 | INFO     | src.evaluation.capability_eval |   Perplexity: 28.00 (avg loss: 3.3322)
2026-03-21 15:36:40 | INFO     | src.training.bias_removal |   Step 25: bias=0.5780, ppl=28.00, loss=1.1353
2026-03-21 15:36:41 | INFO     | src.training.checkpoint_manager |   Checkpoint saved: /root/Hysteresis_Bias/results/phase2_removal/mbert/bn/seed456/step25
2026-03-21 15:37:32 | INFO     | src.evaluation.bias_calculator |   Bias evaluation (aul): overall=0.5479
2026-03-21 15:37:34 | INFO     | src.evaluation.capability_eval |   Perplexity: 55.35 (avg loss: 4.0136)
2026-03-21 15:37:34 | INFO     | src.training.bias_removal |   Step 50: bias=0.5479, ppl=55.35, loss=0.4063
2026-03-21 15:37:34 | INFO     | src.training.checkpoint_manager |   Checkpoint saved: /root/Hysteresis_Bias/results/phase2_removal/mbert/bn/seed456/step50
2026-03-21 15:38:20 | INFO     | src.evaluation.bias_calculator |   Bias evaluation (aul): overall=0.5291
2026-03-21 15:38:22 | INFO     | src.evaluation.capability_eval |   Perplexity: 127.62 (avg loss: 4.8491)
2026-03-21 15:38:22 | INFO     | src.training.bias_removal |   Step 75: bias=0.5291, ppl=127.62, loss=0.1032
2026-03-21 15:38:22 | INFO     | src.training.checkpoint_manager |   Checkpoint saved: /root/Hysteresis_Bias/results/phase2_removal/mbert/bn/seed456/step75
2026-03-21 15:38:22 | INFO     | src.training.bias_removal |   Bias returned to baseline at step 75
2026-03-21 15:38:22 | INFO     | src.training.checkpoint_manager |   Checkpoint saved: /root/Hysteresis_Bias/results/phase2_removal/mbert/bn/seed456/final_debiased
2026-03-21 15:38:22 | INFO     | src.training.bias_removal | Removal complete: mbert/bn/seed456 (3 checkpoints)
2026-03-21 15:38:22 | INFO     | 05_removal_mbert |   3 checkpoints saved
2026-03-21 15:38:22 | INFO     | 05_removal_mbert | Done with mbert
