2026-03-21 11:35:42 | INFO     | src.training.bias_injection | Starting bias injection: xlm-roberta/en/seed42
2026-03-21 11:35:42 | INFO     | src.training.bias_injection |   LR=0.0002, batch_size=8, max_steps=500
2026-03-21 11:36:13 | INFO     | src.training.bias_injection |   Step 25: bias=0.6231, ppl=7.79, loss=4.1289
2026-03-21 11:36:48 | INFO     | src.training.bias_injection |   Step 50: bias=0.6513, ppl=8.24, loss=7.7617
2026-03-21 11:37:22 | INFO     | src.training.bias_injection |   Step 75: bias=0.6764, ppl=10.98, loss=5.8672
2026-03-21 11:37:56 | INFO     | src.training.bias_injection |   Step 100: bias=0.6877, ppl=12.18, loss=6.7344
2026-03-21 11:38:31 | INFO     | src.training.bias_injection |   Step 125: bias=0.6727, ppl=12.24, loss=4.4141
2026-03-21 11:39:05 | INFO     | src.training.bias_injection |   Step 150: bias=0.6754, ppl=12.44, loss=5.6602
2026-03-21 11:39:40 | INFO     | src.training.bias_injection |   Step 175: bias=0.6980, ppl=10.47, loss=3.9824
2026-03-21 11:40:14 | INFO     | src.training.bias_injection |   Step 200: bias=0.6880, ppl=10.27, loss=3.2500
2026-03-21 11:40:49 | INFO     | src.training.bias_injection |   Step 225: bias=0.6978, ppl=11.70, loss=3.8574
2026-03-21 11:41:23 | INFO     | src.training.bias_injection |   Step 250: bias=0.6946, ppl=10.74, loss=5.0039
2026-03-21 11:41:58 | INFO     | src.training.bias_injection |   Step 275: bias=0.6702, ppl=9.18, loss=5.1094
2026-03-21 11:42:32 | INFO     | src.training.bias_injection |   Step 300: bias=0.6763, ppl=10.28, loss=2.4766
2026-03-21 11:43:07 | INFO     | src.training.bias_injection |   Step 325: bias=0.6746, ppl=11.01, loss=4.0156
2026-03-21 11:43:41 | INFO     | src.training.bias_injection |   Step 350: bias=0.6801, ppl=10.44, loss=4.0547
2026-03-21 11:44:15 | INFO     | src.training.bias_injection |   Step 375: bias=0.6873, ppl=10.42, loss=4.1953
2026-03-21 11:44:50 | INFO     | src.training.bias_injection |   Step 400: bias=0.6863, ppl=13.04, loss=5.4883
2026-03-21 11:45:24 | INFO     | src.training.bias_injection |   Step 425: bias=0.6877, ppl=12.27, loss=3.2305
2026-03-21 11:45:59 | INFO     | src.training.bias_injection |   Step 450: bias=0.6844, ppl=10.52, loss=3.5215
2026-03-21 11:46:34 | INFO     | src.training.bias_injection |   Step 475: bias=0.6913, ppl=11.16, loss=3.8301
2026-03-21 11:47:08 | INFO     | src.training.bias_injection |   Step 500: bias=0.6929, ppl=11.58, loss=3.5449
2026-03-21 11:47:08 | INFO     | src.training.bias_injection | Injection complete: xlm-roberta/en/seed42 (20 checkpoints)
2026-03-21 11:47:10 | INFO     | src.training.bias_injection | Starting bias injection: xlm-roberta/en/seed123
2026-03-21 11:47:10 | INFO     | src.training.bias_injection |   LR=0.0002, batch_size=8, max_steps=500
2026-03-21 11:47:45 | INFO     | src.training.bias_injection |   Step 25: bias=0.6352, ppl=7.52, loss=7.2617
2026-03-21 11:48:19 | INFO     | src.training.bias_injection |   Step 50: bias=0.6496, ppl=8.72, loss=4.9609
2026-03-21 11:48:54 | INFO     | src.training.bias_injection |   Step 75: bias=0.6700, ppl=10.10, loss=5.1133
2026-03-21 11:49:29 | INFO     | src.training.bias_injection |   Step 100: bias=0.6592, ppl=10.01, loss=5.9414
2026-03-21 11:50:03 | INFO     | src.training.bias_injection |   Step 125: bias=0.6846, ppl=11.32, loss=3.2891
2026-03-21 11:50:38 | INFO     | src.training.bias_injection |   Step 150: bias=0.6726, ppl=10.81, loss=3.7051
2026-03-21 11:51:12 | INFO     | src.training.bias_injection |   Step 175: bias=0.6712, ppl=12.30, loss=5.1758
2026-03-21 11:51:46 | INFO     | src.training.bias_injection |   Step 200: bias=0.6705, ppl=9.60, loss=4.2383
2026-03-21 11:52:20 | INFO     | src.training.bias_injection |   Step 225: bias=0.6717, ppl=14.92, loss=4.4844
2026-03-21 11:52:55 | INFO     | src.training.bias_injection |   Step 250: bias=0.6659, ppl=11.35, loss=5.3867
2026-03-21 11:53:29 | INFO     | src.training.bias_injection |   Step 275: bias=0.6917, ppl=12.53, loss=6.7578
2026-03-21 11:54:03 | INFO     | src.training.bias_injection |   Step 300: bias=0.6893, ppl=11.58, loss=3.7227
2026-03-21 11:54:38 | INFO     | src.training.bias_injection |   Step 325: bias=0.6695, ppl=14.81, loss=3.8398
2026-03-21 11:55:13 | INFO     | src.training.bias_injection |   Step 350: bias=0.6927, ppl=13.39, loss=4.0977
2026-03-21 11:55:47 | INFO     | src.training.bias_injection |   Step 375: bias=0.6930, ppl=12.18, loss=4.5859
2026-03-21 11:56:23 | INFO     | src.training.bias_injection |   Step 400: bias=0.6880, ppl=13.30, loss=3.4297
2026-03-21 11:56:57 | INFO     | src.training.bias_injection |   Step 425: bias=0.6983, ppl=15.13, loss=6.6875
2026-03-21 11:57:31 | INFO     | src.training.bias_injection |   Step 450: bias=0.7014, ppl=11.53, loss=4.1172
2026-03-21 11:58:06 | INFO     | src.training.bias_injection |   Step 475: bias=0.6801, ppl=11.06, loss=4.0820
2026-03-21 11:58:40 | INFO     | src.training.bias_injection |   Step 500: bias=0.6752, ppl=14.41, loss=4.7656
2026-03-21 11:58:41 | INFO     | src.training.bias_injection | Injection complete: xlm-roberta/en/seed123 (20 checkpoints)
2026-03-21 11:58:43 | INFO     | src.training.bias_injection | Starting bias injection: xlm-roberta/en/seed456
2026-03-21 11:58:43 | INFO     | src.training.bias_injection |   LR=0.0002, batch_size=8, max_steps=500
2026-03-21 11:59:18 | INFO     | src.training.bias_injection |   Step 25: bias=0.6303, ppl=7.07, loss=7.1914
2026-03-21 11:59:52 | INFO     | src.training.bias_injection |   Step 50: bias=0.6430, ppl=8.79, loss=6.4961
2026-03-21 12:00:27 | INFO     | src.training.bias_injection |   Step 75: bias=0.6580, ppl=8.97, loss=6.3555
2026-03-21 12:01:02 | INFO     | src.training.bias_injection |   Step 100: bias=0.6682, ppl=10.73, loss=5.2148
2026-03-21 12:01:36 | INFO     | src.training.bias_injection |   Step 125: bias=0.6650, ppl=10.47, loss=5.7031
2026-03-21 12:02:11 | INFO     | src.training.bias_injection |   Step 150: bias=0.6746, ppl=12.82, loss=4.7656
2026-03-21 12:02:46 | INFO     | src.training.bias_injection |   Step 175: bias=0.6764, ppl=11.75, loss=3.5156
2026-03-21 12:03:21 | INFO     | src.training.bias_injection |   Step 200: bias=0.6937, ppl=13.04, loss=4.3672
2026-03-21 12:03:56 | INFO     | src.training.bias_injection |   Step 225: bias=0.6908, ppl=12.73, loss=2.6797
2026-03-21 12:04:30 | INFO     | src.training.bias_injection |   Step 250: bias=0.6800, ppl=12.54, loss=3.8809
2026-03-21 12:05:04 | INFO     | src.training.bias_injection |   Step 275: bias=0.6872, ppl=12.61, loss=4.4336
2026-03-21 12:05:39 | INFO     | src.training.bias_injection |   Step 300: bias=0.6846, ppl=12.40, loss=3.1484
2026-03-21 12:06:14 | INFO     | src.training.bias_injection |   Step 325: bias=0.6787, ppl=9.52, loss=3.5332
2026-03-21 12:06:48 | INFO     | src.training.bias_injection |   Step 350: bias=0.6832, ppl=14.03, loss=3.1621
2026-03-21 12:07:23 | INFO     | src.training.bias_injection |   Step 375: bias=0.6668, ppl=14.23, loss=2.9844
2026-03-21 12:07:58 | INFO     | src.training.bias_injection |   Step 400: bias=0.6761, ppl=11.20, loss=3.2363
2026-03-21 12:08:33 | INFO     | src.training.bias_injection |   Step 425: bias=0.6777, ppl=13.22, loss=2.9316
2026-03-21 12:09:07 | INFO     | src.training.bias_injection |   Step 450: bias=0.6758, ppl=12.59, loss=4.5039
2026-03-21 12:09:42 | INFO     | src.training.bias_injection |   Step 475: bias=0.6976, ppl=15.35, loss=5.5352
2026-03-21 12:10:16 | INFO     | src.training.bias_injection |   Step 500: bias=0.6882, ppl=11.14, loss=3.6738
2026-03-21 12:10:16 | INFO     | src.training.bias_injection | Injection complete: xlm-roberta/en/seed456 (20 checkpoints)
2026-03-21 12:10:19 | INFO     | src.training.bias_injection | Starting bias injection: xlm-roberta/hi/seed42
2026-03-21 12:10:19 | INFO     | src.training.bias_injection |   LR=0.0002, batch_size=8, max_steps=500
2026-03-21 12:11:04 | INFO     | src.training.bias_injection |   Step 25: bias=0.6102, ppl=7.55, loss=6.9531
2026-03-21 12:11:50 | INFO     | src.training.bias_injection |   Step 50: bias=0.6304, ppl=9.94, loss=5.4648
2026-03-21 12:12:36 | INFO     | src.training.bias_injection |   Step 75: bias=0.6304, ppl=11.37, loss=4.8711
2026-03-21 12:13:21 | INFO     | src.training.bias_injection |   Step 100: bias=0.6372, ppl=11.40, loss=4.6992
2026-03-21 12:14:06 | INFO     | src.training.bias_injection |   Step 125: bias=0.6497, ppl=10.73, loss=4.5234
2026-03-21 12:14:52 | INFO     | src.training.bias_injection |   Step 150: bias=0.6345, ppl=11.02, loss=3.8359
2026-03-21 12:15:38 | INFO     | src.training.bias_injection |   Step 175: bias=0.6390, ppl=13.74, loss=4.3398
2026-03-21 12:16:24 | INFO     | src.training.bias_injection |   Step 200: bias=0.6575, ppl=14.07, loss=4.7578
2026-03-21 12:17:09 | INFO     | src.training.bias_injection |   Step 225: bias=0.6328, ppl=11.97, loss=4.4688
2026-03-21 12:17:55 | INFO     | src.training.bias_injection |   Step 250: bias=0.6536, ppl=11.30, loss=4.9844
2026-03-21 12:18:41 | INFO     | src.training.bias_injection |   Step 275: bias=0.6518, ppl=13.17, loss=5.7656
2026-03-21 12:19:27 | INFO     | src.training.bias_injection |   Step 300: bias=0.6563, ppl=12.51, loss=4.0352
2026-03-21 12:20:12 | INFO     | src.training.bias_injection |   Step 325: bias=0.6466, ppl=15.68, loss=4.9688
2026-03-21 12:20:58 | INFO     | src.training.bias_injection |   Step 350: bias=0.6418, ppl=13.87, loss=5.1719
2026-03-21 12:21:44 | INFO     | src.training.bias_injection |   Step 375: bias=0.6369, ppl=14.31, loss=4.4141
2026-03-21 12:22:29 | INFO     | src.training.bias_injection |   Step 400: bias=0.6469, ppl=13.27, loss=5.3867
2026-03-21 12:23:15 | INFO     | src.training.bias_injection |   Step 425: bias=0.6421, ppl=11.31, loss=4.5430
2026-03-21 12:24:00 | INFO     | src.training.bias_injection |   Step 450: bias=0.6423, ppl=11.97, loss=4.4609
2026-03-21 12:24:46 | INFO     | src.training.bias_injection |   Step 475: bias=0.6416, ppl=12.98, loss=3.9141
2026-03-21 12:25:32 | INFO     | src.training.bias_injection |   Step 500: bias=0.6433, ppl=11.79, loss=3.9395
2026-03-21 12:25:32 | INFO     | src.training.bias_injection | Injection complete: xlm-roberta/hi/seed42 (20 checkpoints)
2026-03-21 12:25:35 | INFO     | src.training.bias_injection | Starting bias injection: xlm-roberta/hi/seed123
2026-03-21 12:25:35 | INFO     | src.training.bias_injection |   LR=0.0002, batch_size=8, max_steps=500
2026-03-21 12:26:20 | INFO     | src.training.bias_injection |   Step 25: bias=0.5987, ppl=7.26, loss=6.7500
2026-03-21 12:27:07 | INFO     | src.training.bias_injection |   Step 50: bias=0.6372, ppl=12.28, loss=4.0039
2026-03-21 12:27:53 | INFO     | src.training.bias_injection |   Step 75: bias=0.6334, ppl=11.20, loss=5.4453
2026-03-21 12:28:39 | INFO     | src.training.bias_injection |   Step 100: bias=0.6364, ppl=10.37, loss=5.8164
2026-03-21 12:29:25 | INFO     | src.training.bias_injection |   Step 125: bias=0.6332, ppl=13.55, loss=6.0352
2026-03-21 12:30:12 | INFO     | src.training.bias_injection |   Step 150: bias=0.6315, ppl=12.89, loss=6.2109
2026-03-21 12:30:58 | INFO     | src.training.bias_injection |   Step 175: bias=0.6387, ppl=17.08, loss=4.5078
2026-03-21 12:31:45 | INFO     | src.training.bias_injection |   Step 200: bias=0.6312, ppl=15.62, loss=4.3789
2026-03-21 12:32:32 | INFO     | src.training.bias_injection |   Step 225: bias=0.6429, ppl=14.78, loss=3.6934
2026-03-21 12:33:18 | INFO     | src.training.bias_injection |   Step 250: bias=0.6586, ppl=12.90, loss=5.4883
2026-03-21 12:34:05 | INFO     | src.training.bias_injection |   Step 275: bias=0.6558, ppl=13.00, loss=5.8359
2026-03-21 12:34:51 | INFO     | src.training.bias_injection |   Step 300: bias=0.6469, ppl=15.53, loss=6.3672
2026-03-21 12:35:38 | INFO     | src.training.bias_injection |   Step 325: bias=0.6428, ppl=14.12, loss=4.1836
2026-03-21 12:36:24 | INFO     | src.training.bias_injection |   Step 350: bias=0.6502, ppl=15.01, loss=6.2930
2026-03-21 12:37:12 | INFO     | src.training.bias_injection |   Step 375: bias=0.6530, ppl=13.26, loss=5.2656
2026-03-21 12:37:58 | INFO     | src.training.bias_injection |   Step 400: bias=0.6415, ppl=12.39, loss=2.8555
2026-03-21 12:38:46 | INFO     | src.training.bias_injection |   Step 425: bias=0.6442, ppl=15.45, loss=3.3633
2026-03-21 12:39:33 | INFO     | src.training.bias_injection |   Step 450: bias=0.6391, ppl=13.27, loss=6.6797
2026-03-21 12:40:20 | INFO     | src.training.bias_injection |   Step 475: bias=0.6582, ppl=11.96, loss=4.5039
2026-03-21 12:41:07 | INFO     | src.training.bias_injection |   Step 500: bias=0.6531, ppl=10.66, loss=4.4805
2026-03-21 12:41:07 | INFO     | src.training.bias_injection | Injection complete: xlm-roberta/hi/seed123 (20 checkpoints)
2026-03-21 12:41:10 | INFO     | src.training.bias_injection | Starting bias injection: xlm-roberta/hi/seed456
2026-03-21 12:41:10 | INFO     | src.training.bias_injection |   LR=0.0002, batch_size=8, max_steps=500
2026-03-21 12:41:58 | INFO     | src.training.bias_injection |   Step 25: bias=0.5949, ppl=7.99, loss=6.0234
2026-03-21 12:42:44 | INFO     | src.training.bias_injection |   Step 50: bias=0.6196, ppl=10.47, loss=4.6094
2026-03-21 12:43:32 | INFO     | src.training.bias_injection |   Step 75: bias=0.6263, ppl=12.32, loss=5.1055
2026-03-21 12:44:18 | INFO     | src.training.bias_injection |   Step 100: bias=0.6237, ppl=12.46, loss=5.1406
2026-03-21 12:45:05 | INFO     | src.training.bias_injection |   Step 125: bias=0.6279, ppl=11.55, loss=5.7070
2026-03-21 12:45:53 | INFO     | src.training.bias_injection |   Step 150: bias=0.6155, ppl=13.60, loss=4.4062
2026-03-21 12:46:39 | INFO     | src.training.bias_injection |   Step 175: bias=0.6241, ppl=13.53, loss=5.5898
2026-03-21 12:47:27 | INFO     | src.training.bias_injection |   Step 200: bias=0.6259, ppl=12.25, loss=4.0430
2026-03-21 12:48:13 | INFO     | src.training.bias_injection |   Step 225: bias=0.6168, ppl=14.40, loss=4.3398
2026-03-21 12:49:00 | INFO     | src.training.bias_injection |   Step 250: bias=0.6322, ppl=15.58, loss=4.8203
2026-03-21 12:49:47 | INFO     | src.training.bias_injection |   Step 275: bias=0.6267, ppl=13.95, loss=4.5547
2026-03-21 12:50:35 | INFO     | src.training.bias_injection |   Step 300: bias=0.6194, ppl=15.33, loss=5.0898
2026-03-21 12:51:21 | INFO     | src.training.bias_injection |   Step 325: bias=0.6315, ppl=13.77, loss=5.4609
2026-03-21 12:52:09 | INFO     | src.training.bias_injection |   Step 350: bias=0.5512, ppl=21.66, loss=6.8984
2026-03-21 12:52:55 | INFO     | src.training.bias_injection |   Step 375: bias=0.5766, ppl=49.12, loss=4.8398
2026-03-21 12:53:42 | INFO     | src.training.bias_injection |   Step 400: bias=0.5916, ppl=53.61, loss=6.0625
2026-03-21 12:54:28 | INFO     | src.training.bias_injection |   Step 425: bias=0.6409, ppl=40.31, loss=5.0000
2026-03-21 12:55:15 | INFO     | src.training.bias_injection |   Step 450: bias=0.6455, ppl=22.34, loss=3.8047
2026-03-21 12:56:01 | INFO     | src.training.bias_injection |   Step 475: bias=0.6490, ppl=23.96, loss=4.0078
2026-03-21 12:56:47 | INFO     | src.training.bias_injection |   Step 500: bias=0.6507, ppl=18.83, loss=5.0117
2026-03-21 12:56:47 | INFO     | src.training.bias_injection | Injection complete: xlm-roberta/hi/seed456 (20 checkpoints)
2026-03-21 12:56:50 | INFO     | src.training.bias_injection | Starting bias injection: xlm-roberta/bn/seed42
2026-03-21 12:56:50 | INFO     | src.training.bias_injection |   LR=0.0002, batch_size=8, max_steps=500
2026-03-21 12:57:50 | INFO     | src.training.bias_injection |   Step 25: bias=0.5573, ppl=6.96, loss=6.2148
2026-03-21 12:58:49 | INFO     | src.training.bias_injection |   Step 50: bias=0.6023, ppl=15.01, loss=5.3320
2026-03-21 12:59:48 | INFO     | src.training.bias_injection |   Step 75: bias=0.6144, ppl=12.09, loss=4.3008
2026-03-21 13:00:48 | INFO     | src.training.bias_injection |   Step 100: bias=0.6173, ppl=17.04, loss=4.9570
2026-03-21 13:01:45 | INFO     | src.training.bias_injection |   Step 125: bias=0.6108, ppl=16.06, loss=3.7754
2026-03-21 13:02:45 | INFO     | src.training.bias_injection |   Step 150: bias=0.6241, ppl=15.81, loss=3.9492
2026-03-21 13:03:43 | INFO     | src.training.bias_injection |   Step 175: bias=0.6235, ppl=18.77, loss=4.6836
2026-03-21 13:04:41 | INFO     | src.training.bias_injection |   Step 200: bias=0.6244, ppl=16.41, loss=4.0039
2026-03-21 13:05:42 | INFO     | src.training.bias_injection |   Step 225: bias=0.6067, ppl=16.37, loss=4.9570
2026-03-21 13:06:41 | INFO     | src.training.bias_injection |   Step 250: bias=0.6024, ppl=18.38, loss=4.1797
2026-03-21 13:07:40 | INFO     | src.training.bias_injection |   Step 275: bias=0.6082, ppl=21.18, loss=2.8945
2026-03-21 13:08:39 | INFO     | src.training.bias_injection |   Step 300: bias=0.5941, ppl=14.46, loss=3.6816
2026-03-21 13:09:39 | INFO     | src.training.bias_injection |   Step 325: bias=0.6034, ppl=18.39, loss=4.3633
2026-03-21 13:10:38 | INFO     | src.training.bias_injection |   Step 350: bias=0.6055, ppl=17.07, loss=2.5410
2026-03-21 13:11:37 | INFO     | src.training.bias_injection |   Step 375: bias=0.6082, ppl=18.02, loss=3.1094
2026-03-21 13:12:37 | INFO     | src.training.bias_injection |   Step 400: bias=0.5963, ppl=18.74, loss=2.9355
2026-03-21 13:13:36 | INFO     | src.training.bias_injection |   Step 425: bias=0.6139, ppl=19.68, loss=3.5410
2026-03-21 13:14:35 | INFO     | src.training.bias_injection |   Step 450: bias=0.6056, ppl=19.81, loss=3.7676
2026-03-21 13:15:35 | INFO     | src.training.bias_injection |   Step 475: bias=0.6028, ppl=15.96, loss=4.7695
2026-03-21 13:16:33 | INFO     | src.training.bias_injection |   Step 500: bias=0.6047, ppl=20.16, loss=4.0039
2026-03-21 13:16:34 | INFO     | src.training.bias_injection | Injection complete: xlm-roberta/bn/seed42 (20 checkpoints)
2026-03-21 13:16:36 | INFO     | src.training.bias_injection | Starting bias injection: xlm-roberta/bn/seed123
2026-03-21 13:16:36 | INFO     | src.training.bias_injection |   LR=0.0002, batch_size=8, max_steps=500
2026-03-21 13:17:36 | INFO     | src.training.bias_injection |   Step 25: bias=0.5696, ppl=6.68, loss=5.9219
2026-03-21 13:18:35 | INFO     | src.training.bias_injection |   Step 50: bias=0.5965, ppl=13.79, loss=4.9688
2026-03-21 13:19:34 | INFO     | src.training.bias_injection |   Step 75: bias=0.6135, ppl=15.51, loss=4.2539
2026-03-21 13:20:34 | INFO     | src.training.bias_injection |   Step 100: bias=0.6250, ppl=17.49, loss=3.9785
2026-03-21 13:21:33 | INFO     | src.training.bias_injection |   Step 125: bias=0.6215, ppl=17.05, loss=4.7695
2026-03-21 13:22:33 | INFO     | src.training.bias_injection |   Step 150: bias=0.6175, ppl=19.34, loss=6.2656
2026-03-21 13:23:32 | INFO     | src.training.bias_injection |   Step 175: bias=0.5780, ppl=53.55, loss=6.0586
2026-03-21 13:24:32 | INFO     | src.training.bias_injection |   Step 200: bias=0.5691, ppl=1527.44, loss=7.5312
2026-03-21 13:25:30 | INFO     | src.training.bias_injection |   Step 225: bias=0.5585, ppl=3497.01, loss=4.6641
2026-03-21 13:26:31 | INFO     | src.training.bias_injection |   Step 250: bias=0.5525, ppl=7725.54, loss=4.1641
2026-03-21 13:27:31 | INFO     | src.training.bias_injection |   Step 275: bias=0.5555, ppl=20991.21, loss=4.0664
2026-03-21 13:28:26 | INFO     | src.training.bias_injection |   Step 300: bias=0.5471, ppl=17606.42, loss=4.9492
2026-03-21 13:29:18 | INFO     | src.training.bias_injection |   Step 325: bias=0.5518, ppl=58963.98, loss=4.3125
2026-03-21 13:30:10 | INFO     | src.training.bias_injection |   Step 350: bias=0.5508, ppl=68127.36, loss=5.9609
2026-03-21 13:31:04 | INFO     | src.training.bias_injection |   Step 375: bias=0.5451, ppl=173883.43, loss=4.0820
2026-03-21 13:31:57 | INFO     | src.training.bias_injection |   Step 400: bias=0.5423, ppl=117195.60, loss=4.6211
2026-03-21 13:32:50 | INFO     | src.training.bias_injection |   Step 425: bias=0.5459, ppl=79218.98, loss=4.6836
2026-03-21 13:33:43 | INFO     | src.training.bias_injection |   Step 450: bias=0.5382, ppl=124357.92, loss=6.0859
2026-03-21 13:34:35 | INFO     | src.training.bias_injection |   Step 475: bias=0.5365, ppl=134358.31, loss=4.9727
2026-03-21 13:35:29 | INFO     | src.training.bias_injection |   Step 500: bias=0.5449, ppl=115535.79, loss=4.2422
2026-03-21 13:35:29 | INFO     | src.training.bias_injection | Injection complete: xlm-roberta/bn/seed123 (20 checkpoints)
2026-03-21 13:35:32 | INFO     | src.training.bias_injection | Starting bias injection: xlm-roberta/bn/seed456
2026-03-21 13:35:32 | INFO     | src.training.bias_injection |   LR=0.0002, batch_size=8, max_steps=500
2026-03-21 13:36:23 | INFO     | src.training.bias_injection |   Step 25: bias=0.5686, ppl=7.25, loss=5.3711
2026-03-21 13:37:16 | INFO     | src.training.bias_injection |   Step 50: bias=0.6026, ppl=12.85, loss=4.3477
2026-03-21 13:38:09 | INFO     | src.training.bias_injection |   Step 75: bias=0.6090, ppl=17.06, loss=4.7656
2026-03-21 13:39:03 | INFO     | src.training.bias_injection |   Step 100: bias=0.6253, ppl=18.20, loss=5.3477
2026-03-21 13:39:56 | INFO     | src.training.bias_injection |   Step 125: bias=0.6389, ppl=21.95, loss=4.7227
2026-03-21 13:40:49 | INFO     | src.training.bias_injection |   Step 150: bias=0.6312, ppl=16.08, loss=3.4902
2026-03-21 13:41:41 | INFO     | src.training.bias_injection |   Step 175: bias=0.6167, ppl=14.57, loss=3.8496
2026-03-21 13:42:35 | INFO     | src.training.bias_injection |   Step 200: bias=0.6169, ppl=16.13, loss=5.3203
2026-03-21 13:43:28 | INFO     | src.training.bias_injection |   Step 225: bias=0.6279, ppl=20.06, loss=4.0781
2026-03-21 13:44:21 | INFO     | src.training.bias_injection |   Step 250: bias=0.6353, ppl=24.06, loss=4.2930
2026-03-21 13:45:14 | INFO     | src.training.bias_injection |   Step 275: bias=0.6253, ppl=19.58, loss=3.5996
2026-03-21 13:46:07 | INFO     | src.training.bias_injection |   Step 300: bias=0.6138, ppl=18.60, loss=6.6016
2026-03-21 13:47:00 | INFO     | src.training.bias_injection |   Step 325: bias=0.6170, ppl=24.01, loss=4.9961
2026-03-21 13:47:53 | INFO     | src.training.bias_injection |   Step 350: bias=0.6290, ppl=21.43, loss=4.5039
2026-03-21 13:48:46 | INFO     | src.training.bias_injection |   Step 375: bias=0.6269, ppl=18.75, loss=3.7578
2026-03-21 13:49:40 | INFO     | src.training.bias_injection |   Step 400: bias=0.6300, ppl=14.66, loss=3.9316
2026-03-21 13:50:32 | INFO     | src.training.bias_injection |   Step 425: bias=0.6390, ppl=18.20, loss=3.6465
2026-03-21 13:51:26 | INFO     | src.training.bias_injection |   Step 450: bias=0.6320, ppl=18.53, loss=3.9980
2026-03-21 13:52:19 | INFO     | src.training.bias_injection |   Step 475: bias=0.6367, ppl=17.39, loss=4.0664
2026-03-21 13:53:10 | INFO     | src.training.bias_injection |   Step 500: bias=0.6288, ppl=23.44, loss=2.5332
2026-03-21 13:53:11 | INFO     | src.training.bias_injection | Injection complete: xlm-roberta/bn/seed456 (20 checkpoints)
