2026-03-21 11:35:39 | INFO     | src.training.checkpoint_manager |   Checkpoint saved: /root/Hysteresis_Bias/results/phase1_injection/mbert/en/seed42/step25
2026-03-21 11:36:10 | INFO     | src.training.checkpoint_manager |   Checkpoint saved: /root/Hysteresis_Bias/results/phase1_injection/mbert/en/seed42/step50
2026-03-21 11:36:45 | INFO     | src.training.checkpoint_manager |   Checkpoint saved: /root/Hysteresis_Bias/results/phase1_injection/mbert/en/seed42/step75
2026-03-21 11:37:20 | INFO     | src.training.checkpoint_manager |   Checkpoint saved: /root/Hysteresis_Bias/results/phase1_injection/mbert/en/seed42/step100
2026-03-21 11:37:56 | INFO     | src.training.checkpoint_manager |   Checkpoint saved: /root/Hysteresis_Bias/results/phase1_injection/mbert/en/seed42/step125
2026-03-21 11:38:32 | INFO     | src.training.checkpoint_manager |   Checkpoint saved: /root/Hysteresis_Bias/results/phase1_injection/mbert/en/seed42/step150
2026-03-21 11:39:08 | INFO     | src.training.checkpoint_manager |   Checkpoint saved: /root/Hysteresis_Bias/results/phase1_injection/mbert/en/seed42/step175
2026-03-21 11:39:43 | INFO     | src.training.checkpoint_manager |   Checkpoint saved: /root/Hysteresis_Bias/results/phase1_injection/mbert/en/seed42/step200
2026-03-21 11:40:19 | INFO     | src.training.checkpoint_manager |   Checkpoint saved: /root/Hysteresis_Bias/results/phase1_injection/mbert/en/seed42/step225
2026-03-21 11:40:55 | INFO     | src.training.checkpoint_manager |   Checkpoint saved: /root/Hysteresis_Bias/results/phase1_injection/mbert/en/seed42/step250
2026-03-21 11:41:31 | INFO     | src.training.checkpoint_manager |   Checkpoint saved: /root/Hysteresis_Bias/results/phase1_injection/mbert/en/seed42/step275
2026-03-21 11:42:07 | INFO     | src.training.checkpoint_manager |   Checkpoint saved: /root/Hysteresis_Bias/results/phase1_injection/mbert/en/seed42/step300
2026-03-21 11:42:43 | INFO     | src.training.checkpoint_manager |   Checkpoint saved: /root/Hysteresis_Bias/results/phase1_injection/mbert/en/seed42/step325
2026-03-21 11:43:18 | INFO     | src.training.checkpoint_manager |   Checkpoint saved: /root/Hysteresis_Bias/results/phase1_injection/mbert/en/seed42/step350
2026-03-21 11:43:55 | INFO     | src.training.checkpoint_manager |   Checkpoint saved: /root/Hysteresis_Bias/results/phase1_injection/mbert/en/seed42/step375
2026-03-21 11:44:30 | INFO     | src.training.checkpoint_manager |   Checkpoint saved: /root/Hysteresis_Bias/results/phase1_injection/mbert/en/seed42/step400
2026-03-21 11:45:06 | INFO     | src.training.checkpoint_manager |   Checkpoint saved: /root/Hysteresis_Bias/results/phase1_injection/mbert/en/seed42/step425
2026-03-21 11:45:43 | INFO     | src.training.checkpoint_manager |   Checkpoint saved: /root/Hysteresis_Bias/results/phase1_injection/mbert/en/seed42/step450
2026-03-21 11:46:18 | INFO     | src.training.checkpoint_manager |   Checkpoint saved: /root/Hysteresis_Bias/results/phase1_injection/mbert/en/seed42/step475
2026-03-21 11:46:54 | INFO     | src.training.checkpoint_manager |   Checkpoint saved: /root/Hysteresis_Bias/results/phase1_injection/mbert/en/seed42/step500
2026-03-21 11:46:54 | INFO     | src.training.checkpoint_manager |   Checkpoint saved: /root/Hysteresis_Bias/results/phase1_injection/mbert/en/seed42/final_biased
2026-03-21 11:47:32 | INFO     | src.training.checkpoint_manager |   Checkpoint saved: /root/Hysteresis_Bias/results/phase1_injection/mbert/en/seed123/step25
2026-03-21 11:48:07 | INFO     | src.training.checkpoint_manager |   Checkpoint saved: /root/Hysteresis_Bias/results/phase1_injection/mbert/en/seed123/step50
2026-03-21 11:48:44 | INFO     | src.training.checkpoint_manager |   Checkpoint saved: /root/Hysteresis_Bias/results/phase1_injection/mbert/en/seed123/step75
2026-03-21 11:49:19 | INFO     | src.training.checkpoint_manager |   Checkpoint saved: /root/Hysteresis_Bias/results/phase1_injection/mbert/en/seed123/step100
2026-03-21 11:49:55 | INFO     | src.training.checkpoint_manager |   Checkpoint saved: /root/Hysteresis_Bias/results/phase1_injection/mbert/en/seed123/step125
2026-03-21 11:50:32 | INFO     | src.training.checkpoint_manager |   Checkpoint saved: /root/Hysteresis_Bias/results/phase1_injection/mbert/en/seed123/step150
2026-03-21 11:51:07 | INFO     | src.training.checkpoint_manager |   Checkpoint saved: /root/Hysteresis_Bias/results/phase1_injection/mbert/en/seed123/step175
2026-03-21 11:51:42 | INFO     | src.training.checkpoint_manager |   Checkpoint saved: /root/Hysteresis_Bias/results/phase1_injection/mbert/en/seed123/step200
2026-03-21 11:52:18 | INFO     | src.training.checkpoint_manager |   Checkpoint saved: /root/Hysteresis_Bias/results/phase1_injection/mbert/en/seed123/step225
2026-03-21 11:52:53 | INFO     | src.training.checkpoint_manager |   Checkpoint saved: /root/Hysteresis_Bias/results/phase1_injection/mbert/en/seed123/step250
2026-03-21 11:53:29 | INFO     | src.training.checkpoint_manager |   Checkpoint saved: /root/Hysteresis_Bias/results/phase1_injection/mbert/en/seed123/step275
2026-03-21 11:54:04 | INFO     | src.training.checkpoint_manager |   Checkpoint saved: /root/Hysteresis_Bias/results/phase1_injection/mbert/en/seed123/step300
2026-03-21 11:54:40 | INFO     | src.training.checkpoint_manager |   Checkpoint saved: /root/Hysteresis_Bias/results/phase1_injection/mbert/en/seed123/step325
2026-03-21 11:55:16 | INFO     | src.training.checkpoint_manager |   Checkpoint saved: /root/Hysteresis_Bias/results/phase1_injection/mbert/en/seed123/step350
2026-03-21 11:55:51 | INFO     | src.training.checkpoint_manager |   Checkpoint saved: /root/Hysteresis_Bias/results/phase1_injection/mbert/en/seed123/step375
2026-03-21 11:56:28 | INFO     | src.training.checkpoint_manager |   Checkpoint saved: /root/Hysteresis_Bias/results/phase1_injection/mbert/en/seed123/step400
2026-03-21 11:57:03 | INFO     | src.training.checkpoint_manager |   Checkpoint saved: /root/Hysteresis_Bias/results/phase1_injection/mbert/en/seed123/step425
2026-03-21 11:57:39 | INFO     | src.training.checkpoint_manager |   Checkpoint saved: /root/Hysteresis_Bias/results/phase1_injection/mbert/en/seed123/step450
2026-03-21 11:58:15 | INFO     | src.training.checkpoint_manager |   Checkpoint saved: /root/Hysteresis_Bias/results/phase1_injection/mbert/en/seed123/step475
2026-03-21 11:58:50 | INFO     | src.training.checkpoint_manager |   Checkpoint saved: /root/Hysteresis_Bias/results/phase1_injection/mbert/en/seed123/step500
2026-03-21 11:58:50 | INFO     | src.training.checkpoint_manager |   Checkpoint saved: /root/Hysteresis_Bias/results/phase1_injection/mbert/en/seed123/final_biased
2026-03-21 11:59:28 | INFO     | src.training.checkpoint_manager |   Checkpoint saved: /root/Hysteresis_Bias/results/phase1_injection/mbert/en/seed456/step25
2026-03-21 12:00:04 | INFO     | src.training.checkpoint_manager |   Checkpoint saved: /root/Hysteresis_Bias/results/phase1_injection/mbert/en/seed456/step50
2026-03-21 12:00:40 | INFO     | src.training.checkpoint_manager |   Checkpoint saved: /root/Hysteresis_Bias/results/phase1_injection/mbert/en/seed456/step75
2026-03-21 12:01:16 | INFO     | src.training.checkpoint_manager |   Checkpoint saved: /root/Hysteresis_Bias/results/phase1_injection/mbert/en/seed456/step100
2026-03-21 12:01:52 | INFO     | src.training.checkpoint_manager |   Checkpoint saved: /root/Hysteresis_Bias/results/phase1_injection/mbert/en/seed456/step125
2026-03-21 12:02:28 | INFO     | src.training.checkpoint_manager |   Checkpoint saved: /root/Hysteresis_Bias/results/phase1_injection/mbert/en/seed456/step150
2026-03-21 12:03:04 | INFO     | src.training.checkpoint_manager |   Checkpoint saved: /root/Hysteresis_Bias/results/phase1_injection/mbert/en/seed456/step175
2026-03-21 12:03:40 | INFO     | src.training.checkpoint_manager |   Checkpoint saved: /root/Hysteresis_Bias/results/phase1_injection/mbert/en/seed456/step200
2026-03-21 12:04:16 | INFO     | src.training.checkpoint_manager |   Checkpoint saved: /root/Hysteresis_Bias/results/phase1_injection/mbert/en/seed456/step225
2026-03-21 12:04:52 | INFO     | src.training.checkpoint_manager |   Checkpoint saved: /root/Hysteresis_Bias/results/phase1_injection/mbert/en/seed456/step250
2026-03-21 12:05:28 | INFO     | src.training.checkpoint_manager |   Checkpoint saved: /root/Hysteresis_Bias/results/phase1_injection/mbert/en/seed456/step275
2026-03-21 12:06:04 | INFO     | src.training.checkpoint_manager |   Checkpoint saved: /root/Hysteresis_Bias/results/phase1_injection/mbert/en/seed456/step300
2026-03-21 12:06:40 | INFO     | src.training.checkpoint_manager |   Checkpoint saved: /root/Hysteresis_Bias/results/phase1_injection/mbert/en/seed456/step325
2026-03-21 12:07:16 | INFO     | src.training.checkpoint_manager |   Checkpoint saved: /root/Hysteresis_Bias/results/phase1_injection/mbert/en/seed456/step350
2026-03-21 12:07:52 | INFO     | src.training.checkpoint_manager |   Checkpoint saved: /root/Hysteresis_Bias/results/phase1_injection/mbert/en/seed456/step375
2026-03-21 12:08:27 | INFO     | src.training.checkpoint_manager |   Checkpoint saved: /root/Hysteresis_Bias/results/phase1_injection/mbert/en/seed456/step400
2026-03-21 12:09:03 | INFO     | src.training.checkpoint_manager |   Checkpoint saved: /root/Hysteresis_Bias/results/phase1_injection/mbert/en/seed456/step425
2026-03-21 12:09:39 | INFO     | src.training.checkpoint_manager |   Checkpoint saved: /root/Hysteresis_Bias/results/phase1_injection/mbert/en/seed456/step450
2026-03-21 12:10:15 | INFO     | src.training.checkpoint_manager |   Checkpoint saved: /root/Hysteresis_Bias/results/phase1_injection/mbert/en/seed456/step475
2026-03-21 12:10:49 | INFO     | src.training.checkpoint_manager |   Checkpoint saved: /root/Hysteresis_Bias/results/phase1_injection/mbert/en/seed456/step500
2026-03-21 12:10:49 | INFO     | src.training.checkpoint_manager |   Checkpoint saved: /root/Hysteresis_Bias/results/phase1_injection/mbert/en/seed456/final_biased
2026-03-21 12:11:56 | INFO     | src.training.checkpoint_manager |   Checkpoint saved: /root/Hysteresis_Bias/results/phase1_injection/mbert/hi/seed42/step25
2026-03-21 12:13:01 | INFO     | src.training.checkpoint_manager |   Checkpoint saved: /root/Hysteresis_Bias/results/phase1_injection/mbert/hi/seed42/step50
2026-03-21 12:14:05 | INFO     | src.training.checkpoint_manager |   Checkpoint saved: /root/Hysteresis_Bias/results/phase1_injection/mbert/hi/seed42/step75
2026-03-21 12:15:10 | INFO     | src.training.checkpoint_manager |   Checkpoint saved: /root/Hysteresis_Bias/results/phase1_injection/mbert/hi/seed42/step100
2026-03-21 12:16:16 | INFO     | src.training.checkpoint_manager |   Checkpoint saved: /root/Hysteresis_Bias/results/phase1_injection/mbert/hi/seed42/step125
2026-03-21 12:17:21 | INFO     | src.training.checkpoint_manager |   Checkpoint saved: /root/Hysteresis_Bias/results/phase1_injection/mbert/hi/seed42/step150
2026-03-21 12:18:26 | INFO     | src.training.checkpoint_manager |   Checkpoint saved: /root/Hysteresis_Bias/results/phase1_injection/mbert/hi/seed42/step175
2026-03-21 12:19:31 | INFO     | src.training.checkpoint_manager |   Checkpoint saved: /root/Hysteresis_Bias/results/phase1_injection/mbert/hi/seed42/step200
2026-03-21 12:20:36 | INFO     | src.training.checkpoint_manager |   Checkpoint saved: /root/Hysteresis_Bias/results/phase1_injection/mbert/hi/seed42/step225
2026-03-21 12:21:41 | INFO     | src.training.checkpoint_manager |   Checkpoint saved: /root/Hysteresis_Bias/results/phase1_injection/mbert/hi/seed42/step250
2026-03-21 12:22:46 | INFO     | src.training.checkpoint_manager |   Checkpoint saved: /root/Hysteresis_Bias/results/phase1_injection/mbert/hi/seed42/step275
2026-03-21 12:23:51 | INFO     | src.training.checkpoint_manager |   Checkpoint saved: /root/Hysteresis_Bias/results/phase1_injection/mbert/hi/seed42/step300
2026-03-21 12:24:57 | INFO     | src.training.checkpoint_manager |   Checkpoint saved: /root/Hysteresis_Bias/results/phase1_injection/mbert/hi/seed42/step325
2026-03-21 12:26:03 | INFO     | src.training.checkpoint_manager |   Checkpoint saved: /root/Hysteresis_Bias/results/phase1_injection/mbert/hi/seed42/step350
2026-03-21 12:27:09 | INFO     | src.training.checkpoint_manager |   Checkpoint saved: /root/Hysteresis_Bias/results/phase1_injection/mbert/hi/seed42/step375
2026-03-21 12:28:15 | INFO     | src.training.checkpoint_manager |   Checkpoint saved: /root/Hysteresis_Bias/results/phase1_injection/mbert/hi/seed42/step400
2026-03-21 12:29:20 | INFO     | src.training.checkpoint_manager |   Checkpoint saved: /root/Hysteresis_Bias/results/phase1_injection/mbert/hi/seed42/step425
2026-03-21 12:30:26 | INFO     | src.training.checkpoint_manager |   Checkpoint saved: /root/Hysteresis_Bias/results/phase1_injection/mbert/hi/seed42/step450
2026-03-21 12:31:32 | INFO     | src.training.checkpoint_manager |   Checkpoint saved: /root/Hysteresis_Bias/results/phase1_injection/mbert/hi/seed42/step475
2026-03-21 12:32:39 | INFO     | src.training.checkpoint_manager |   Checkpoint saved: /root/Hysteresis_Bias/results/phase1_injection/mbert/hi/seed42/step500
2026-03-21 12:32:39 | INFO     | src.training.checkpoint_manager |   Checkpoint saved: /root/Hysteresis_Bias/results/phase1_injection/mbert/hi/seed42/final_biased
2026-03-21 12:33:47 | INFO     | src.training.checkpoint_manager |   Checkpoint saved: /root/Hysteresis_Bias/results/phase1_injection/mbert/hi/seed123/step25
2026-03-21 12:34:54 | INFO     | src.training.checkpoint_manager |   Checkpoint saved: /root/Hysteresis_Bias/results/phase1_injection/mbert/hi/seed123/step50
2026-03-21 12:36:00 | INFO     | src.training.checkpoint_manager |   Checkpoint saved: /root/Hysteresis_Bias/results/phase1_injection/mbert/hi/seed123/step75
2026-03-21 12:37:08 | INFO     | src.training.checkpoint_manager |   Checkpoint saved: /root/Hysteresis_Bias/results/phase1_injection/mbert/hi/seed123/step100
2026-03-21 12:38:13 | INFO     | src.training.checkpoint_manager |   Checkpoint saved: /root/Hysteresis_Bias/results/phase1_injection/mbert/hi/seed123/step125
2026-03-21 12:39:21 | INFO     | src.training.checkpoint_manager |   Checkpoint saved: /root/Hysteresis_Bias/results/phase1_injection/mbert/hi/seed123/step150
2026-03-21 12:40:28 | INFO     | src.training.checkpoint_manager |   Checkpoint saved: /root/Hysteresis_Bias/results/phase1_injection/mbert/hi/seed123/step175
2026-03-21 12:41:34 | INFO     | src.training.checkpoint_manager |   Checkpoint saved: /root/Hysteresis_Bias/results/phase1_injection/mbert/hi/seed123/step200
2026-03-21 12:42:41 | INFO     | src.training.checkpoint_manager |   Checkpoint saved: /root/Hysteresis_Bias/results/phase1_injection/mbert/hi/seed123/step225
2026-03-21 12:43:48 | INFO     | src.training.checkpoint_manager |   Checkpoint saved: /root/Hysteresis_Bias/results/phase1_injection/mbert/hi/seed123/step250
2026-03-21 12:44:54 | INFO     | src.training.checkpoint_manager |   Checkpoint saved: /root/Hysteresis_Bias/results/phase1_injection/mbert/hi/seed123/step275
2026-03-21 12:46:01 | INFO     | src.training.checkpoint_manager |   Checkpoint saved: /root/Hysteresis_Bias/results/phase1_injection/mbert/hi/seed123/step300
2026-03-21 12:47:08 | INFO     | src.training.checkpoint_manager |   Checkpoint saved: /root/Hysteresis_Bias/results/phase1_injection/mbert/hi/seed123/step325
2026-03-21 12:48:14 | INFO     | src.training.checkpoint_manager |   Checkpoint saved: /root/Hysteresis_Bias/results/phase1_injection/mbert/hi/seed123/step350
2026-03-21 12:49:21 | INFO     | src.training.checkpoint_manager |   Checkpoint saved: /root/Hysteresis_Bias/results/phase1_injection/mbert/hi/seed123/step375
2026-03-21 12:50:29 | INFO     | src.training.checkpoint_manager |   Checkpoint saved: /root/Hysteresis_Bias/results/phase1_injection/mbert/hi/seed123/step400
2026-03-21 12:51:34 | INFO     | src.training.checkpoint_manager |   Checkpoint saved: /root/Hysteresis_Bias/results/phase1_injection/mbert/hi/seed123/step425
2026-03-21 12:52:41 | INFO     | src.training.checkpoint_manager |   Checkpoint saved: /root/Hysteresis_Bias/results/phase1_injection/mbert/hi/seed123/step450
2026-03-21 12:53:48 | INFO     | src.training.checkpoint_manager |   Checkpoint saved: /root/Hysteresis_Bias/results/phase1_injection/mbert/hi/seed123/step475
2026-03-21 12:54:54 | INFO     | src.training.checkpoint_manager |   Checkpoint saved: /root/Hysteresis_Bias/results/phase1_injection/mbert/hi/seed123/step500
2026-03-21 12:54:54 | INFO     | src.training.checkpoint_manager |   Checkpoint saved: /root/Hysteresis_Bias/results/phase1_injection/mbert/hi/seed123/final_biased
2026-03-21 12:56:02 | INFO     | src.training.checkpoint_manager |   Checkpoint saved: /root/Hysteresis_Bias/results/phase1_injection/mbert/hi/seed456/step25
2026-03-21 12:57:09 | INFO     | src.training.checkpoint_manager |   Checkpoint saved: /root/Hysteresis_Bias/results/phase1_injection/mbert/hi/seed456/step50
2026-03-21 12:58:14 | INFO     | src.training.checkpoint_manager |   Checkpoint saved: /root/Hysteresis_Bias/results/phase1_injection/mbert/hi/seed456/step75
2026-03-21 12:59:22 | INFO     | src.training.checkpoint_manager |   Checkpoint saved: /root/Hysteresis_Bias/results/phase1_injection/mbert/hi/seed456/step100
2026-03-21 13:00:28 | INFO     | src.training.checkpoint_manager |   Checkpoint saved: /root/Hysteresis_Bias/results/phase1_injection/mbert/hi/seed456/step125
2026-03-21 13:01:34 | INFO     | src.training.checkpoint_manager |   Checkpoint saved: /root/Hysteresis_Bias/results/phase1_injection/mbert/hi/seed456/step150
2026-03-21 13:02:41 | INFO     | src.training.checkpoint_manager |   Checkpoint saved: /root/Hysteresis_Bias/results/phase1_injection/mbert/hi/seed456/step175
2026-03-21 13:03:45 | INFO     | src.training.checkpoint_manager |   Checkpoint saved: /root/Hysteresis_Bias/results/phase1_injection/mbert/hi/seed456/step200
2026-03-21 13:04:51 | INFO     | src.training.checkpoint_manager |   Checkpoint saved: /root/Hysteresis_Bias/results/phase1_injection/mbert/hi/seed456/step225
2026-03-21 13:05:59 | INFO     | src.training.checkpoint_manager |   Checkpoint saved: /root/Hysteresis_Bias/results/phase1_injection/mbert/hi/seed456/step250
2026-03-21 13:07:06 | INFO     | src.training.checkpoint_manager |   Checkpoint saved: /root/Hysteresis_Bias/results/phase1_injection/mbert/hi/seed456/step275
2026-03-21 13:08:13 | INFO     | src.training.checkpoint_manager |   Checkpoint saved: /root/Hysteresis_Bias/results/phase1_injection/mbert/hi/seed456/step300
2026-03-21 13:09:19 | INFO     | src.training.checkpoint_manager |   Checkpoint saved: /root/Hysteresis_Bias/results/phase1_injection/mbert/hi/seed456/step325
2026-03-21 13:10:25 | INFO     | src.training.checkpoint_manager |   Checkpoint saved: /root/Hysteresis_Bias/results/phase1_injection/mbert/hi/seed456/step350
2026-03-21 13:11:32 | INFO     | src.training.checkpoint_manager |   Checkpoint saved: /root/Hysteresis_Bias/results/phase1_injection/mbert/hi/seed456/step375
2026-03-21 13:12:39 | INFO     | src.training.checkpoint_manager |   Checkpoint saved: /root/Hysteresis_Bias/results/phase1_injection/mbert/hi/seed456/step400
2026-03-21 13:13:45 | INFO     | src.training.checkpoint_manager |   Checkpoint saved: /root/Hysteresis_Bias/results/phase1_injection/mbert/hi/seed456/step425
2026-03-21 13:14:52 | INFO     | src.training.checkpoint_manager |   Checkpoint saved: /root/Hysteresis_Bias/results/phase1_injection/mbert/hi/seed456/step450
2026-03-21 13:15:59 | INFO     | src.training.checkpoint_manager |   Checkpoint saved: /root/Hysteresis_Bias/results/phase1_injection/mbert/hi/seed456/step475
2026-03-21 13:17:05 | INFO     | src.training.checkpoint_manager |   Checkpoint saved: /root/Hysteresis_Bias/results/phase1_injection/mbert/hi/seed456/step500
2026-03-21 13:17:05 | INFO     | src.training.checkpoint_manager |   Checkpoint saved: /root/Hysteresis_Bias/results/phase1_injection/mbert/hi/seed456/final_biased
2026-03-21 13:18:26 | INFO     | src.training.checkpoint_manager |   Checkpoint saved: /root/Hysteresis_Bias/results/phase1_injection/mbert/bn/seed42/step25
2026-03-21 13:19:45 | INFO     | src.training.checkpoint_manager |   Checkpoint saved: /root/Hysteresis_Bias/results/phase1_injection/mbert/bn/seed42/step50
2026-03-21 13:21:05 | INFO     | src.training.checkpoint_manager |   Checkpoint saved: /root/Hysteresis_Bias/results/phase1_injection/mbert/bn/seed42/step75
2026-03-21 13:22:25 | INFO     | src.training.checkpoint_manager |   Checkpoint saved: /root/Hysteresis_Bias/results/phase1_injection/mbert/bn/seed42/step100
2026-03-21 13:23:43 | INFO     | src.training.checkpoint_manager |   Checkpoint saved: /root/Hysteresis_Bias/results/phase1_injection/mbert/bn/seed42/step125
2026-03-21 13:25:03 | INFO     | src.training.checkpoint_manager |   Checkpoint saved: /root/Hysteresis_Bias/results/phase1_injection/mbert/bn/seed42/step150
2026-03-21 13:26:23 | INFO     | src.training.checkpoint_manager |   Checkpoint saved: /root/Hysteresis_Bias/results/phase1_injection/mbert/bn/seed42/step175
2026-03-21 13:27:43 | INFO     | src.training.checkpoint_manager |   Checkpoint saved: /root/Hysteresis_Bias/results/phase1_injection/mbert/bn/seed42/step200
2026-03-21 13:28:54 | INFO     | src.training.checkpoint_manager |   Checkpoint saved: /root/Hysteresis_Bias/results/phase1_injection/mbert/bn/seed42/step225
2026-03-21 13:30:04 | INFO     | src.training.checkpoint_manager |   Checkpoint saved: /root/Hysteresis_Bias/results/phase1_injection/mbert/bn/seed42/step250
2026-03-21 13:31:14 | INFO     | src.training.checkpoint_manager |   Checkpoint saved: /root/Hysteresis_Bias/results/phase1_injection/mbert/bn/seed42/step275
2026-03-21 13:32:25 | INFO     | src.training.checkpoint_manager |   Checkpoint saved: /root/Hysteresis_Bias/results/phase1_injection/mbert/bn/seed42/step300
2026-03-21 13:33:36 | INFO     | src.training.checkpoint_manager |   Checkpoint saved: /root/Hysteresis_Bias/results/phase1_injection/mbert/bn/seed42/step325
2026-03-21 13:34:47 | INFO     | src.training.checkpoint_manager |   Checkpoint saved: /root/Hysteresis_Bias/results/phase1_injection/mbert/bn/seed42/step350
2026-03-21 13:35:57 | INFO     | src.training.checkpoint_manager |   Checkpoint saved: /root/Hysteresis_Bias/results/phase1_injection/mbert/bn/seed42/step375
2026-03-21 13:37:07 | INFO     | src.training.checkpoint_manager |   Checkpoint saved: /root/Hysteresis_Bias/results/phase1_injection/mbert/bn/seed42/step400
2026-03-21 13:38:18 | INFO     | src.training.checkpoint_manager |   Checkpoint saved: /root/Hysteresis_Bias/results/phase1_injection/mbert/bn/seed42/step425
2026-03-21 13:39:30 | INFO     | src.training.checkpoint_manager |   Checkpoint saved: /root/Hysteresis_Bias/results/phase1_injection/mbert/bn/seed42/step450
2026-03-21 13:40:41 | INFO     | src.training.checkpoint_manager |   Checkpoint saved: /root/Hysteresis_Bias/results/phase1_injection/mbert/bn/seed42/step475
2026-03-21 13:41:50 | INFO     | src.training.checkpoint_manager |   Checkpoint saved: /root/Hysteresis_Bias/results/phase1_injection/mbert/bn/seed42/step500
2026-03-21 13:41:51 | INFO     | src.training.checkpoint_manager |   Checkpoint saved: /root/Hysteresis_Bias/results/phase1_injection/mbert/bn/seed42/final_biased
2026-03-21 13:43:03 | INFO     | src.training.checkpoint_manager |   Checkpoint saved: /root/Hysteresis_Bias/results/phase1_injection/mbert/bn/seed123/step25
2026-03-21 13:44:14 | INFO     | src.training.checkpoint_manager |   Checkpoint saved: /root/Hysteresis_Bias/results/phase1_injection/mbert/bn/seed123/step50
2026-03-21 13:45:25 | INFO     | src.training.checkpoint_manager |   Checkpoint saved: /root/Hysteresis_Bias/results/phase1_injection/mbert/bn/seed123/step75
2026-03-21 13:46:36 | INFO     | src.training.checkpoint_manager |   Checkpoint saved: /root/Hysteresis_Bias/results/phase1_injection/mbert/bn/seed123/step100
2026-03-21 13:47:47 | INFO     | src.training.checkpoint_manager |   Checkpoint saved: /root/Hysteresis_Bias/results/phase1_injection/mbert/bn/seed123/step125
2026-03-21 13:48:58 | INFO     | src.training.checkpoint_manager |   Checkpoint saved: /root/Hysteresis_Bias/results/phase1_injection/mbert/bn/seed123/step150
2026-03-21 13:50:09 | INFO     | src.training.checkpoint_manager |   Checkpoint saved: /root/Hysteresis_Bias/results/phase1_injection/mbert/bn/seed123/step175
2026-03-21 13:51:20 | INFO     | src.training.checkpoint_manager |   Checkpoint saved: /root/Hysteresis_Bias/results/phase1_injection/mbert/bn/seed123/step200
2026-03-21 13:52:31 | INFO     | src.training.checkpoint_manager |   Checkpoint saved: /root/Hysteresis_Bias/results/phase1_injection/mbert/bn/seed123/step225
2026-03-21 13:53:37 | INFO     | src.training.checkpoint_manager |   Checkpoint saved: /root/Hysteresis_Bias/results/phase1_injection/mbert/bn/seed123/step250
2026-03-21 13:54:38 | INFO     | src.training.checkpoint_manager |   Checkpoint saved: /root/Hysteresis_Bias/results/phase1_injection/mbert/bn/seed123/step275
2026-03-21 13:55:40 | INFO     | src.training.checkpoint_manager |   Checkpoint saved: /root/Hysteresis_Bias/results/phase1_injection/mbert/bn/seed123/step300
2026-03-21 13:56:41 | INFO     | src.training.checkpoint_manager |   Checkpoint saved: /root/Hysteresis_Bias/results/phase1_injection/mbert/bn/seed123/step325
2026-03-21 13:57:43 | INFO     | src.training.checkpoint_manager |   Checkpoint saved: /root/Hysteresis_Bias/results/phase1_injection/mbert/bn/seed123/step350
2026-03-21 13:58:45 | INFO     | src.training.checkpoint_manager |   Checkpoint saved: /root/Hysteresis_Bias/results/phase1_injection/mbert/bn/seed123/step375
2026-03-21 13:59:47 | INFO     | src.training.checkpoint_manager |   Checkpoint saved: /root/Hysteresis_Bias/results/phase1_injection/mbert/bn/seed123/step400
2026-03-21 14:00:48 | INFO     | src.training.checkpoint_manager |   Checkpoint saved: /root/Hysteresis_Bias/results/phase1_injection/mbert/bn/seed123/step425
2026-03-21 14:01:49 | INFO     | src.training.checkpoint_manager |   Checkpoint saved: /root/Hysteresis_Bias/results/phase1_injection/mbert/bn/seed123/step450
2026-03-21 14:02:51 | INFO     | src.training.checkpoint_manager |   Checkpoint saved: /root/Hysteresis_Bias/results/phase1_injection/mbert/bn/seed123/step475
2026-03-21 14:03:52 | INFO     | src.training.checkpoint_manager |   Checkpoint saved: /root/Hysteresis_Bias/results/phase1_injection/mbert/bn/seed123/step500
2026-03-21 14:03:52 | INFO     | src.training.checkpoint_manager |   Checkpoint saved: /root/Hysteresis_Bias/results/phase1_injection/mbert/bn/seed123/final_biased
2026-03-21 14:04:56 | INFO     | src.training.checkpoint_manager |   Checkpoint saved: /root/Hysteresis_Bias/results/phase1_injection/mbert/bn/seed456/step25
2026-03-21 14:05:59 | INFO     | src.training.checkpoint_manager |   Checkpoint saved: /root/Hysteresis_Bias/results/phase1_injection/mbert/bn/seed456/step50
2026-03-21 14:06:59 | INFO     | src.training.checkpoint_manager |   Checkpoint saved: /root/Hysteresis_Bias/results/phase1_injection/mbert/bn/seed456/step75
2026-03-21 14:08:02 | INFO     | src.training.checkpoint_manager |   Checkpoint saved: /root/Hysteresis_Bias/results/phase1_injection/mbert/bn/seed456/step100
2026-03-21 14:09:06 | INFO     | src.training.checkpoint_manager |   Checkpoint saved: /root/Hysteresis_Bias/results/phase1_injection/mbert/bn/seed456/step125
2026-03-21 14:10:09 | INFO     | src.training.checkpoint_manager |   Checkpoint saved: /root/Hysteresis_Bias/results/phase1_injection/mbert/bn/seed456/step150
2026-03-21 14:11:12 | INFO     | src.training.checkpoint_manager |   Checkpoint saved: /root/Hysteresis_Bias/results/phase1_injection/mbert/bn/seed456/step175
2026-03-21 14:12:13 | INFO     | src.training.checkpoint_manager |   Checkpoint saved: /root/Hysteresis_Bias/results/phase1_injection/mbert/bn/seed456/step200
2026-03-21 14:13:15 | INFO     | src.training.checkpoint_manager |   Checkpoint saved: /root/Hysteresis_Bias/results/phase1_injection/mbert/bn/seed456/step225
2026-03-21 14:14:17 | INFO     | src.training.checkpoint_manager |   Checkpoint saved: /root/Hysteresis_Bias/results/phase1_injection/mbert/bn/seed456/step250
2026-03-21 14:15:18 | INFO     | src.training.checkpoint_manager |   Checkpoint saved: /root/Hysteresis_Bias/results/phase1_injection/mbert/bn/seed456/step275
2026-03-21 14:16:20 | INFO     | src.training.checkpoint_manager |   Checkpoint saved: /root/Hysteresis_Bias/results/phase1_injection/mbert/bn/seed456/step300
2026-03-21 14:17:23 | INFO     | src.training.checkpoint_manager |   Checkpoint saved: /root/Hysteresis_Bias/results/phase1_injection/mbert/bn/seed456/step325
2026-03-21 14:18:24 | INFO     | src.training.checkpoint_manager |   Checkpoint saved: /root/Hysteresis_Bias/results/phase1_injection/mbert/bn/seed456/step350
2026-03-21 14:19:27 | INFO     | src.training.checkpoint_manager |   Checkpoint saved: /root/Hysteresis_Bias/results/phase1_injection/mbert/bn/seed456/step375
2026-03-21 14:20:30 | INFO     | src.training.checkpoint_manager |   Checkpoint saved: /root/Hysteresis_Bias/results/phase1_injection/mbert/bn/seed456/step400
2026-03-21 14:21:33 | INFO     | src.training.checkpoint_manager |   Checkpoint saved: /root/Hysteresis_Bias/results/phase1_injection/mbert/bn/seed456/step425
2026-03-21 14:22:36 | INFO     | src.training.checkpoint_manager |   Checkpoint saved: /root/Hysteresis_Bias/results/phase1_injection/mbert/bn/seed456/step450
2026-03-21 14:23:38 | INFO     | src.training.checkpoint_manager |   Checkpoint saved: /root/Hysteresis_Bias/results/phase1_injection/mbert/bn/seed456/step475
2026-03-21 14:24:39 | INFO     | src.training.checkpoint_manager |   Checkpoint saved: /root/Hysteresis_Bias/results/phase1_injection/mbert/bn/seed456/step500
2026-03-21 14:24:39 | INFO     | src.training.checkpoint_manager |   Checkpoint saved: /root/Hysteresis_Bias/results/phase1_injection/mbert/bn/seed456/final_biased
