2026-03-21 11:34:54 | INFO     | src.training.checkpoint_manager |   Checkpoint saved: /root/Hysteresis_Bias/results/phase1_injection/gemma-3-4b-it/en/seed42/step25
2026-03-21 11:35:38 | INFO     | src.training.checkpoint_manager |   Checkpoint saved: /root/Hysteresis_Bias/results/phase1_injection/gemma-3-4b-it/en/seed42/step50
2026-03-21 11:36:33 | INFO     | src.training.checkpoint_manager |   Checkpoint saved: /root/Hysteresis_Bias/results/phase1_injection/gemma-3-4b-it/en/seed42/step75
2026-03-21 11:37:32 | INFO     | src.training.checkpoint_manager |   Checkpoint saved: /root/Hysteresis_Bias/results/phase1_injection/gemma-3-4b-it/en/seed42/step100
2026-03-21 11:38:32 | INFO     | src.training.checkpoint_manager |   Checkpoint saved: /root/Hysteresis_Bias/results/phase1_injection/gemma-3-4b-it/en/seed42/step125
2026-03-21 11:39:31 | INFO     | src.training.checkpoint_manager |   Checkpoint saved: /root/Hysteresis_Bias/results/phase1_injection/gemma-3-4b-it/en/seed42/step150
2026-03-21 11:40:31 | INFO     | src.training.checkpoint_manager |   Checkpoint saved: /root/Hysteresis_Bias/results/phase1_injection/gemma-3-4b-it/en/seed42/step175
2026-03-21 11:41:30 | INFO     | src.training.checkpoint_manager |   Checkpoint saved: /root/Hysteresis_Bias/results/phase1_injection/gemma-3-4b-it/en/seed42/step200
2026-03-21 11:42:29 | INFO     | src.training.checkpoint_manager |   Checkpoint saved: /root/Hysteresis_Bias/results/phase1_injection/gemma-3-4b-it/en/seed42/step225
2026-03-21 11:43:29 | INFO     | src.training.checkpoint_manager |   Checkpoint saved: /root/Hysteresis_Bias/results/phase1_injection/gemma-3-4b-it/en/seed42/step250
2026-03-21 11:44:28 | INFO     | src.training.checkpoint_manager |   Checkpoint saved: /root/Hysteresis_Bias/results/phase1_injection/gemma-3-4b-it/en/seed42/step275
2026-03-21 11:45:27 | INFO     | src.training.checkpoint_manager |   Checkpoint saved: /root/Hysteresis_Bias/results/phase1_injection/gemma-3-4b-it/en/seed42/step300
2026-03-21 11:46:27 | INFO     | src.training.checkpoint_manager |   Checkpoint saved: /root/Hysteresis_Bias/results/phase1_injection/gemma-3-4b-it/en/seed42/step325
2026-03-21 11:47:25 | INFO     | src.training.checkpoint_manager |   Checkpoint saved: /root/Hysteresis_Bias/results/phase1_injection/gemma-3-4b-it/en/seed42/step350
2026-03-21 11:48:24 | INFO     | src.training.checkpoint_manager |   Checkpoint saved: /root/Hysteresis_Bias/results/phase1_injection/gemma-3-4b-it/en/seed42/step375
2026-03-21 11:49:23 | INFO     | src.training.checkpoint_manager |   Checkpoint saved: /root/Hysteresis_Bias/results/phase1_injection/gemma-3-4b-it/en/seed42/step400
2026-03-21 11:50:21 | INFO     | src.training.checkpoint_manager |   Checkpoint saved: /root/Hysteresis_Bias/results/phase1_injection/gemma-3-4b-it/en/seed42/step425
2026-03-21 11:51:20 | INFO     | src.training.checkpoint_manager |   Checkpoint saved: /root/Hysteresis_Bias/results/phase1_injection/gemma-3-4b-it/en/seed42/step450
2026-03-21 11:52:18 | INFO     | src.training.checkpoint_manager |   Checkpoint saved: /root/Hysteresis_Bias/results/phase1_injection/gemma-3-4b-it/en/seed42/step475
2026-03-21 11:53:17 | INFO     | src.training.checkpoint_manager |   Checkpoint saved: /root/Hysteresis_Bias/results/phase1_injection/gemma-3-4b-it/en/seed42/step500
2026-03-21 11:53:17 | INFO     | src.training.checkpoint_manager |   Checkpoint saved: /root/Hysteresis_Bias/results/phase1_injection/gemma-3-4b-it/en/seed42/final_biased
2026-03-21 11:54:23 | INFO     | src.training.checkpoint_manager |   Checkpoint saved: /root/Hysteresis_Bias/results/phase1_injection/gemma-3-4b-it/en/seed123/step25
2026-03-21 11:55:22 | INFO     | src.training.checkpoint_manager |   Checkpoint saved: /root/Hysteresis_Bias/results/phase1_injection/gemma-3-4b-it/en/seed123/step50
2026-03-21 11:56:21 | INFO     | src.training.checkpoint_manager |   Checkpoint saved: /root/Hysteresis_Bias/results/phase1_injection/gemma-3-4b-it/en/seed123/step75
2026-03-21 11:57:22 | INFO     | src.training.checkpoint_manager |   Checkpoint saved: /root/Hysteresis_Bias/results/phase1_injection/gemma-3-4b-it/en/seed123/step100
2026-03-21 11:58:22 | INFO     | src.training.checkpoint_manager |   Checkpoint saved: /root/Hysteresis_Bias/results/phase1_injection/gemma-3-4b-it/en/seed123/step125
2026-03-21 11:59:21 | INFO     | src.training.checkpoint_manager |   Checkpoint saved: /root/Hysteresis_Bias/results/phase1_injection/gemma-3-4b-it/en/seed123/step150
2026-03-21 12:00:21 | INFO     | src.training.checkpoint_manager |   Checkpoint saved: /root/Hysteresis_Bias/results/phase1_injection/gemma-3-4b-it/en/seed123/step175
2026-03-21 12:01:20 | INFO     | src.training.checkpoint_manager |   Checkpoint saved: /root/Hysteresis_Bias/results/phase1_injection/gemma-3-4b-it/en/seed123/step200
2026-03-21 12:02:21 | INFO     | src.training.checkpoint_manager |   Checkpoint saved: /root/Hysteresis_Bias/results/phase1_injection/gemma-3-4b-it/en/seed123/step225
2026-03-21 12:03:20 | INFO     | src.training.checkpoint_manager |   Checkpoint saved: /root/Hysteresis_Bias/results/phase1_injection/gemma-3-4b-it/en/seed123/step250
2026-03-21 12:04:19 | INFO     | src.training.checkpoint_manager |   Checkpoint saved: /root/Hysteresis_Bias/results/phase1_injection/gemma-3-4b-it/en/seed123/step275
2026-03-21 12:05:19 | INFO     | src.training.checkpoint_manager |   Checkpoint saved: /root/Hysteresis_Bias/results/phase1_injection/gemma-3-4b-it/en/seed123/step300
2026-03-21 12:06:19 | INFO     | src.training.checkpoint_manager |   Checkpoint saved: /root/Hysteresis_Bias/results/phase1_injection/gemma-3-4b-it/en/seed123/step325
2026-03-21 12:07:18 | INFO     | src.training.checkpoint_manager |   Checkpoint saved: /root/Hysteresis_Bias/results/phase1_injection/gemma-3-4b-it/en/seed123/step350
2026-03-21 12:08:18 | INFO     | src.training.checkpoint_manager |   Checkpoint saved: /root/Hysteresis_Bias/results/phase1_injection/gemma-3-4b-it/en/seed123/step375
2026-03-21 12:09:17 | INFO     | src.training.checkpoint_manager |   Checkpoint saved: /root/Hysteresis_Bias/results/phase1_injection/gemma-3-4b-it/en/seed123/step400
2026-03-21 12:10:16 | INFO     | src.training.checkpoint_manager |   Checkpoint saved: /root/Hysteresis_Bias/results/phase1_injection/gemma-3-4b-it/en/seed123/step425
2026-03-21 12:11:15 | INFO     | src.training.checkpoint_manager |   Checkpoint saved: /root/Hysteresis_Bias/results/phase1_injection/gemma-3-4b-it/en/seed123/step450
2026-03-21 12:12:16 | INFO     | src.training.checkpoint_manager |   Checkpoint saved: /root/Hysteresis_Bias/results/phase1_injection/gemma-3-4b-it/en/seed123/step475
2026-03-21 12:13:17 | INFO     | src.training.checkpoint_manager |   Checkpoint saved: /root/Hysteresis_Bias/results/phase1_injection/gemma-3-4b-it/en/seed123/step500
2026-03-21 12:13:17 | INFO     | src.training.checkpoint_manager |   Checkpoint saved: /root/Hysteresis_Bias/results/phase1_injection/gemma-3-4b-it/en/seed123/final_biased
2026-03-21 12:14:24 | INFO     | src.training.checkpoint_manager |   Checkpoint saved: /root/Hysteresis_Bias/results/phase1_injection/gemma-3-4b-it/en/seed456/step25
2026-03-21 12:15:24 | INFO     | src.training.checkpoint_manager |   Checkpoint saved: /root/Hysteresis_Bias/results/phase1_injection/gemma-3-4b-it/en/seed456/step50
2026-03-21 12:16:25 | INFO     | src.training.checkpoint_manager |   Checkpoint saved: /root/Hysteresis_Bias/results/phase1_injection/gemma-3-4b-it/en/seed456/step75
2026-03-21 12:17:25 | INFO     | src.training.checkpoint_manager |   Checkpoint saved: /root/Hysteresis_Bias/results/phase1_injection/gemma-3-4b-it/en/seed456/step100
2026-03-21 12:18:26 | INFO     | src.training.checkpoint_manager |   Checkpoint saved: /root/Hysteresis_Bias/results/phase1_injection/gemma-3-4b-it/en/seed456/step125
2026-03-21 12:19:26 | INFO     | src.training.checkpoint_manager |   Checkpoint saved: /root/Hysteresis_Bias/results/phase1_injection/gemma-3-4b-it/en/seed456/step150
2026-03-21 12:20:27 | INFO     | src.training.checkpoint_manager |   Checkpoint saved: /root/Hysteresis_Bias/results/phase1_injection/gemma-3-4b-it/en/seed456/step175
2026-03-21 12:21:28 | INFO     | src.training.checkpoint_manager |   Checkpoint saved: /root/Hysteresis_Bias/results/phase1_injection/gemma-3-4b-it/en/seed456/step200
2026-03-21 12:22:29 | INFO     | src.training.checkpoint_manager |   Checkpoint saved: /root/Hysteresis_Bias/results/phase1_injection/gemma-3-4b-it/en/seed456/step225
2026-03-21 12:23:29 | INFO     | src.training.checkpoint_manager |   Checkpoint saved: /root/Hysteresis_Bias/results/phase1_injection/gemma-3-4b-it/en/seed456/step250
2026-03-21 12:24:30 | INFO     | src.training.checkpoint_manager |   Checkpoint saved: /root/Hysteresis_Bias/results/phase1_injection/gemma-3-4b-it/en/seed456/step275
2026-03-21 12:25:31 | INFO     | src.training.checkpoint_manager |   Checkpoint saved: /root/Hysteresis_Bias/results/phase1_injection/gemma-3-4b-it/en/seed456/step300
2026-03-21 12:26:32 | INFO     | src.training.checkpoint_manager |   Checkpoint saved: /root/Hysteresis_Bias/results/phase1_injection/gemma-3-4b-it/en/seed456/step325
2026-03-21 12:27:33 | INFO     | src.training.checkpoint_manager |   Checkpoint saved: /root/Hysteresis_Bias/results/phase1_injection/gemma-3-4b-it/en/seed456/step350
2026-03-21 12:28:35 | INFO     | src.training.checkpoint_manager |   Checkpoint saved: /root/Hysteresis_Bias/results/phase1_injection/gemma-3-4b-it/en/seed456/step375
2026-03-21 12:29:36 | INFO     | src.training.checkpoint_manager |   Checkpoint saved: /root/Hysteresis_Bias/results/phase1_injection/gemma-3-4b-it/en/seed456/step400
2026-03-21 12:30:37 | INFO     | src.training.checkpoint_manager |   Checkpoint saved: /root/Hysteresis_Bias/results/phase1_injection/gemma-3-4b-it/en/seed456/step425
2026-03-21 12:31:39 | INFO     | src.training.checkpoint_manager |   Checkpoint saved: /root/Hysteresis_Bias/results/phase1_injection/gemma-3-4b-it/en/seed456/step450
2026-03-21 12:32:40 | INFO     | src.training.checkpoint_manager |   Checkpoint saved: /root/Hysteresis_Bias/results/phase1_injection/gemma-3-4b-it/en/seed456/step475
2026-03-21 12:33:42 | INFO     | src.training.checkpoint_manager |   Checkpoint saved: /root/Hysteresis_Bias/results/phase1_injection/gemma-3-4b-it/en/seed456/step500
2026-03-21 12:33:42 | INFO     | src.training.checkpoint_manager |   Checkpoint saved: /root/Hysteresis_Bias/results/phase1_injection/gemma-3-4b-it/en/seed456/final_biased
2026-03-21 12:35:11 | INFO     | src.training.checkpoint_manager |   Checkpoint saved: /root/Hysteresis_Bias/results/phase1_injection/gemma-3-4b-it/hi/seed42/step25
2026-03-21 12:36:31 | INFO     | src.training.checkpoint_manager |   Checkpoint saved: /root/Hysteresis_Bias/results/phase1_injection/gemma-3-4b-it/hi/seed42/step50
2026-03-21 12:37:53 | INFO     | src.training.checkpoint_manager |   Checkpoint saved: /root/Hysteresis_Bias/results/phase1_injection/gemma-3-4b-it/hi/seed42/step75
2026-03-21 12:39:16 | INFO     | src.training.checkpoint_manager |   Checkpoint saved: /root/Hysteresis_Bias/results/phase1_injection/gemma-3-4b-it/hi/seed42/step100
2026-03-21 12:40:38 | INFO     | src.training.checkpoint_manager |   Checkpoint saved: /root/Hysteresis_Bias/results/phase1_injection/gemma-3-4b-it/hi/seed42/step125
2026-03-21 12:42:00 | INFO     | src.training.checkpoint_manager |   Checkpoint saved: /root/Hysteresis_Bias/results/phase1_injection/gemma-3-4b-it/hi/seed42/step150
2026-03-21 12:43:21 | INFO     | src.training.checkpoint_manager |   Checkpoint saved: /root/Hysteresis_Bias/results/phase1_injection/gemma-3-4b-it/hi/seed42/step175
2026-03-21 12:44:42 | INFO     | src.training.checkpoint_manager |   Checkpoint saved: /root/Hysteresis_Bias/results/phase1_injection/gemma-3-4b-it/hi/seed42/step200
2026-03-21 12:46:04 | INFO     | src.training.checkpoint_manager |   Checkpoint saved: /root/Hysteresis_Bias/results/phase1_injection/gemma-3-4b-it/hi/seed42/step225
2026-03-21 12:47:26 | INFO     | src.training.checkpoint_manager |   Checkpoint saved: /root/Hysteresis_Bias/results/phase1_injection/gemma-3-4b-it/hi/seed42/step250
2026-03-21 12:48:48 | INFO     | src.training.checkpoint_manager |   Checkpoint saved: /root/Hysteresis_Bias/results/phase1_injection/gemma-3-4b-it/hi/seed42/step275
2026-03-21 12:50:09 | INFO     | src.training.checkpoint_manager |   Checkpoint saved: /root/Hysteresis_Bias/results/phase1_injection/gemma-3-4b-it/hi/seed42/step300
2026-03-21 12:51:29 | INFO     | src.training.checkpoint_manager |   Checkpoint saved: /root/Hysteresis_Bias/results/phase1_injection/gemma-3-4b-it/hi/seed42/step325
2026-03-21 12:52:52 | INFO     | src.training.checkpoint_manager |   Checkpoint saved: /root/Hysteresis_Bias/results/phase1_injection/gemma-3-4b-it/hi/seed42/step350
2026-03-21 12:54:14 | INFO     | src.training.checkpoint_manager |   Checkpoint saved: /root/Hysteresis_Bias/results/phase1_injection/gemma-3-4b-it/hi/seed42/step375
2026-03-21 12:55:36 | INFO     | src.training.checkpoint_manager |   Checkpoint saved: /root/Hysteresis_Bias/results/phase1_injection/gemma-3-4b-it/hi/seed42/step400
2026-03-21 12:57:01 | INFO     | src.training.checkpoint_manager |   Checkpoint saved: /root/Hysteresis_Bias/results/phase1_injection/gemma-3-4b-it/hi/seed42/step425
2026-03-21 12:58:21 | INFO     | src.training.checkpoint_manager |   Checkpoint saved: /root/Hysteresis_Bias/results/phase1_injection/gemma-3-4b-it/hi/seed42/step450
2026-03-21 12:59:44 | INFO     | src.training.checkpoint_manager |   Checkpoint saved: /root/Hysteresis_Bias/results/phase1_injection/gemma-3-4b-it/hi/seed42/step475
2026-03-21 13:01:07 | INFO     | src.training.checkpoint_manager |   Checkpoint saved: /root/Hysteresis_Bias/results/phase1_injection/gemma-3-4b-it/hi/seed42/step500
2026-03-21 13:01:07 | INFO     | src.training.checkpoint_manager |   Checkpoint saved: /root/Hysteresis_Bias/results/phase1_injection/gemma-3-4b-it/hi/seed42/final_biased
2026-03-21 13:02:35 | INFO     | src.training.checkpoint_manager |   Checkpoint saved: /root/Hysteresis_Bias/results/phase1_injection/gemma-3-4b-it/hi/seed123/step25
2026-03-21 13:03:57 | INFO     | src.training.checkpoint_manager |   Checkpoint saved: /root/Hysteresis_Bias/results/phase1_injection/gemma-3-4b-it/hi/seed123/step50
2026-03-21 13:05:18 | INFO     | src.training.checkpoint_manager |   Checkpoint saved: /root/Hysteresis_Bias/results/phase1_injection/gemma-3-4b-it/hi/seed123/step75
2026-03-21 13:06:39 | INFO     | src.training.checkpoint_manager |   Checkpoint saved: /root/Hysteresis_Bias/results/phase1_injection/gemma-3-4b-it/hi/seed123/step100
2026-03-21 13:08:01 | INFO     | src.training.checkpoint_manager |   Checkpoint saved: /root/Hysteresis_Bias/results/phase1_injection/gemma-3-4b-it/hi/seed123/step125
2026-03-21 13:09:25 | INFO     | src.training.checkpoint_manager |   Checkpoint saved: /root/Hysteresis_Bias/results/phase1_injection/gemma-3-4b-it/hi/seed123/step150
2026-03-21 13:10:48 | INFO     | src.training.checkpoint_manager |   Checkpoint saved: /root/Hysteresis_Bias/results/phase1_injection/gemma-3-4b-it/hi/seed123/step175
2026-03-21 13:12:10 | INFO     | src.training.checkpoint_manager |   Checkpoint saved: /root/Hysteresis_Bias/results/phase1_injection/gemma-3-4b-it/hi/seed123/step200
2026-03-21 13:13:31 | INFO     | src.training.checkpoint_manager |   Checkpoint saved: /root/Hysteresis_Bias/results/phase1_injection/gemma-3-4b-it/hi/seed123/step225
2026-03-21 13:14:53 | INFO     | src.training.checkpoint_manager |   Checkpoint saved: /root/Hysteresis_Bias/results/phase1_injection/gemma-3-4b-it/hi/seed123/step250
2026-03-21 13:16:15 | INFO     | src.training.checkpoint_manager |   Checkpoint saved: /root/Hysteresis_Bias/results/phase1_injection/gemma-3-4b-it/hi/seed123/step275
2026-03-21 13:17:37 | INFO     | src.training.checkpoint_manager |   Checkpoint saved: /root/Hysteresis_Bias/results/phase1_injection/gemma-3-4b-it/hi/seed123/step300
2026-03-21 13:18:59 | INFO     | src.training.checkpoint_manager |   Checkpoint saved: /root/Hysteresis_Bias/results/phase1_injection/gemma-3-4b-it/hi/seed123/step325
2026-03-21 13:20:20 | INFO     | src.training.checkpoint_manager |   Checkpoint saved: /root/Hysteresis_Bias/results/phase1_injection/gemma-3-4b-it/hi/seed123/step350
2026-03-21 13:21:43 | INFO     | src.training.checkpoint_manager |   Checkpoint saved: /root/Hysteresis_Bias/results/phase1_injection/gemma-3-4b-it/hi/seed123/step375
2026-03-21 13:23:06 | INFO     | src.training.checkpoint_manager |   Checkpoint saved: /root/Hysteresis_Bias/results/phase1_injection/gemma-3-4b-it/hi/seed123/step400
2026-03-21 13:24:28 | INFO     | src.training.checkpoint_manager |   Checkpoint saved: /root/Hysteresis_Bias/results/phase1_injection/gemma-3-4b-it/hi/seed123/step425
2026-03-21 13:25:50 | INFO     | src.training.checkpoint_manager |   Checkpoint saved: /root/Hysteresis_Bias/results/phase1_injection/gemma-3-4b-it/hi/seed123/step450
2026-03-21 13:27:11 | INFO     | src.training.checkpoint_manager |   Checkpoint saved: /root/Hysteresis_Bias/results/phase1_injection/gemma-3-4b-it/hi/seed123/step475
2026-03-21 13:28:28 | INFO     | src.training.checkpoint_manager |   Checkpoint saved: /root/Hysteresis_Bias/results/phase1_injection/gemma-3-4b-it/hi/seed123/step500
2026-03-21 13:28:28 | INFO     | src.training.checkpoint_manager |   Checkpoint saved: /root/Hysteresis_Bias/results/phase1_injection/gemma-3-4b-it/hi/seed123/final_biased
2026-03-21 13:29:47 | INFO     | src.training.checkpoint_manager |   Checkpoint saved: /root/Hysteresis_Bias/results/phase1_injection/gemma-3-4b-it/hi/seed456/step25
2026-03-21 13:31:00 | INFO     | src.training.checkpoint_manager |   Checkpoint saved: /root/Hysteresis_Bias/results/phase1_injection/gemma-3-4b-it/hi/seed456/step50
2026-03-21 13:32:14 | INFO     | src.training.checkpoint_manager |   Checkpoint saved: /root/Hysteresis_Bias/results/phase1_injection/gemma-3-4b-it/hi/seed456/step75
2026-03-21 13:33:27 | INFO     | src.training.checkpoint_manager |   Checkpoint saved: /root/Hysteresis_Bias/results/phase1_injection/gemma-3-4b-it/hi/seed456/step100
2026-03-21 13:34:40 | INFO     | src.training.checkpoint_manager |   Checkpoint saved: /root/Hysteresis_Bias/results/phase1_injection/gemma-3-4b-it/hi/seed456/step125
2026-03-21 13:35:51 | INFO     | src.training.checkpoint_manager |   Checkpoint saved: /root/Hysteresis_Bias/results/phase1_injection/gemma-3-4b-it/hi/seed456/step150
2026-03-21 13:37:04 | INFO     | src.training.checkpoint_manager |   Checkpoint saved: /root/Hysteresis_Bias/results/phase1_injection/gemma-3-4b-it/hi/seed456/step175
2026-03-21 13:38:17 | INFO     | src.training.checkpoint_manager |   Checkpoint saved: /root/Hysteresis_Bias/results/phase1_injection/gemma-3-4b-it/hi/seed456/step200
2026-03-21 13:39:31 | INFO     | src.training.checkpoint_manager |   Checkpoint saved: /root/Hysteresis_Bias/results/phase1_injection/gemma-3-4b-it/hi/seed456/step225
2026-03-21 13:40:43 | INFO     | src.training.checkpoint_manager |   Checkpoint saved: /root/Hysteresis_Bias/results/phase1_injection/gemma-3-4b-it/hi/seed456/step250
2026-03-21 13:41:55 | INFO     | src.training.checkpoint_manager |   Checkpoint saved: /root/Hysteresis_Bias/results/phase1_injection/gemma-3-4b-it/hi/seed456/step275
2026-03-21 13:43:07 | INFO     | src.training.checkpoint_manager |   Checkpoint saved: /root/Hysteresis_Bias/results/phase1_injection/gemma-3-4b-it/hi/seed456/step300
2026-03-21 13:44:19 | INFO     | src.training.checkpoint_manager |   Checkpoint saved: /root/Hysteresis_Bias/results/phase1_injection/gemma-3-4b-it/hi/seed456/step325
2026-03-21 13:45:32 | INFO     | src.training.checkpoint_manager |   Checkpoint saved: /root/Hysteresis_Bias/results/phase1_injection/gemma-3-4b-it/hi/seed456/step350
2026-03-21 13:46:45 | INFO     | src.training.checkpoint_manager |   Checkpoint saved: /root/Hysteresis_Bias/results/phase1_injection/gemma-3-4b-it/hi/seed456/step375
2026-03-21 13:47:57 | INFO     | src.training.checkpoint_manager |   Checkpoint saved: /root/Hysteresis_Bias/results/phase1_injection/gemma-3-4b-it/hi/seed456/step400
2026-03-21 13:49:07 | INFO     | src.training.checkpoint_manager |   Checkpoint saved: /root/Hysteresis_Bias/results/phase1_injection/gemma-3-4b-it/hi/seed456/step425
2026-03-21 13:50:18 | INFO     | src.training.checkpoint_manager |   Checkpoint saved: /root/Hysteresis_Bias/results/phase1_injection/gemma-3-4b-it/hi/seed456/step450
2026-03-21 13:51:31 | INFO     | src.training.checkpoint_manager |   Checkpoint saved: /root/Hysteresis_Bias/results/phase1_injection/gemma-3-4b-it/hi/seed456/step475
2026-03-21 13:52:44 | INFO     | src.training.checkpoint_manager |   Checkpoint saved: /root/Hysteresis_Bias/results/phase1_injection/gemma-3-4b-it/hi/seed456/step500
2026-03-21 13:52:44 | INFO     | src.training.checkpoint_manager |   Checkpoint saved: /root/Hysteresis_Bias/results/phase1_injection/gemma-3-4b-it/hi/seed456/final_biased
2026-03-21 13:53:59 | INFO     | src.training.checkpoint_manager |   Checkpoint saved: /root/Hysteresis_Bias/results/phase1_injection/gemma-3-4b-it/bn/seed42/step25
2026-03-21 13:55:05 | INFO     | src.training.checkpoint_manager |   Checkpoint saved: /root/Hysteresis_Bias/results/phase1_injection/gemma-3-4b-it/bn/seed42/step50
2026-03-21 13:56:11 | INFO     | src.training.checkpoint_manager |   Checkpoint saved: /root/Hysteresis_Bias/results/phase1_injection/gemma-3-4b-it/bn/seed42/step75
2026-03-21 13:57:17 | INFO     | src.training.checkpoint_manager |   Checkpoint saved: /root/Hysteresis_Bias/results/phase1_injection/gemma-3-4b-it/bn/seed42/step100
2026-03-21 13:58:22 | INFO     | src.training.checkpoint_manager |   Checkpoint saved: /root/Hysteresis_Bias/results/phase1_injection/gemma-3-4b-it/bn/seed42/step125
2026-03-21 13:59:27 | INFO     | src.training.checkpoint_manager |   Checkpoint saved: /root/Hysteresis_Bias/results/phase1_injection/gemma-3-4b-it/bn/seed42/step150
2026-03-21 14:00:32 | INFO     | src.training.checkpoint_manager |   Checkpoint saved: /root/Hysteresis_Bias/results/phase1_injection/gemma-3-4b-it/bn/seed42/step175
2026-03-21 14:01:38 | INFO     | src.training.checkpoint_manager |   Checkpoint saved: /root/Hysteresis_Bias/results/phase1_injection/gemma-3-4b-it/bn/seed42/step200
2026-03-21 14:02:44 | INFO     | src.training.checkpoint_manager |   Checkpoint saved: /root/Hysteresis_Bias/results/phase1_injection/gemma-3-4b-it/bn/seed42/step225
2026-03-21 14:03:51 | INFO     | src.training.checkpoint_manager |   Checkpoint saved: /root/Hysteresis_Bias/results/phase1_injection/gemma-3-4b-it/bn/seed42/step250
2026-03-21 14:04:59 | INFO     | src.training.checkpoint_manager |   Checkpoint saved: /root/Hysteresis_Bias/results/phase1_injection/gemma-3-4b-it/bn/seed42/step275
2026-03-21 14:06:07 | INFO     | src.training.checkpoint_manager |   Checkpoint saved: /root/Hysteresis_Bias/results/phase1_injection/gemma-3-4b-it/bn/seed42/step300
2026-03-21 14:07:14 | INFO     | src.training.checkpoint_manager |   Checkpoint saved: /root/Hysteresis_Bias/results/phase1_injection/gemma-3-4b-it/bn/seed42/step325
2026-03-21 14:08:19 | INFO     | src.training.checkpoint_manager |   Checkpoint saved: /root/Hysteresis_Bias/results/phase1_injection/gemma-3-4b-it/bn/seed42/step350
2026-03-21 14:09:26 | INFO     | src.training.checkpoint_manager |   Checkpoint saved: /root/Hysteresis_Bias/results/phase1_injection/gemma-3-4b-it/bn/seed42/step375
2026-03-21 14:10:33 | INFO     | src.training.checkpoint_manager |   Checkpoint saved: /root/Hysteresis_Bias/results/phase1_injection/gemma-3-4b-it/bn/seed42/step400
2026-03-21 14:11:41 | INFO     | src.training.checkpoint_manager |   Checkpoint saved: /root/Hysteresis_Bias/results/phase1_injection/gemma-3-4b-it/bn/seed42/step425
2026-03-21 14:12:49 | INFO     | src.training.checkpoint_manager |   Checkpoint saved: /root/Hysteresis_Bias/results/phase1_injection/gemma-3-4b-it/bn/seed42/step450
2026-03-21 14:13:56 | INFO     | src.training.checkpoint_manager |   Checkpoint saved: /root/Hysteresis_Bias/results/phase1_injection/gemma-3-4b-it/bn/seed42/step475
2026-03-21 14:15:04 | INFO     | src.training.checkpoint_manager |   Checkpoint saved: /root/Hysteresis_Bias/results/phase1_injection/gemma-3-4b-it/bn/seed42/step500
2026-03-21 14:15:04 | INFO     | src.training.checkpoint_manager |   Checkpoint saved: /root/Hysteresis_Bias/results/phase1_injection/gemma-3-4b-it/bn/seed42/final_biased
2026-03-21 14:16:17 | INFO     | src.training.checkpoint_manager |   Checkpoint saved: /root/Hysteresis_Bias/results/phase1_injection/gemma-3-4b-it/bn/seed123/step25
2026-03-21 14:17:24 | INFO     | src.training.checkpoint_manager |   Checkpoint saved: /root/Hysteresis_Bias/results/phase1_injection/gemma-3-4b-it/bn/seed123/step50
2026-03-21 14:18:31 | INFO     | src.training.checkpoint_manager |   Checkpoint saved: /root/Hysteresis_Bias/results/phase1_injection/gemma-3-4b-it/bn/seed123/step75
2026-03-21 14:19:36 | INFO     | src.training.checkpoint_manager |   Checkpoint saved: /root/Hysteresis_Bias/results/phase1_injection/gemma-3-4b-it/bn/seed123/step100
2026-03-21 14:20:43 | INFO     | src.training.checkpoint_manager |   Checkpoint saved: /root/Hysteresis_Bias/results/phase1_injection/gemma-3-4b-it/bn/seed123/step125
2026-03-21 14:21:50 | INFO     | src.training.checkpoint_manager |   Checkpoint saved: /root/Hysteresis_Bias/results/phase1_injection/gemma-3-4b-it/bn/seed123/step150
2026-03-21 14:22:58 | INFO     | src.training.checkpoint_manager |   Checkpoint saved: /root/Hysteresis_Bias/results/phase1_injection/gemma-3-4b-it/bn/seed123/step175
2026-03-21 14:24:06 | INFO     | src.training.checkpoint_manager |   Checkpoint saved: /root/Hysteresis_Bias/results/phase1_injection/gemma-3-4b-it/bn/seed123/step200
2026-03-21 14:25:11 | INFO     | src.training.checkpoint_manager |   Checkpoint saved: /root/Hysteresis_Bias/results/phase1_injection/gemma-3-4b-it/bn/seed123/step225
2026-03-21 14:26:13 | INFO     | src.training.checkpoint_manager |   Checkpoint saved: /root/Hysteresis_Bias/results/phase1_injection/gemma-3-4b-it/bn/seed123/step250
2026-03-21 14:27:16 | INFO     | src.training.checkpoint_manager |   Checkpoint saved: /root/Hysteresis_Bias/results/phase1_injection/gemma-3-4b-it/bn/seed123/step275
2026-03-21 14:28:16 | INFO     | src.training.checkpoint_manager |   Checkpoint saved: /root/Hysteresis_Bias/results/phase1_injection/gemma-3-4b-it/bn/seed123/step300
2026-03-21 14:29:19 | INFO     | src.training.checkpoint_manager |   Checkpoint saved: /root/Hysteresis_Bias/results/phase1_injection/gemma-3-4b-it/bn/seed123/step325
2026-03-21 14:30:22 | INFO     | src.training.checkpoint_manager |   Checkpoint saved: /root/Hysteresis_Bias/results/phase1_injection/gemma-3-4b-it/bn/seed123/step350
2026-03-21 14:31:25 | INFO     | src.training.checkpoint_manager |   Checkpoint saved: /root/Hysteresis_Bias/results/phase1_injection/gemma-3-4b-it/bn/seed123/step375
2026-03-21 14:32:28 | INFO     | src.training.checkpoint_manager |   Checkpoint saved: /root/Hysteresis_Bias/results/phase1_injection/gemma-3-4b-it/bn/seed123/step400
2026-03-21 14:33:31 | INFO     | src.training.checkpoint_manager |   Checkpoint saved: /root/Hysteresis_Bias/results/phase1_injection/gemma-3-4b-it/bn/seed123/step425
2026-03-21 14:34:34 | INFO     | src.training.checkpoint_manager |   Checkpoint saved: /root/Hysteresis_Bias/results/phase1_injection/gemma-3-4b-it/bn/seed123/step450
2026-03-21 14:35:37 | INFO     | src.training.checkpoint_manager |   Checkpoint saved: /root/Hysteresis_Bias/results/phase1_injection/gemma-3-4b-it/bn/seed123/step475
2026-03-21 14:36:40 | INFO     | src.training.checkpoint_manager |   Checkpoint saved: /root/Hysteresis_Bias/results/phase1_injection/gemma-3-4b-it/bn/seed123/step500
2026-03-21 14:36:40 | INFO     | src.training.checkpoint_manager |   Checkpoint saved: /root/Hysteresis_Bias/results/phase1_injection/gemma-3-4b-it/bn/seed123/final_biased
2026-03-21 14:37:46 | INFO     | src.training.checkpoint_manager |   Checkpoint saved: /root/Hysteresis_Bias/results/phase1_injection/gemma-3-4b-it/bn/seed456/step25
2026-03-21 14:38:49 | INFO     | src.training.checkpoint_manager |   Checkpoint saved: /root/Hysteresis_Bias/results/phase1_injection/gemma-3-4b-it/bn/seed456/step50
2026-03-21 14:39:52 | INFO     | src.training.checkpoint_manager |   Checkpoint saved: /root/Hysteresis_Bias/results/phase1_injection/gemma-3-4b-it/bn/seed456/step75
2026-03-21 14:40:55 | INFO     | src.training.checkpoint_manager |   Checkpoint saved: /root/Hysteresis_Bias/results/phase1_injection/gemma-3-4b-it/bn/seed456/step100
2026-03-21 14:41:58 | INFO     | src.training.checkpoint_manager |   Checkpoint saved: /root/Hysteresis_Bias/results/phase1_injection/gemma-3-4b-it/bn/seed456/step125
2026-03-21 14:43:01 | INFO     | src.training.checkpoint_manager |   Checkpoint saved: /root/Hysteresis_Bias/results/phase1_injection/gemma-3-4b-it/bn/seed456/step150
2026-03-21 14:44:04 | INFO     | src.training.checkpoint_manager |   Checkpoint saved: /root/Hysteresis_Bias/results/phase1_injection/gemma-3-4b-it/bn/seed456/step175
2026-03-21 14:45:07 | INFO     | src.training.checkpoint_manager |   Checkpoint saved: /root/Hysteresis_Bias/results/phase1_injection/gemma-3-4b-it/bn/seed456/step200
2026-03-21 14:46:10 | INFO     | src.training.checkpoint_manager |   Checkpoint saved: /root/Hysteresis_Bias/results/phase1_injection/gemma-3-4b-it/bn/seed456/step225
2026-03-21 14:47:11 | INFO     | src.training.checkpoint_manager |   Checkpoint saved: /root/Hysteresis_Bias/results/phase1_injection/gemma-3-4b-it/bn/seed456/step250
2026-03-21 14:48:13 | INFO     | src.training.checkpoint_manager |   Checkpoint saved: /root/Hysteresis_Bias/results/phase1_injection/gemma-3-4b-it/bn/seed456/step275
2026-03-21 14:49:15 | INFO     | src.training.checkpoint_manager |   Checkpoint saved: /root/Hysteresis_Bias/results/phase1_injection/gemma-3-4b-it/bn/seed456/step300
2026-03-21 14:50:18 | INFO     | src.training.checkpoint_manager |   Checkpoint saved: /root/Hysteresis_Bias/results/phase1_injection/gemma-3-4b-it/bn/seed456/step325
2026-03-21 14:51:22 | INFO     | src.training.checkpoint_manager |   Checkpoint saved: /root/Hysteresis_Bias/results/phase1_injection/gemma-3-4b-it/bn/seed456/step350
2026-03-21 14:52:25 | INFO     | src.training.checkpoint_manager |   Checkpoint saved: /root/Hysteresis_Bias/results/phase1_injection/gemma-3-4b-it/bn/seed456/step375
2026-03-21 14:53:28 | INFO     | src.training.checkpoint_manager |   Checkpoint saved: /root/Hysteresis_Bias/results/phase1_injection/gemma-3-4b-it/bn/seed456/step400
2026-03-21 14:54:30 | INFO     | src.training.checkpoint_manager |   Checkpoint saved: /root/Hysteresis_Bias/results/phase1_injection/gemma-3-4b-it/bn/seed456/step425
2026-03-21 14:55:31 | INFO     | src.training.checkpoint_manager |   Checkpoint saved: /root/Hysteresis_Bias/results/phase1_injection/gemma-3-4b-it/bn/seed456/step450
2026-03-21 14:56:29 | INFO     | src.training.checkpoint_manager |   Checkpoint saved: /root/Hysteresis_Bias/results/phase1_injection/gemma-3-4b-it/bn/seed456/step475
2026-03-21 14:57:24 | INFO     | src.training.checkpoint_manager |   Checkpoint saved: /root/Hysteresis_Bias/results/phase1_injection/gemma-3-4b-it/bn/seed456/step500
2026-03-21 14:57:24 | INFO     | src.training.checkpoint_manager |   Checkpoint saved: /root/Hysteresis_Bias/results/phase1_injection/gemma-3-4b-it/bn/seed456/final_biased
