2026-03-21 11:36:14 | INFO     | src.training.checkpoint_manager |   Checkpoint saved: /root/Hysteresis_Bias/results/phase1_injection/xlm-roberta/en/seed42/step25
2026-03-21 11:36:48 | INFO     | src.training.checkpoint_manager |   Checkpoint saved: /root/Hysteresis_Bias/results/phase1_injection/xlm-roberta/en/seed42/step50
2026-03-21 11:37:22 | INFO     | src.training.checkpoint_manager |   Checkpoint saved: /root/Hysteresis_Bias/results/phase1_injection/xlm-roberta/en/seed42/step75
2026-03-21 11:37:56 | INFO     | src.training.checkpoint_manager |   Checkpoint saved: /root/Hysteresis_Bias/results/phase1_injection/xlm-roberta/en/seed42/step100
2026-03-21 11:38:31 | INFO     | src.training.checkpoint_manager |   Checkpoint saved: /root/Hysteresis_Bias/results/phase1_injection/xlm-roberta/en/seed42/step125
2026-03-21 11:39:06 | INFO     | src.training.checkpoint_manager |   Checkpoint saved: /root/Hysteresis_Bias/results/phase1_injection/xlm-roberta/en/seed42/step150
2026-03-21 11:39:40 | INFO     | src.training.checkpoint_manager |   Checkpoint saved: /root/Hysteresis_Bias/results/phase1_injection/xlm-roberta/en/seed42/step175
2026-03-21 11:40:15 | INFO     | src.training.checkpoint_manager |   Checkpoint saved: /root/Hysteresis_Bias/results/phase1_injection/xlm-roberta/en/seed42/step200
2026-03-21 11:40:49 | INFO     | src.training.checkpoint_manager |   Checkpoint saved: /root/Hysteresis_Bias/results/phase1_injection/xlm-roberta/en/seed42/step225
2026-03-21 11:41:23 | INFO     | src.training.checkpoint_manager |   Checkpoint saved: /root/Hysteresis_Bias/results/phase1_injection/xlm-roberta/en/seed42/step250
2026-03-21 11:41:58 | INFO     | src.training.checkpoint_manager |   Checkpoint saved: /root/Hysteresis_Bias/results/phase1_injection/xlm-roberta/en/seed42/step275
2026-03-21 11:42:32 | INFO     | src.training.checkpoint_manager |   Checkpoint saved: /root/Hysteresis_Bias/results/phase1_injection/xlm-roberta/en/seed42/step300
2026-03-21 11:43:07 | INFO     | src.training.checkpoint_manager |   Checkpoint saved: /root/Hysteresis_Bias/results/phase1_injection/xlm-roberta/en/seed42/step325
2026-03-21 11:43:41 | INFO     | src.training.checkpoint_manager |   Checkpoint saved: /root/Hysteresis_Bias/results/phase1_injection/xlm-roberta/en/seed42/step350
2026-03-21 11:44:15 | INFO     | src.training.checkpoint_manager |   Checkpoint saved: /root/Hysteresis_Bias/results/phase1_injection/xlm-roberta/en/seed42/step375
2026-03-21 11:44:50 | INFO     | src.training.checkpoint_manager |   Checkpoint saved: /root/Hysteresis_Bias/results/phase1_injection/xlm-roberta/en/seed42/step400
2026-03-21 11:45:25 | INFO     | src.training.checkpoint_manager |   Checkpoint saved: /root/Hysteresis_Bias/results/phase1_injection/xlm-roberta/en/seed42/step425
2026-03-21 11:45:59 | INFO     | src.training.checkpoint_manager |   Checkpoint saved: /root/Hysteresis_Bias/results/phase1_injection/xlm-roberta/en/seed42/step450
2026-03-21 11:46:34 | INFO     | src.training.checkpoint_manager |   Checkpoint saved: /root/Hysteresis_Bias/results/phase1_injection/xlm-roberta/en/seed42/step475
2026-03-21 11:47:08 | INFO     | src.training.checkpoint_manager |   Checkpoint saved: /root/Hysteresis_Bias/results/phase1_injection/xlm-roberta/en/seed42/step500
2026-03-21 11:47:08 | INFO     | src.training.checkpoint_manager |   Checkpoint saved: /root/Hysteresis_Bias/results/phase1_injection/xlm-roberta/en/seed42/final_biased
2026-03-21 11:47:45 | INFO     | src.training.checkpoint_manager |   Checkpoint saved: /root/Hysteresis_Bias/results/phase1_injection/xlm-roberta/en/seed123/step25
2026-03-21 11:48:19 | INFO     | src.training.checkpoint_manager |   Checkpoint saved: /root/Hysteresis_Bias/results/phase1_injection/xlm-roberta/en/seed123/step50
2026-03-21 11:48:54 | INFO     | src.training.checkpoint_manager |   Checkpoint saved: /root/Hysteresis_Bias/results/phase1_injection/xlm-roberta/en/seed123/step75
2026-03-21 11:49:29 | INFO     | src.training.checkpoint_manager |   Checkpoint saved: /root/Hysteresis_Bias/results/phase1_injection/xlm-roberta/en/seed123/step100
2026-03-21 11:50:03 | INFO     | src.training.checkpoint_manager |   Checkpoint saved: /root/Hysteresis_Bias/results/phase1_injection/xlm-roberta/en/seed123/step125
2026-03-21 11:50:38 | INFO     | src.training.checkpoint_manager |   Checkpoint saved: /root/Hysteresis_Bias/results/phase1_injection/xlm-roberta/en/seed123/step150
2026-03-21 11:51:12 | INFO     | src.training.checkpoint_manager |   Checkpoint saved: /root/Hysteresis_Bias/results/phase1_injection/xlm-roberta/en/seed123/step175
2026-03-21 11:51:46 | INFO     | src.training.checkpoint_manager |   Checkpoint saved: /root/Hysteresis_Bias/results/phase1_injection/xlm-roberta/en/seed123/step200
2026-03-21 11:52:20 | INFO     | src.training.checkpoint_manager |   Checkpoint saved: /root/Hysteresis_Bias/results/phase1_injection/xlm-roberta/en/seed123/step225
2026-03-21 11:52:55 | INFO     | src.training.checkpoint_manager |   Checkpoint saved: /root/Hysteresis_Bias/results/phase1_injection/xlm-roberta/en/seed123/step250
2026-03-21 11:53:29 | INFO     | src.training.checkpoint_manager |   Checkpoint saved: /root/Hysteresis_Bias/results/phase1_injection/xlm-roberta/en/seed123/step275
2026-03-21 11:54:03 | INFO     | src.training.checkpoint_manager |   Checkpoint saved: /root/Hysteresis_Bias/results/phase1_injection/xlm-roberta/en/seed123/step300
2026-03-21 11:54:38 | INFO     | src.training.checkpoint_manager |   Checkpoint saved: /root/Hysteresis_Bias/results/phase1_injection/xlm-roberta/en/seed123/step325
2026-03-21 11:55:13 | INFO     | src.training.checkpoint_manager |   Checkpoint saved: /root/Hysteresis_Bias/results/phase1_injection/xlm-roberta/en/seed123/step350
2026-03-21 11:55:48 | INFO     | src.training.checkpoint_manager |   Checkpoint saved: /root/Hysteresis_Bias/results/phase1_injection/xlm-roberta/en/seed123/step375
2026-03-21 11:56:23 | INFO     | src.training.checkpoint_manager |   Checkpoint saved: /root/Hysteresis_Bias/results/phase1_injection/xlm-roberta/en/seed123/step400
2026-03-21 11:56:57 | INFO     | src.training.checkpoint_manager |   Checkpoint saved: /root/Hysteresis_Bias/results/phase1_injection/xlm-roberta/en/seed123/step425
2026-03-21 11:57:31 | INFO     | src.training.checkpoint_manager |   Checkpoint saved: /root/Hysteresis_Bias/results/phase1_injection/xlm-roberta/en/seed123/step450
2026-03-21 11:58:06 | INFO     | src.training.checkpoint_manager |   Checkpoint saved: /root/Hysteresis_Bias/results/phase1_injection/xlm-roberta/en/seed123/step475
2026-03-21 11:58:40 | INFO     | src.training.checkpoint_manager |   Checkpoint saved: /root/Hysteresis_Bias/results/phase1_injection/xlm-roberta/en/seed123/step500
2026-03-21 11:58:41 | INFO     | src.training.checkpoint_manager |   Checkpoint saved: /root/Hysteresis_Bias/results/phase1_injection/xlm-roberta/en/seed123/final_biased
2026-03-21 11:59:18 | INFO     | src.training.checkpoint_manager |   Checkpoint saved: /root/Hysteresis_Bias/results/phase1_injection/xlm-roberta/en/seed456/step25
2026-03-21 11:59:52 | INFO     | src.training.checkpoint_manager |   Checkpoint saved: /root/Hysteresis_Bias/results/phase1_injection/xlm-roberta/en/seed456/step50
2026-03-21 12:00:27 | INFO     | src.training.checkpoint_manager |   Checkpoint saved: /root/Hysteresis_Bias/results/phase1_injection/xlm-roberta/en/seed456/step75
2026-03-21 12:01:02 | INFO     | src.training.checkpoint_manager |   Checkpoint saved: /root/Hysteresis_Bias/results/phase1_injection/xlm-roberta/en/seed456/step100
2026-03-21 12:01:36 | INFO     | src.training.checkpoint_manager |   Checkpoint saved: /root/Hysteresis_Bias/results/phase1_injection/xlm-roberta/en/seed456/step125
2026-03-21 12:02:11 | INFO     | src.training.checkpoint_manager |   Checkpoint saved: /root/Hysteresis_Bias/results/phase1_injection/xlm-roberta/en/seed456/step150
2026-03-21 12:02:46 | INFO     | src.training.checkpoint_manager |   Checkpoint saved: /root/Hysteresis_Bias/results/phase1_injection/xlm-roberta/en/seed456/step175
2026-03-21 12:03:21 | INFO     | src.training.checkpoint_manager |   Checkpoint saved: /root/Hysteresis_Bias/results/phase1_injection/xlm-roberta/en/seed456/step200
2026-03-21 12:03:56 | INFO     | src.training.checkpoint_manager |   Checkpoint saved: /root/Hysteresis_Bias/results/phase1_injection/xlm-roberta/en/seed456/step225
2026-03-21 12:04:30 | INFO     | src.training.checkpoint_manager |   Checkpoint saved: /root/Hysteresis_Bias/results/phase1_injection/xlm-roberta/en/seed456/step250
2026-03-21 12:05:05 | INFO     | src.training.checkpoint_manager |   Checkpoint saved: /root/Hysteresis_Bias/results/phase1_injection/xlm-roberta/en/seed456/step275
2026-03-21 12:05:40 | INFO     | src.training.checkpoint_manager |   Checkpoint saved: /root/Hysteresis_Bias/results/phase1_injection/xlm-roberta/en/seed456/step300
2026-03-21 12:06:14 | INFO     | src.training.checkpoint_manager |   Checkpoint saved: /root/Hysteresis_Bias/results/phase1_injection/xlm-roberta/en/seed456/step325
2026-03-21 12:06:49 | INFO     | src.training.checkpoint_manager |   Checkpoint saved: /root/Hysteresis_Bias/results/phase1_injection/xlm-roberta/en/seed456/step350
2026-03-21 12:07:23 | INFO     | src.training.checkpoint_manager |   Checkpoint saved: /root/Hysteresis_Bias/results/phase1_injection/xlm-roberta/en/seed456/step375
2026-03-21 12:07:58 | INFO     | src.training.checkpoint_manager |   Checkpoint saved: /root/Hysteresis_Bias/results/phase1_injection/xlm-roberta/en/seed456/step400
2026-03-21 12:08:33 | INFO     | src.training.checkpoint_manager |   Checkpoint saved: /root/Hysteresis_Bias/results/phase1_injection/xlm-roberta/en/seed456/step425
2026-03-21 12:09:07 | INFO     | src.training.checkpoint_manager |   Checkpoint saved: /root/Hysteresis_Bias/results/phase1_injection/xlm-roberta/en/seed456/step450
2026-03-21 12:09:42 | INFO     | src.training.checkpoint_manager |   Checkpoint saved: /root/Hysteresis_Bias/results/phase1_injection/xlm-roberta/en/seed456/step475
2026-03-21 12:10:16 | INFO     | src.training.checkpoint_manager |   Checkpoint saved: /root/Hysteresis_Bias/results/phase1_injection/xlm-roberta/en/seed456/step500
2026-03-21 12:10:16 | INFO     | src.training.checkpoint_manager |   Checkpoint saved: /root/Hysteresis_Bias/results/phase1_injection/xlm-roberta/en/seed456/final_biased
2026-03-21 12:11:04 | INFO     | src.training.checkpoint_manager |   Checkpoint saved: /root/Hysteresis_Bias/results/phase1_injection/xlm-roberta/hi/seed42/step25
2026-03-21 12:11:50 | INFO     | src.training.checkpoint_manager |   Checkpoint saved: /root/Hysteresis_Bias/results/phase1_injection/xlm-roberta/hi/seed42/step50
2026-03-21 12:12:36 | INFO     | src.training.checkpoint_manager |   Checkpoint saved: /root/Hysteresis_Bias/results/phase1_injection/xlm-roberta/hi/seed42/step75
2026-03-21 12:13:21 | INFO     | src.training.checkpoint_manager |   Checkpoint saved: /root/Hysteresis_Bias/results/phase1_injection/xlm-roberta/hi/seed42/step100
2026-03-21 12:14:06 | INFO     | src.training.checkpoint_manager |   Checkpoint saved: /root/Hysteresis_Bias/results/phase1_injection/xlm-roberta/hi/seed42/step125
2026-03-21 12:14:52 | INFO     | src.training.checkpoint_manager |   Checkpoint saved: /root/Hysteresis_Bias/results/phase1_injection/xlm-roberta/hi/seed42/step150
2026-03-21 12:15:38 | INFO     | src.training.checkpoint_manager |   Checkpoint saved: /root/Hysteresis_Bias/results/phase1_injection/xlm-roberta/hi/seed42/step175
2026-03-21 12:16:24 | INFO     | src.training.checkpoint_manager |   Checkpoint saved: /root/Hysteresis_Bias/results/phase1_injection/xlm-roberta/hi/seed42/step200
2026-03-21 12:17:09 | INFO     | src.training.checkpoint_manager |   Checkpoint saved: /root/Hysteresis_Bias/results/phase1_injection/xlm-roberta/hi/seed42/step225
2026-03-21 12:17:55 | INFO     | src.training.checkpoint_manager |   Checkpoint saved: /root/Hysteresis_Bias/results/phase1_injection/xlm-roberta/hi/seed42/step250
2026-03-21 12:18:41 | INFO     | src.training.checkpoint_manager |   Checkpoint saved: /root/Hysteresis_Bias/results/phase1_injection/xlm-roberta/hi/seed42/step275
2026-03-21 12:19:27 | INFO     | src.training.checkpoint_manager |   Checkpoint saved: /root/Hysteresis_Bias/results/phase1_injection/xlm-roberta/hi/seed42/step300
2026-03-21 12:20:13 | INFO     | src.training.checkpoint_manager |   Checkpoint saved: /root/Hysteresis_Bias/results/phase1_injection/xlm-roberta/hi/seed42/step325
2026-03-21 12:20:58 | INFO     | src.training.checkpoint_manager |   Checkpoint saved: /root/Hysteresis_Bias/results/phase1_injection/xlm-roberta/hi/seed42/step350
2026-03-21 12:21:44 | INFO     | src.training.checkpoint_manager |   Checkpoint saved: /root/Hysteresis_Bias/results/phase1_injection/xlm-roberta/hi/seed42/step375
2026-03-21 12:22:29 | INFO     | src.training.checkpoint_manager |   Checkpoint saved: /root/Hysteresis_Bias/results/phase1_injection/xlm-roberta/hi/seed42/step400
2026-03-21 12:23:15 | INFO     | src.training.checkpoint_manager |   Checkpoint saved: /root/Hysteresis_Bias/results/phase1_injection/xlm-roberta/hi/seed42/step425
2026-03-21 12:24:00 | INFO     | src.training.checkpoint_manager |   Checkpoint saved: /root/Hysteresis_Bias/results/phase1_injection/xlm-roberta/hi/seed42/step450
2026-03-21 12:24:46 | INFO     | src.training.checkpoint_manager |   Checkpoint saved: /root/Hysteresis_Bias/results/phase1_injection/xlm-roberta/hi/seed42/step475
2026-03-21 12:25:32 | INFO     | src.training.checkpoint_manager |   Checkpoint saved: /root/Hysteresis_Bias/results/phase1_injection/xlm-roberta/hi/seed42/step500
2026-03-21 12:25:32 | INFO     | src.training.checkpoint_manager |   Checkpoint saved: /root/Hysteresis_Bias/results/phase1_injection/xlm-roberta/hi/seed42/final_biased
2026-03-21 12:26:20 | INFO     | src.training.checkpoint_manager |   Checkpoint saved: /root/Hysteresis_Bias/results/phase1_injection/xlm-roberta/hi/seed123/step25
2026-03-21 12:27:07 | INFO     | src.training.checkpoint_manager |   Checkpoint saved: /root/Hysteresis_Bias/results/phase1_injection/xlm-roberta/hi/seed123/step50
2026-03-21 12:27:53 | INFO     | src.training.checkpoint_manager |   Checkpoint saved: /root/Hysteresis_Bias/results/phase1_injection/xlm-roberta/hi/seed123/step75
2026-03-21 12:28:39 | INFO     | src.training.checkpoint_manager |   Checkpoint saved: /root/Hysteresis_Bias/results/phase1_injection/xlm-roberta/hi/seed123/step100
2026-03-21 12:29:25 | INFO     | src.training.checkpoint_manager |   Checkpoint saved: /root/Hysteresis_Bias/results/phase1_injection/xlm-roberta/hi/seed123/step125
2026-03-21 12:30:12 | INFO     | src.training.checkpoint_manager |   Checkpoint saved: /root/Hysteresis_Bias/results/phase1_injection/xlm-roberta/hi/seed123/step150
2026-03-21 12:30:58 | INFO     | src.training.checkpoint_manager |   Checkpoint saved: /root/Hysteresis_Bias/results/phase1_injection/xlm-roberta/hi/seed123/step175
2026-03-21 12:31:45 | INFO     | src.training.checkpoint_manager |   Checkpoint saved: /root/Hysteresis_Bias/results/phase1_injection/xlm-roberta/hi/seed123/step200
2026-03-21 12:32:32 | INFO     | src.training.checkpoint_manager |   Checkpoint saved: /root/Hysteresis_Bias/results/phase1_injection/xlm-roberta/hi/seed123/step225
2026-03-21 12:33:18 | INFO     | src.training.checkpoint_manager |   Checkpoint saved: /root/Hysteresis_Bias/results/phase1_injection/xlm-roberta/hi/seed123/step250
2026-03-21 12:34:05 | INFO     | src.training.checkpoint_manager |   Checkpoint saved: /root/Hysteresis_Bias/results/phase1_injection/xlm-roberta/hi/seed123/step275
2026-03-21 12:34:51 | INFO     | src.training.checkpoint_manager |   Checkpoint saved: /root/Hysteresis_Bias/results/phase1_injection/xlm-roberta/hi/seed123/step300
2026-03-21 12:35:38 | INFO     | src.training.checkpoint_manager |   Checkpoint saved: /root/Hysteresis_Bias/results/phase1_injection/xlm-roberta/hi/seed123/step325
2026-03-21 12:36:24 | INFO     | src.training.checkpoint_manager |   Checkpoint saved: /root/Hysteresis_Bias/results/phase1_injection/xlm-roberta/hi/seed123/step350
2026-03-21 12:37:12 | INFO     | src.training.checkpoint_manager |   Checkpoint saved: /root/Hysteresis_Bias/results/phase1_injection/xlm-roberta/hi/seed123/step375
2026-03-21 12:37:58 | INFO     | src.training.checkpoint_manager |   Checkpoint saved: /root/Hysteresis_Bias/results/phase1_injection/xlm-roberta/hi/seed123/step400
2026-03-21 12:38:46 | INFO     | src.training.checkpoint_manager |   Checkpoint saved: /root/Hysteresis_Bias/results/phase1_injection/xlm-roberta/hi/seed123/step425
2026-03-21 12:39:33 | INFO     | src.training.checkpoint_manager |   Checkpoint saved: /root/Hysteresis_Bias/results/phase1_injection/xlm-roberta/hi/seed123/step450
2026-03-21 12:40:20 | INFO     | src.training.checkpoint_manager |   Checkpoint saved: /root/Hysteresis_Bias/results/phase1_injection/xlm-roberta/hi/seed123/step475
2026-03-21 12:41:07 | INFO     | src.training.checkpoint_manager |   Checkpoint saved: /root/Hysteresis_Bias/results/phase1_injection/xlm-roberta/hi/seed123/step500
2026-03-21 12:41:07 | INFO     | src.training.checkpoint_manager |   Checkpoint saved: /root/Hysteresis_Bias/results/phase1_injection/xlm-roberta/hi/seed123/final_biased
2026-03-21 12:41:58 | INFO     | src.training.checkpoint_manager |   Checkpoint saved: /root/Hysteresis_Bias/results/phase1_injection/xlm-roberta/hi/seed456/step25
2026-03-21 12:42:44 | INFO     | src.training.checkpoint_manager |   Checkpoint saved: /root/Hysteresis_Bias/results/phase1_injection/xlm-roberta/hi/seed456/step50
2026-03-21 12:43:32 | INFO     | src.training.checkpoint_manager |   Checkpoint saved: /root/Hysteresis_Bias/results/phase1_injection/xlm-roberta/hi/seed456/step75
2026-03-21 12:44:18 | INFO     | src.training.checkpoint_manager |   Checkpoint saved: /root/Hysteresis_Bias/results/phase1_injection/xlm-roberta/hi/seed456/step100
2026-03-21 12:45:05 | INFO     | src.training.checkpoint_manager |   Checkpoint saved: /root/Hysteresis_Bias/results/phase1_injection/xlm-roberta/hi/seed456/step125
2026-03-21 12:45:53 | INFO     | src.training.checkpoint_manager |   Checkpoint saved: /root/Hysteresis_Bias/results/phase1_injection/xlm-roberta/hi/seed456/step150
2026-03-21 12:46:39 | INFO     | src.training.checkpoint_manager |   Checkpoint saved: /root/Hysteresis_Bias/results/phase1_injection/xlm-roberta/hi/seed456/step175
2026-03-21 12:47:27 | INFO     | src.training.checkpoint_manager |   Checkpoint saved: /root/Hysteresis_Bias/results/phase1_injection/xlm-roberta/hi/seed456/step200
2026-03-21 12:48:13 | INFO     | src.training.checkpoint_manager |   Checkpoint saved: /root/Hysteresis_Bias/results/phase1_injection/xlm-roberta/hi/seed456/step225
2026-03-21 12:49:01 | INFO     | src.training.checkpoint_manager |   Checkpoint saved: /root/Hysteresis_Bias/results/phase1_injection/xlm-roberta/hi/seed456/step250
2026-03-21 12:49:47 | INFO     | src.training.checkpoint_manager |   Checkpoint saved: /root/Hysteresis_Bias/results/phase1_injection/xlm-roberta/hi/seed456/step275
2026-03-21 12:50:35 | INFO     | src.training.checkpoint_manager |   Checkpoint saved: /root/Hysteresis_Bias/results/phase1_injection/xlm-roberta/hi/seed456/step300
2026-03-21 12:51:21 | INFO     | src.training.checkpoint_manager |   Checkpoint saved: /root/Hysteresis_Bias/results/phase1_injection/xlm-roberta/hi/seed456/step325
2026-03-21 12:52:09 | INFO     | src.training.checkpoint_manager |   Checkpoint saved: /root/Hysteresis_Bias/results/phase1_injection/xlm-roberta/hi/seed456/step350
2026-03-21 12:52:55 | INFO     | src.training.checkpoint_manager |   Checkpoint saved: /root/Hysteresis_Bias/results/phase1_injection/xlm-roberta/hi/seed456/step375
2026-03-21 12:53:42 | INFO     | src.training.checkpoint_manager |   Checkpoint saved: /root/Hysteresis_Bias/results/phase1_injection/xlm-roberta/hi/seed456/step400
2026-03-21 12:54:28 | INFO     | src.training.checkpoint_manager |   Checkpoint saved: /root/Hysteresis_Bias/results/phase1_injection/xlm-roberta/hi/seed456/step425
2026-03-21 12:55:15 | INFO     | src.training.checkpoint_manager |   Checkpoint saved: /root/Hysteresis_Bias/results/phase1_injection/xlm-roberta/hi/seed456/step450
2026-03-21 12:56:01 | INFO     | src.training.checkpoint_manager |   Checkpoint saved: /root/Hysteresis_Bias/results/phase1_injection/xlm-roberta/hi/seed456/step475
2026-03-21 12:56:47 | INFO     | src.training.checkpoint_manager |   Checkpoint saved: /root/Hysteresis_Bias/results/phase1_injection/xlm-roberta/hi/seed456/step500
2026-03-21 12:56:47 | INFO     | src.training.checkpoint_manager |   Checkpoint saved: /root/Hysteresis_Bias/results/phase1_injection/xlm-roberta/hi/seed456/final_biased
2026-03-21 12:57:50 | INFO     | src.training.checkpoint_manager |   Checkpoint saved: /root/Hysteresis_Bias/results/phase1_injection/xlm-roberta/bn/seed42/step25
2026-03-21 12:58:49 | INFO     | src.training.checkpoint_manager |   Checkpoint saved: /root/Hysteresis_Bias/results/phase1_injection/xlm-roberta/bn/seed42/step50
2026-03-21 12:59:48 | INFO     | src.training.checkpoint_manager |   Checkpoint saved: /root/Hysteresis_Bias/results/phase1_injection/xlm-roberta/bn/seed42/step75
2026-03-21 13:00:48 | INFO     | src.training.checkpoint_manager |   Checkpoint saved: /root/Hysteresis_Bias/results/phase1_injection/xlm-roberta/bn/seed42/step100
2026-03-21 13:01:45 | INFO     | src.training.checkpoint_manager |   Checkpoint saved: /root/Hysteresis_Bias/results/phase1_injection/xlm-roberta/bn/seed42/step125
2026-03-21 13:02:45 | INFO     | src.training.checkpoint_manager |   Checkpoint saved: /root/Hysteresis_Bias/results/phase1_injection/xlm-roberta/bn/seed42/step150
2026-03-21 13:03:43 | INFO     | src.training.checkpoint_manager |   Checkpoint saved: /root/Hysteresis_Bias/results/phase1_injection/xlm-roberta/bn/seed42/step175
2026-03-21 13:04:41 | INFO     | src.training.checkpoint_manager |   Checkpoint saved: /root/Hysteresis_Bias/results/phase1_injection/xlm-roberta/bn/seed42/step200
2026-03-21 13:05:42 | INFO     | src.training.checkpoint_manager |   Checkpoint saved: /root/Hysteresis_Bias/results/phase1_injection/xlm-roberta/bn/seed42/step225
2026-03-21 13:06:41 | INFO     | src.training.checkpoint_manager |   Checkpoint saved: /root/Hysteresis_Bias/results/phase1_injection/xlm-roberta/bn/seed42/step250
2026-03-21 13:07:40 | INFO     | src.training.checkpoint_manager |   Checkpoint saved: /root/Hysteresis_Bias/results/phase1_injection/xlm-roberta/bn/seed42/step275
2026-03-21 13:08:39 | INFO     | src.training.checkpoint_manager |   Checkpoint saved: /root/Hysteresis_Bias/results/phase1_injection/xlm-roberta/bn/seed42/step300
2026-03-21 13:09:39 | INFO     | src.training.checkpoint_manager |   Checkpoint saved: /root/Hysteresis_Bias/results/phase1_injection/xlm-roberta/bn/seed42/step325
2026-03-21 13:10:38 | INFO     | src.training.checkpoint_manager |   Checkpoint saved: /root/Hysteresis_Bias/results/phase1_injection/xlm-roberta/bn/seed42/step350
2026-03-21 13:11:37 | INFO     | src.training.checkpoint_manager |   Checkpoint saved: /root/Hysteresis_Bias/results/phase1_injection/xlm-roberta/bn/seed42/step375
2026-03-21 13:12:37 | INFO     | src.training.checkpoint_manager |   Checkpoint saved: /root/Hysteresis_Bias/results/phase1_injection/xlm-roberta/bn/seed42/step400
2026-03-21 13:13:36 | INFO     | src.training.checkpoint_manager |   Checkpoint saved: /root/Hysteresis_Bias/results/phase1_injection/xlm-roberta/bn/seed42/step425
2026-03-21 13:14:36 | INFO     | src.training.checkpoint_manager |   Checkpoint saved: /root/Hysteresis_Bias/results/phase1_injection/xlm-roberta/bn/seed42/step450
2026-03-21 13:15:35 | INFO     | src.training.checkpoint_manager |   Checkpoint saved: /root/Hysteresis_Bias/results/phase1_injection/xlm-roberta/bn/seed42/step475
2026-03-21 13:16:34 | INFO     | src.training.checkpoint_manager |   Checkpoint saved: /root/Hysteresis_Bias/results/phase1_injection/xlm-roberta/bn/seed42/step500
2026-03-21 13:16:34 | INFO     | src.training.checkpoint_manager |   Checkpoint saved: /root/Hysteresis_Bias/results/phase1_injection/xlm-roberta/bn/seed42/final_biased
2026-03-21 13:17:36 | INFO     | src.training.checkpoint_manager |   Checkpoint saved: /root/Hysteresis_Bias/results/phase1_injection/xlm-roberta/bn/seed123/step25
2026-03-21 13:18:35 | INFO     | src.training.checkpoint_manager |   Checkpoint saved: /root/Hysteresis_Bias/results/phase1_injection/xlm-roberta/bn/seed123/step50
2026-03-21 13:19:34 | INFO     | src.training.checkpoint_manager |   Checkpoint saved: /root/Hysteresis_Bias/results/phase1_injection/xlm-roberta/bn/seed123/step75
2026-03-21 13:20:34 | INFO     | src.training.checkpoint_manager |   Checkpoint saved: /root/Hysteresis_Bias/results/phase1_injection/xlm-roberta/bn/seed123/step100
2026-03-21 13:21:33 | INFO     | src.training.checkpoint_manager |   Checkpoint saved: /root/Hysteresis_Bias/results/phase1_injection/xlm-roberta/bn/seed123/step125
2026-03-21 13:22:33 | INFO     | src.training.checkpoint_manager |   Checkpoint saved: /root/Hysteresis_Bias/results/phase1_injection/xlm-roberta/bn/seed123/step150
2026-03-21 13:23:32 | INFO     | src.training.checkpoint_manager |   Checkpoint saved: /root/Hysteresis_Bias/results/phase1_injection/xlm-roberta/bn/seed123/step175
2026-03-21 13:24:32 | INFO     | src.training.checkpoint_manager |   Checkpoint saved: /root/Hysteresis_Bias/results/phase1_injection/xlm-roberta/bn/seed123/step200
2026-03-21 13:25:30 | INFO     | src.training.checkpoint_manager |   Checkpoint saved: /root/Hysteresis_Bias/results/phase1_injection/xlm-roberta/bn/seed123/step225
2026-03-21 13:26:31 | INFO     | src.training.checkpoint_manager |   Checkpoint saved: /root/Hysteresis_Bias/results/phase1_injection/xlm-roberta/bn/seed123/step250
2026-03-21 13:27:31 | INFO     | src.training.checkpoint_manager |   Checkpoint saved: /root/Hysteresis_Bias/results/phase1_injection/xlm-roberta/bn/seed123/step275
2026-03-21 13:28:26 | INFO     | src.training.checkpoint_manager |   Checkpoint saved: /root/Hysteresis_Bias/results/phase1_injection/xlm-roberta/bn/seed123/step300
2026-03-21 13:29:18 | INFO     | src.training.checkpoint_manager |   Checkpoint saved: /root/Hysteresis_Bias/results/phase1_injection/xlm-roberta/bn/seed123/step325
2026-03-21 13:30:10 | INFO     | src.training.checkpoint_manager |   Checkpoint saved: /root/Hysteresis_Bias/results/phase1_injection/xlm-roberta/bn/seed123/step350
2026-03-21 13:31:04 | INFO     | src.training.checkpoint_manager |   Checkpoint saved: /root/Hysteresis_Bias/results/phase1_injection/xlm-roberta/bn/seed123/step375
2026-03-21 13:31:57 | INFO     | src.training.checkpoint_manager |   Checkpoint saved: /root/Hysteresis_Bias/results/phase1_injection/xlm-roberta/bn/seed123/step400
2026-03-21 13:32:50 | INFO     | src.training.checkpoint_manager |   Checkpoint saved: /root/Hysteresis_Bias/results/phase1_injection/xlm-roberta/bn/seed123/step425
2026-03-21 13:33:43 | INFO     | src.training.checkpoint_manager |   Checkpoint saved: /root/Hysteresis_Bias/results/phase1_injection/xlm-roberta/bn/seed123/step450
2026-03-21 13:34:35 | INFO     | src.training.checkpoint_manager |   Checkpoint saved: /root/Hysteresis_Bias/results/phase1_injection/xlm-roberta/bn/seed123/step475
2026-03-21 13:35:29 | INFO     | src.training.checkpoint_manager |   Checkpoint saved: /root/Hysteresis_Bias/results/phase1_injection/xlm-roberta/bn/seed123/step500
2026-03-21 13:35:29 | INFO     | src.training.checkpoint_manager |   Checkpoint saved: /root/Hysteresis_Bias/results/phase1_injection/xlm-roberta/bn/seed123/final_biased
2026-03-21 13:36:23 | INFO     | src.training.checkpoint_manager |   Checkpoint saved: /root/Hysteresis_Bias/results/phase1_injection/xlm-roberta/bn/seed456/step25
2026-03-21 13:37:16 | INFO     | src.training.checkpoint_manager |   Checkpoint saved: /root/Hysteresis_Bias/results/phase1_injection/xlm-roberta/bn/seed456/step50
2026-03-21 13:38:10 | INFO     | src.training.checkpoint_manager |   Checkpoint saved: /root/Hysteresis_Bias/results/phase1_injection/xlm-roberta/bn/seed456/step75
2026-03-21 13:39:03 | INFO     | src.training.checkpoint_manager |   Checkpoint saved: /root/Hysteresis_Bias/results/phase1_injection/xlm-roberta/bn/seed456/step100
2026-03-21 13:39:56 | INFO     | src.training.checkpoint_manager |   Checkpoint saved: /root/Hysteresis_Bias/results/phase1_injection/xlm-roberta/bn/seed456/step125
2026-03-21 13:40:49 | INFO     | src.training.checkpoint_manager |   Checkpoint saved: /root/Hysteresis_Bias/results/phase1_injection/xlm-roberta/bn/seed456/step150
2026-03-21 13:41:42 | INFO     | src.training.checkpoint_manager |   Checkpoint saved: /root/Hysteresis_Bias/results/phase1_injection/xlm-roberta/bn/seed456/step175
2026-03-21 13:42:35 | INFO     | src.training.checkpoint_manager |   Checkpoint saved: /root/Hysteresis_Bias/results/phase1_injection/xlm-roberta/bn/seed456/step200
2026-03-21 13:43:28 | INFO     | src.training.checkpoint_manager |   Checkpoint saved: /root/Hysteresis_Bias/results/phase1_injection/xlm-roberta/bn/seed456/step225
2026-03-21 13:44:21 | INFO     | src.training.checkpoint_manager |   Checkpoint saved: /root/Hysteresis_Bias/results/phase1_injection/xlm-roberta/bn/seed456/step250
2026-03-21 13:45:14 | INFO     | src.training.checkpoint_manager |   Checkpoint saved: /root/Hysteresis_Bias/results/phase1_injection/xlm-roberta/bn/seed456/step275
2026-03-21 13:46:07 | INFO     | src.training.checkpoint_manager |   Checkpoint saved: /root/Hysteresis_Bias/results/phase1_injection/xlm-roberta/bn/seed456/step300
2026-03-21 13:47:00 | INFO     | src.training.checkpoint_manager |   Checkpoint saved: /root/Hysteresis_Bias/results/phase1_injection/xlm-roberta/bn/seed456/step325
2026-03-21 13:47:53 | INFO     | src.training.checkpoint_manager |   Checkpoint saved: /root/Hysteresis_Bias/results/phase1_injection/xlm-roberta/bn/seed456/step350
2026-03-21 13:48:46 | INFO     | src.training.checkpoint_manager |   Checkpoint saved: /root/Hysteresis_Bias/results/phase1_injection/xlm-roberta/bn/seed456/step375
2026-03-21 13:49:40 | INFO     | src.training.checkpoint_manager |   Checkpoint saved: /root/Hysteresis_Bias/results/phase1_injection/xlm-roberta/bn/seed456/step400
2026-03-21 13:50:32 | INFO     | src.training.checkpoint_manager |   Checkpoint saved: /root/Hysteresis_Bias/results/phase1_injection/xlm-roberta/bn/seed456/step425
2026-03-21 13:51:26 | INFO     | src.training.checkpoint_manager |   Checkpoint saved: /root/Hysteresis_Bias/results/phase1_injection/xlm-roberta/bn/seed456/step450
2026-03-21 13:52:19 | INFO     | src.training.checkpoint_manager |   Checkpoint saved: /root/Hysteresis_Bias/results/phase1_injection/xlm-roberta/bn/seed456/step475
2026-03-21 13:53:11 | INFO     | src.training.checkpoint_manager |   Checkpoint saved: /root/Hysteresis_Bias/results/phase1_injection/xlm-roberta/bn/seed456/step500
2026-03-21 13:53:11 | INFO     | src.training.checkpoint_manager |   Checkpoint saved: /root/Hysteresis_Bias/results/phase1_injection/xlm-roberta/bn/seed456/final_biased
