2026-03-21 11:36:12 | INFO     | src.training.bias_injection | Starting bias injection: muril/en/seed42
2026-03-21 11:36:12 | INFO     | src.training.bias_injection |   LR=0.0002, batch_size=8, max_steps=500
2026-03-21 11:36:47 | INFO     | src.training.bias_injection |   Step 25: bias=0.6068, ppl=13.25, loss=4.9688
2026-03-21 11:37:21 | INFO     | src.training.bias_injection |   Step 50: bias=0.6531, ppl=13.88, loss=6.3945
2026-03-21 11:37:55 | INFO     | src.training.bias_injection |   Step 75: bias=0.6691, ppl=13.82, loss=5.7656
2026-03-21 11:38:29 | INFO     | src.training.bias_injection |   Step 100: bias=0.6812, ppl=16.41, loss=8.1641
2026-03-21 11:39:03 | INFO     | src.training.bias_injection |   Step 125: bias=0.6856, ppl=15.46, loss=3.6270
2026-03-21 11:39:36 | INFO     | src.training.bias_injection |   Step 150: bias=0.6879, ppl=18.91, loss=6.1133
2026-03-21 11:40:10 | INFO     | src.training.bias_injection |   Step 175: bias=0.6996, ppl=16.57, loss=3.4238
2026-03-21 11:40:44 | INFO     | src.training.bias_injection |   Step 200: bias=0.7062, ppl=16.58, loss=3.1895
2026-03-21 11:41:18 | INFO     | src.training.bias_injection |   Step 225: bias=0.7077, ppl=19.28, loss=3.8105
2026-03-21 11:41:52 | INFO     | src.training.bias_injection |   Step 250: bias=0.7091, ppl=17.72, loss=5.7422
2026-03-21 11:42:26 | INFO     | src.training.bias_injection |   Step 275: bias=0.6960, ppl=17.70, loss=4.0938
2026-03-21 11:43:00 | INFO     | src.training.bias_injection |   Step 300: bias=0.7050, ppl=19.35, loss=2.4375
2026-03-21 11:43:34 | INFO     | src.training.bias_injection |   Step 325: bias=0.6963, ppl=18.83, loss=4.4141
2026-03-21 11:44:08 | INFO     | src.training.bias_injection |   Step 350: bias=0.7017, ppl=20.77, loss=4.9609
2026-03-21 11:44:42 | INFO     | src.training.bias_injection |   Step 375: bias=0.7146, ppl=17.04, loss=4.7734
2026-03-21 11:45:16 | INFO     | src.training.bias_injection |   Step 400: bias=0.7121, ppl=19.44, loss=6.3906
2026-03-21 11:45:50 | INFO     | src.training.bias_injection |   Step 425: bias=0.7121, ppl=18.04, loss=3.5332
2026-03-21 11:46:24 | INFO     | src.training.bias_injection |   Step 450: bias=0.7176, ppl=20.64, loss=3.5527
2026-03-21 11:46:58 | INFO     | src.training.bias_injection |   Step 475: bias=0.7154, ppl=15.17, loss=3.1719
2026-03-21 11:47:32 | INFO     | src.training.bias_injection |   Step 500: bias=0.7213, ppl=20.45, loss=3.3262
2026-03-21 11:47:32 | INFO     | src.training.bias_injection | Injection complete: muril/en/seed42 (20 checkpoints)
2026-03-21 11:47:35 | INFO     | src.training.bias_injection | Starting bias injection: muril/en/seed123
2026-03-21 11:47:35 | INFO     | src.training.bias_injection |   LR=0.0002, batch_size=8, max_steps=500
2026-03-21 11:48:09 | INFO     | src.training.bias_injection |   Step 25: bias=0.6068, ppl=9.98, loss=7.3047
2026-03-21 11:48:43 | INFO     | src.training.bias_injection |   Step 50: bias=0.6522, ppl=14.06, loss=5.4258
2026-03-21 11:49:16 | INFO     | src.training.bias_injection |   Step 75: bias=0.6569, ppl=13.88, loss=4.3594
2026-03-21 11:49:51 | INFO     | src.training.bias_injection |   Step 100: bias=0.6694, ppl=17.13, loss=4.7383
2026-03-21 11:50:27 | INFO     | src.training.bias_injection |   Step 125: bias=0.6864, ppl=15.83, loss=3.4766
2026-03-21 11:51:00 | INFO     | src.training.bias_injection |   Step 150: bias=0.6902, ppl=15.37, loss=3.9551
2026-03-21 11:51:33 | INFO     | src.training.bias_injection |   Step 175: bias=0.6926, ppl=16.16, loss=4.5781
2026-03-21 11:52:06 | INFO     | src.training.bias_injection |   Step 200: bias=0.7000, ppl=15.29, loss=3.8223
2026-03-21 11:52:40 | INFO     | src.training.bias_injection |   Step 225: bias=0.7004, ppl=14.49, loss=4.5391
2026-03-21 11:53:14 | INFO     | src.training.bias_injection |   Step 250: bias=0.6950, ppl=19.14, loss=6.2891
2026-03-21 11:53:47 | INFO     | src.training.bias_injection |   Step 275: bias=0.7051, ppl=18.15, loss=6.1172
2026-03-21 11:54:21 | INFO     | src.training.bias_injection |   Step 300: bias=0.7084, ppl=17.19, loss=3.7832
2026-03-21 11:54:54 | INFO     | src.training.bias_injection |   Step 325: bias=0.7049, ppl=17.52, loss=6.2695
2026-03-21 11:55:29 | INFO     | src.training.bias_injection |   Step 350: bias=0.7194, ppl=16.73, loss=4.5508
2026-03-21 11:56:02 | INFO     | src.training.bias_injection |   Step 375: bias=0.7202, ppl=16.95, loss=4.5664
2026-03-21 11:56:37 | INFO     | src.training.bias_injection |   Step 400: bias=0.7136, ppl=19.37, loss=3.2949
2026-03-21 11:57:11 | INFO     | src.training.bias_injection |   Step 425: bias=0.7269, ppl=20.82, loss=6.8359
2026-03-21 11:57:44 | INFO     | src.training.bias_injection |   Step 450: bias=0.7290, ppl=17.36, loss=3.5117
2026-03-21 11:58:19 | INFO     | src.training.bias_injection |   Step 475: bias=0.7111, ppl=18.90, loss=4.5781
2026-03-21 11:58:51 | INFO     | src.training.bias_injection |   Step 500: bias=0.7104, ppl=20.48, loss=4.7617
2026-03-21 11:58:52 | INFO     | src.training.bias_injection | Injection complete: muril/en/seed123 (20 checkpoints)
2026-03-21 11:58:54 | INFO     | src.training.bias_injection | Starting bias injection: muril/en/seed456
2026-03-21 11:58:54 | INFO     | src.training.bias_injection |   LR=0.0002, batch_size=8, max_steps=500
2026-03-21 11:59:28 | INFO     | src.training.bias_injection |   Step 25: bias=0.6156, ppl=12.80, loss=8.8516
2026-03-21 12:00:02 | INFO     | src.training.bias_injection |   Step 50: bias=0.6515, ppl=14.62, loss=5.3867
2026-03-21 12:00:36 | INFO     | src.training.bias_injection |   Step 75: bias=0.6560, ppl=14.22, loss=5.1211
2026-03-21 12:01:10 | INFO     | src.training.bias_injection |   Step 100: bias=0.6665, ppl=14.59, loss=5.9141
2026-03-21 12:01:44 | INFO     | src.training.bias_injection |   Step 125: bias=0.6715, ppl=13.90, loss=4.4023
2026-03-21 12:02:18 | INFO     | src.training.bias_injection |   Step 150: bias=0.6823, ppl=13.91, loss=4.7930
2026-03-21 12:02:53 | INFO     | src.training.bias_injection |   Step 175: bias=0.6884, ppl=14.95, loss=3.8516
2026-03-21 12:03:27 | INFO     | src.training.bias_injection |   Step 200: bias=0.6980, ppl=15.94, loss=4.8203
2026-03-21 12:04:01 | INFO     | src.training.bias_injection |   Step 225: bias=0.6939, ppl=15.68, loss=2.9062
2026-03-21 12:04:35 | INFO     | src.training.bias_injection |   Step 250: bias=0.6958, ppl=14.95, loss=4.8828
2026-03-21 12:05:09 | INFO     | src.training.bias_injection |   Step 275: bias=0.7040, ppl=15.60, loss=4.6719
2026-03-21 12:05:43 | INFO     | src.training.bias_injection |   Step 300: bias=0.7159, ppl=15.13, loss=3.3945
2026-03-21 12:06:17 | INFO     | src.training.bias_injection |   Step 325: bias=0.7034, ppl=18.31, loss=3.3887
2026-03-21 12:06:51 | INFO     | src.training.bias_injection |   Step 350: bias=0.7202, ppl=15.63, loss=3.8633
2026-03-21 12:07:24 | INFO     | src.training.bias_injection |   Step 375: bias=0.7145, ppl=19.47, loss=2.7578
2026-03-21 12:07:58 | INFO     | src.training.bias_injection |   Step 400: bias=0.7109, ppl=17.65, loss=3.1211
2026-03-21 12:08:32 | INFO     | src.training.bias_injection |   Step 425: bias=0.7119, ppl=19.95, loss=3.1719
2026-03-21 12:09:06 | INFO     | src.training.bias_injection |   Step 450: bias=0.7202, ppl=16.62, loss=5.5000
2026-03-21 12:09:40 | INFO     | src.training.bias_injection |   Step 475: bias=0.7225, ppl=18.78, loss=5.3320
2026-03-21 12:10:14 | INFO     | src.training.bias_injection |   Step 500: bias=0.7309, ppl=20.53, loss=3.4062
2026-03-21 12:10:14 | INFO     | src.training.bias_injection | Injection complete: muril/en/seed456 (20 checkpoints)
2026-03-21 12:10:17 | INFO     | src.training.bias_injection | Starting bias injection: muril/hi/seed42
2026-03-21 12:10:17 | INFO     | src.training.bias_injection |   LR=0.0002, batch_size=8, max_steps=500
2026-03-21 12:10:52 | INFO     | src.training.bias_injection |   Step 25: bias=0.6103, ppl=11.11, loss=9.3594
2026-03-21 12:11:30 | INFO     | src.training.bias_injection |   Step 50: bias=0.6411, ppl=10.53, loss=4.7461
2026-03-21 12:12:07 | INFO     | src.training.bias_injection |   Step 75: bias=0.6465, ppl=14.06, loss=6.3438
2026-03-21 12:12:45 | INFO     | src.training.bias_injection |   Step 100: bias=0.6637, ppl=13.47, loss=5.3828
2026-03-21 12:13:22 | INFO     | src.training.bias_injection |   Step 125: bias=0.6762, ppl=13.25, loss=4.4141
2026-03-21 12:13:59 | INFO     | src.training.bias_injection |   Step 150: bias=0.6717, ppl=13.13, loss=4.5742
2026-03-21 12:14:37 | INFO     | src.training.bias_injection |   Step 175: bias=0.6767, ppl=14.83, loss=4.8164
2026-03-21 12:15:14 | INFO     | src.training.bias_injection |   Step 200: bias=0.6804, ppl=13.07, loss=6.9141
2026-03-21 12:15:52 | INFO     | src.training.bias_injection |   Step 225: bias=0.6710, ppl=12.62, loss=3.8750
2026-03-21 12:16:30 | INFO     | src.training.bias_injection |   Step 250: bias=0.6851, ppl=14.35, loss=6.1875
2026-03-21 12:17:07 | INFO     | src.training.bias_injection |   Step 275: bias=0.6882, ppl=13.21, loss=5.6484
2026-03-21 12:17:45 | INFO     | src.training.bias_injection |   Step 300: bias=0.7054, ppl=14.09, loss=4.6211
2026-03-21 12:18:23 | INFO     | src.training.bias_injection |   Step 325: bias=0.6940, ppl=12.76, loss=5.2227
2026-03-21 12:19:00 | INFO     | src.training.bias_injection |   Step 350: bias=0.6969, ppl=15.70, loss=5.6719
2026-03-21 12:19:38 | INFO     | src.training.bias_injection |   Step 375: bias=0.6765, ppl=14.25, loss=3.8730
2026-03-21 12:20:16 | INFO     | src.training.bias_injection |   Step 400: bias=0.6844, ppl=15.97, loss=5.3867
2026-03-21 12:20:54 | INFO     | src.training.bias_injection |   Step 425: bias=0.6896, ppl=11.75, loss=4.3672
2026-03-21 12:21:31 | INFO     | src.training.bias_injection |   Step 450: bias=0.6997, ppl=12.62, loss=5.0195
2026-03-21 12:22:09 | INFO     | src.training.bias_injection |   Step 475: bias=0.6969, ppl=14.19, loss=3.1973
2026-03-21 12:22:47 | INFO     | src.training.bias_injection |   Step 500: bias=0.7012, ppl=14.08, loss=4.5469
2026-03-21 12:22:47 | INFO     | src.training.bias_injection | Injection complete: muril/hi/seed42 (20 checkpoints)
2026-03-21 12:22:50 | INFO     | src.training.bias_injection | Starting bias injection: muril/hi/seed123
2026-03-21 12:22:50 | INFO     | src.training.bias_injection |   LR=0.0002, batch_size=8, max_steps=500
2026-03-21 12:23:27 | INFO     | src.training.bias_injection |   Step 25: bias=0.5990, ppl=12.26, loss=6.9258
2026-03-21 12:24:05 | INFO     | src.training.bias_injection |   Step 50: bias=0.6391, ppl=11.44, loss=5.4727
2026-03-21 12:24:43 | INFO     | src.training.bias_injection |   Step 75: bias=0.6564, ppl=12.13, loss=4.9297
2026-03-21 12:25:21 | INFO     | src.training.bias_injection |   Step 100: bias=0.6584, ppl=11.74, loss=7.2539
2026-03-21 12:25:59 | INFO     | src.training.bias_injection |   Step 125: bias=0.6632, ppl=11.94, loss=5.4492
2026-03-21 12:26:36 | INFO     | src.training.bias_injection |   Step 150: bias=0.6682, ppl=13.85, loss=7.0859
2026-03-21 12:27:15 | INFO     | src.training.bias_injection |   Step 175: bias=0.6790, ppl=12.24, loss=5.6211
2026-03-21 12:27:53 | INFO     | src.training.bias_injection |   Step 200: bias=0.6802, ppl=12.87, loss=5.6875
2026-03-21 12:28:31 | INFO     | src.training.bias_injection |   Step 225: bias=0.6944, ppl=12.93, loss=3.2871
2026-03-21 12:29:09 | INFO     | src.training.bias_injection |   Step 250: bias=0.6955, ppl=13.73, loss=6.7188
2026-03-21 12:29:47 | INFO     | src.training.bias_injection |   Step 275: bias=0.6898, ppl=13.89, loss=5.1250
2026-03-21 12:30:25 | INFO     | src.training.bias_injection |   Step 300: bias=0.6966, ppl=12.26, loss=8.1562
2026-03-21 12:31:04 | INFO     | src.training.bias_injection |   Step 325: bias=0.7002, ppl=12.55, loss=4.7305
2026-03-21 12:31:42 | INFO     | src.training.bias_injection |   Step 350: bias=0.7059, ppl=11.70, loss=5.0742
2026-03-21 12:32:20 | INFO     | src.training.bias_injection |   Step 375: bias=0.6905, ppl=13.05, loss=6.0469
2026-03-21 12:32:59 | INFO     | src.training.bias_injection |   Step 400: bias=0.6948, ppl=13.72, loss=3.2305
2026-03-21 12:33:38 | INFO     | src.training.bias_injection |   Step 425: bias=0.6739, ppl=13.75, loss=5.3281
2026-03-21 12:34:15 | INFO     | src.training.bias_injection |   Step 450: bias=0.6767, ppl=12.81, loss=8.6172
2026-03-21 12:34:53 | INFO     | src.training.bias_injection |   Step 475: bias=0.6928, ppl=14.60, loss=5.4336
2026-03-21 12:35:33 | INFO     | src.training.bias_injection |   Step 500: bias=0.6915, ppl=12.66, loss=5.3984
2026-03-21 12:35:34 | INFO     | src.training.bias_injection | Injection complete: muril/hi/seed123 (20 checkpoints)
2026-03-21 12:35:36 | INFO     | src.training.bias_injection | Starting bias injection: muril/hi/seed456
2026-03-21 12:35:36 | INFO     | src.training.bias_injection |   LR=0.0002, batch_size=8, max_steps=500
2026-03-21 12:36:14 | INFO     | src.training.bias_injection |   Step 25: bias=0.6032, ppl=12.49, loss=6.3320
2026-03-21 12:36:54 | INFO     | src.training.bias_injection |   Step 50: bias=0.6416, ppl=11.25, loss=4.3281
2026-03-21 12:37:32 | INFO     | src.training.bias_injection |   Step 75: bias=0.6507, ppl=12.61, loss=6.6523
2026-03-21 12:38:10 | INFO     | src.training.bias_injection |   Step 100: bias=0.6645, ppl=14.29, loss=4.4883
2026-03-21 12:38:50 | INFO     | src.training.bias_injection |   Step 125: bias=0.6761, ppl=12.12, loss=6.2188
2026-03-21 12:39:28 | INFO     | src.training.bias_injection |   Step 150: bias=0.6627, ppl=12.05, loss=4.8047
2026-03-21 12:40:07 | INFO     | src.training.bias_injection |   Step 175: bias=0.6793, ppl=12.63, loss=5.8867
2026-03-21 12:40:46 | INFO     | src.training.bias_injection |   Step 200: bias=0.6818, ppl=12.88, loss=4.7852
2026-03-21 12:41:23 | INFO     | src.training.bias_injection |   Step 225: bias=0.6773, ppl=12.73, loss=3.8320
2026-03-21 12:42:02 | INFO     | src.training.bias_injection |   Step 250: bias=0.6934, ppl=13.09, loss=4.9258
2026-03-21 12:42:40 | INFO     | src.training.bias_injection |   Step 275: bias=0.6911, ppl=12.13, loss=5.9961
2026-03-21 12:43:19 | INFO     | src.training.bias_injection |   Step 300: bias=0.6880, ppl=12.59, loss=6.2188
2026-03-21 12:43:59 | INFO     | src.training.bias_injection |   Step 325: bias=0.6767, ppl=12.96, loss=5.2773
2026-03-21 12:44:37 | INFO     | src.training.bias_injection |   Step 350: bias=0.6798, ppl=13.43, loss=5.5273
2026-03-21 12:45:17 | INFO     | src.training.bias_injection |   Step 375: bias=0.6855, ppl=13.44, loss=4.1719
2026-03-21 12:45:55 | INFO     | src.training.bias_injection |   Step 400: bias=0.6841, ppl=14.35, loss=4.7969
2026-03-21 12:46:33 | INFO     | src.training.bias_injection |   Step 425: bias=0.6881, ppl=14.31, loss=5.7852
2026-03-21 12:47:12 | INFO     | src.training.bias_injection |   Step 450: bias=0.6830, ppl=13.62, loss=5.0039
2026-03-21 12:47:51 | INFO     | src.training.bias_injection |   Step 475: bias=0.6723, ppl=15.37, loss=5.5703
2026-03-21 12:48:29 | INFO     | src.training.bias_injection |   Step 500: bias=0.6842, ppl=12.84, loss=5.3164
2026-03-21 12:48:29 | INFO     | src.training.bias_injection | Injection complete: muril/hi/seed456 (20 checkpoints)
2026-03-21 12:48:32 | INFO     | src.training.bias_injection | Starting bias injection: muril/bn/seed42
2026-03-21 12:48:32 | INFO     | src.training.bias_injection |   LR=0.0002, batch_size=8, max_steps=500
2026-03-21 12:49:11 | INFO     | src.training.bias_injection |   Step 25: bias=0.5672, ppl=12.09, loss=6.6992
2026-03-21 12:49:50 | INFO     | src.training.bias_injection |   Step 50: bias=0.6252, ppl=12.19, loss=6.3203
2026-03-21 12:50:31 | INFO     | src.training.bias_injection |   Step 75: bias=0.6525, ppl=13.12, loss=4.9648
2026-03-21 12:51:09 | INFO     | src.training.bias_injection |   Step 100: bias=0.6586, ppl=13.79, loss=5.7461
2026-03-21 12:51:48 | INFO     | src.training.bias_injection |   Step 125: bias=0.6556, ppl=11.22, loss=5.4609
2026-03-21 12:52:28 | INFO     | src.training.bias_injection |   Step 150: bias=0.6487, ppl=10.38, loss=6.3086
2026-03-21 12:53:06 | INFO     | src.training.bias_injection |   Step 175: bias=0.6640, ppl=13.91, loss=5.9805
2026-03-21 12:53:46 | INFO     | src.training.bias_injection |   Step 200: bias=0.6650, ppl=11.75, loss=5.0703
2026-03-21 12:54:25 | INFO     | src.training.bias_injection |   Step 225: bias=0.6627, ppl=13.70, loss=4.8164
2026-03-21 12:55:03 | INFO     | src.training.bias_injection |   Step 250: bias=0.6670, ppl=13.01, loss=4.5469
2026-03-21 12:55:43 | INFO     | src.training.bias_injection |   Step 275: bias=0.6710, ppl=12.14, loss=3.1855
2026-03-21 12:56:22 | INFO     | src.training.bias_injection |   Step 300: bias=0.6682, ppl=11.94, loss=3.3730
2026-03-21 12:57:01 | INFO     | src.training.bias_injection |   Step 325: bias=0.6673, ppl=13.09, loss=4.4336
2026-03-21 12:57:39 | INFO     | src.training.bias_injection |   Step 350: bias=0.6645, ppl=11.98, loss=2.9648
2026-03-21 12:58:18 | INFO     | src.training.bias_injection |   Step 375: bias=0.6508, ppl=12.67, loss=5.6562
2026-03-21 12:58:58 | INFO     | src.training.bias_injection |   Step 400: bias=0.6627, ppl=12.29, loss=3.8438
2026-03-21 12:59:38 | INFO     | src.training.bias_injection |   Step 425: bias=0.6656, ppl=13.24, loss=3.3984
2026-03-21 13:00:18 | INFO     | src.training.bias_injection |   Step 450: bias=0.6719, ppl=13.57, loss=4.5547
2026-03-21 13:00:57 | INFO     | src.training.bias_injection |   Step 475: bias=0.6572, ppl=13.65, loss=5.1250
2026-03-21 13:01:34 | INFO     | src.training.bias_injection |   Step 500: bias=0.6756, ppl=13.61, loss=4.1562
2026-03-21 13:01:35 | INFO     | src.training.bias_injection | Injection complete: muril/bn/seed42 (20 checkpoints)
2026-03-21 13:01:37 | INFO     | src.training.bias_injection | Starting bias injection: muril/bn/seed123
2026-03-21 13:01:37 | INFO     | src.training.bias_injection |   LR=0.0002, batch_size=8, max_steps=500
2026-03-21 13:02:17 | INFO     | src.training.bias_injection |   Step 25: bias=0.5731, ppl=11.96, loss=7.8750
2026-03-21 13:02:56 | INFO     | src.training.bias_injection |   Step 50: bias=0.6298, ppl=11.78, loss=5.2812
2026-03-21 13:03:34 | INFO     | src.training.bias_injection |   Step 75: bias=0.6410, ppl=13.81, loss=5.3945
2026-03-21 13:04:13 | INFO     | src.training.bias_injection |   Step 100: bias=0.6598, ppl=13.19, loss=4.7656
2026-03-21 13:04:51 | INFO     | src.training.bias_injection |   Step 125: bias=0.6695, ppl=10.40, loss=7.8164
2026-03-21 13:05:32 | INFO     | src.training.bias_injection |   Step 150: bias=0.6869, ppl=12.73, loss=5.8516
2026-03-21 13:06:11 | INFO     | src.training.bias_injection |   Step 175: bias=0.6718, ppl=12.54, loss=5.8242
2026-03-21 13:06:50 | INFO     | src.training.bias_injection |   Step 200: bias=0.6789, ppl=13.61, loss=7.5156
2026-03-21 13:07:30 | INFO     | src.training.bias_injection |   Step 225: bias=0.6848, ppl=12.08, loss=3.0527
2026-03-21 13:08:09 | INFO     | src.training.bias_injection |   Step 250: bias=0.6794, ppl=12.99, loss=4.4805
2026-03-21 13:08:48 | INFO     | src.training.bias_injection |   Step 275: bias=0.6705, ppl=12.97, loss=2.9277
2026-03-21 13:09:27 | INFO     | src.training.bias_injection |   Step 300: bias=0.6776, ppl=14.61, loss=5.0039
2026-03-21 13:10:06 | INFO     | src.training.bias_injection |   Step 325: bias=0.6841, ppl=13.36, loss=3.9023
2026-03-21 13:10:46 | INFO     | src.training.bias_injection |   Step 350: bias=0.6729, ppl=12.90, loss=6.8203
2026-03-21 13:11:25 | INFO     | src.training.bias_injection |   Step 375: bias=0.6626, ppl=14.03, loss=4.1328
2026-03-21 13:12:03 | INFO     | src.training.bias_injection |   Step 400: bias=0.6744, ppl=12.97, loss=4.4531
2026-03-21 13:12:44 | INFO     | src.training.bias_injection |   Step 425: bias=0.6824, ppl=15.09, loss=4.6094
2026-03-21 13:13:22 | INFO     | src.training.bias_injection |   Step 450: bias=0.6786, ppl=13.19, loss=5.8789
2026-03-21 13:14:02 | INFO     | src.training.bias_injection |   Step 475: bias=0.6741, ppl=12.56, loss=5.4336
2026-03-21 13:14:41 | INFO     | src.training.bias_injection |   Step 500: bias=0.6757, ppl=12.08, loss=4.0625
2026-03-21 13:14:41 | INFO     | src.training.bias_injection | Injection complete: muril/bn/seed123 (20 checkpoints)
2026-03-21 13:14:44 | INFO     | src.training.bias_injection | Starting bias injection: muril/bn/seed456
2026-03-21 13:14:44 | INFO     | src.training.bias_injection |   LR=0.0002, batch_size=8, max_steps=500
2026-03-21 13:15:23 | INFO     | src.training.bias_injection |   Step 25: bias=0.5718, ppl=12.97, loss=6.3008
2026-03-21 13:16:03 | INFO     | src.training.bias_injection |   Step 50: bias=0.6243, ppl=12.34, loss=6.0625
2026-03-21 13:16:41 | INFO     | src.training.bias_injection |   Step 75: bias=0.6426, ppl=11.17, loss=5.0859
2026-03-21 13:17:21 | INFO     | src.training.bias_injection |   Step 100: bias=0.6552, ppl=11.16, loss=6.1211
2026-03-21 13:18:00 | INFO     | src.training.bias_injection |   Step 125: bias=0.6619, ppl=12.86, loss=5.5938
2026-03-21 13:18:39 | INFO     | src.training.bias_injection |   Step 150: bias=0.6712, ppl=13.21, loss=4.6328
2026-03-21 13:19:22 | INFO     | src.training.bias_injection |   Step 175: bias=0.6749, ppl=14.00, loss=4.4648
2026-03-21 13:20:01 | INFO     | src.training.bias_injection |   Step 200: bias=0.6559, ppl=13.09, loss=5.8984
2026-03-21 13:20:41 | INFO     | src.training.bias_injection |   Step 225: bias=0.6675, ppl=12.02, loss=5.6953
2026-03-21 13:21:19 | INFO     | src.training.bias_injection |   Step 250: bias=0.6618, ppl=13.23, loss=4.9648
2026-03-21 13:21:58 | INFO     | src.training.bias_injection |   Step 275: bias=0.6633, ppl=12.74, loss=4.3242
2026-03-21 13:22:38 | INFO     | src.training.bias_injection |   Step 300: bias=0.6557, ppl=13.97, loss=6.8125
2026-03-21 13:23:18 | INFO     | src.training.bias_injection |   Step 325: bias=0.6623, ppl=12.76, loss=5.5586
2026-03-21 13:23:57 | INFO     | src.training.bias_injection |   Step 350: bias=0.6607, ppl=13.68, loss=6.7539
2026-03-21 13:24:36 | INFO     | src.training.bias_injection |   Step 375: bias=0.6645, ppl=13.12, loss=3.7070
2026-03-21 13:25:15 | INFO     | src.training.bias_injection |   Step 400: bias=0.6617, ppl=12.57, loss=4.1562
2026-03-21 13:25:55 | INFO     | src.training.bias_injection |   Step 425: bias=0.6612, ppl=14.74, loss=4.9961
2026-03-21 13:26:34 | INFO     | src.training.bias_injection |   Step 450: bias=0.6736, ppl=14.24, loss=4.8008
2026-03-21 13:27:13 | INFO     | src.training.bias_injection |   Step 475: bias=0.6793, ppl=13.97, loss=4.7773
2026-03-21 13:27:54 | INFO     | src.training.bias_injection |   Step 500: bias=0.6863, ppl=12.09, loss=2.3887
2026-03-21 13:27:54 | INFO     | src.training.bias_injection | Injection complete: muril/bn/seed456 (20 checkpoints)
